01-30 16:12:19.360 11288 11288 I GoogleInputMethodService: GoogleInputMethodService.onFinishInputView():1577 onFinishInputView(false)
01-30 16:12:19.360 11288 11288 I GlobeKeyExtension: GlobeKeyExtension.onDeactivate():144 
01-30 16:12:19.361 11288 11288 W TooltipLifecycleManager: TooltipLifecycleManager.dismissTooltips():153 Tooltip with id SUGGESTION_VIEW_EDU_MINI_DIALOG not found in tooltipManager.
01-30 16:12:19.362 11288 11288 I VoiceInputManagerWrapper: VoiceInputManagerWrapper.shutdown():131 shutdown()
01-30 16:12:19.364 11288 11288 I AndroidIME: AbstractIme.onDeactivate():213 PasswordIme.onDeactivate()
01-30 16:12:19.366  1040  1040 I QTI PowerHAL: Power setBoost: 0, duration: 0
01-30 16:12:19.367 11288 11288 W TooltipLifecycleManager: TooltipLifecycleManager.dismissTooltips():153 Tooltip with id undo_access_point_promotion_banner not found in tooltipManager.
01-30 16:12:19.377 11288 11288 I GoogleInputMethodService: GoogleInputMethodService.onFinishInput():2092 
01-30 16:12:19.378 11288 11288 I Module  : DeviceLockedStatusModuleProvider$Module.updateDeviceLockedStatus():103 repeatCheckTimes = 0, locked = false
01-30 16:12:19.379 11288 11288 I GoogleInputMethodService: GoogleInputMethodService.onStartInput():1349 onStartInput(EditorInfo{EditorInfo{packageName=celestemeown.app, inputType=0, inputTypeString=NULL, enableLearning=false, autoCorrection=false, autoComplete=false, imeOptions=0, privateImeOptions=null, actionName=UNSPECIFIED, actionLabel=null, initialSelStart=-1, initialSelEnd=-1, initialCapsMode=0, label=null, fieldId=-1, fieldName=null, extras=null, hintText=null, hintLocales=[]}}, false)
01-30 16:12:19.380 11288 11288 I Module  : DeviceLockedStatusModuleProvider$Module.updateDeviceLockedStatus():103 repeatCheckTimes = 1, locked = false
01-30 16:12:19.392 11288 11288 I BaseKeyboardSizeHelper: BaseKeyboardSizeHelper.calculateMaxKeyboardBodyHeight():73 leave 257 height for app when ime window height:1022, header height:98 and isFullscreenMode:false, so the max keyboard body height is:667
01-30 16:12:19.392 11288 11288 I BaseKeyboardSizeHelper: BaseKeyboardSizeHelper.calculateMaxKeyboardBodyHeight():73 leave 257 height for app when ime window height:1022, header height:98 and isFullscreenMode:false, so the max keyboard body height is:667
01-30 16:12:19.392 11288 11288 I WindowMetricsNotification: WindowMetricsNotification.notifyWithWindow():166 
01-30 16:12:19.393 11288 11288 I WindowMetricsNotification: WindowMetricsNotification.notify():159 pze[bounds=Rect(0, 58 - 2225, 1080), insets=Rect(0, 0 - 0, 0), densityDpi=384, smallestScreenWidthDp=449, displayWidth=2340, displayHeight=1080, xdpi=397.565, ydpi=393.615, isTrustable=true, displayId=0]; DisplayMetrics{density=2.4, width=2340, height=1080, scaledDensity=2.4, xdpi=397.565, ydpi=393.615}
01-30 16:12:19.432 11288 11288 W TooltipLifecycleManager: TooltipLifecycleManager.dismissTooltips():153 Tooltip with id undo_access_point_promotion_banner not found in tooltipManager.
01-30 16:12:19.484 25495 25551 W soft_error.cpp: [DGWClientConfig] : sgConnectTimeout: value 0 outside valid range [1, 120] <force_oncall:mi_client_infra:force_oncall>
01-30 16:12:19.484 25495 25551 W soft_error.cpp: [DGWClientConfig] : sgPingTimeout: value 0 outside valid range [1, 60] <force_oncall:mi_client_infra:force_oncall>
01-30 16:12:19.484 25495 25551 W soft_error.cpp: [DGWClientConfig] : tunnelConnectTimeout: value 0 outside valid range [1, 120] <force_oncall:mi_client_infra:force_oncall>
01-30 16:12:19.484 25495 25551 W soft_error.cpp: [DGWClientConfig] : tunnelConnectAckTimeout: value 0 outside valid range [1, 120] <force_oncall:mi_client_infra:force_oncall>
01-30 16:12:19.608  9123 11265 D ConnectivityService: requestNetwork for uid/pid:10344/25495 NetworkRequest [ TRACK_DEFAULT id=188, [ Capabilities: INTERNET&NOT_RESTRICTED&TRUSTED Uid: 10344 AdministratorUids: [] RequestorUid: 10344 RequestorPackageName: com.facebook.katana] ]
01-30 16:12:19.609  9123  9389 D ConnectivityService: NetReassign [188 : null → 100]
01-30 16:12:19.609  9123  9367 D MultiInternetWifiNetworkFactory: got request NetworkRequest [ TRACK_DEFAULT id=188, [ Capabilities: INTERNET&NOT_RESTRICTED&TRUSTED Uid: 10344 AdministratorUids: [] RequestorUid: 10344 RequestorPackageName: com.facebook.katana] ] with score 60 and providerId 5
01-30 16:12:19.610  9123  9416 D Ethernet: got request NetworkRequest [ TRACK_DEFAULT id=188, [ Capabilities: INTERNET&NOT_RESTRICTED&TRUSTED Uid: 10344 AdministratorUids: [] RequestorUid: 10344 RequestorPackageName: com.facebook.katana] ] with score 60 and providerId 5
01-30 16:12:19.610  9810  9810 D PhoneSwitcherNetworkRequstListener: got request NetworkRequest [ TRACK_DEFAULT id=188, [ Capabilities: INTERNET&NOT_RESTRICTED&TRUSTED Uid: 10344 AdministratorUids: [] RequestorUid: 10344 RequestorPackageName: com.facebook.katana] ] with score 60 and providerId 5
01-30 16:12:19.611  9123  9367 D RestrictedWifiNetworkFactory: got request NetworkRequest [ TRACK_DEFAULT id=188, [ Capabilities: INTERNET&NOT_RESTRICTED&TRUSTED Uid: 10344 AdministratorUids: [] RequestorUid: 10344 RequestorPackageName: com.facebook.katana] ] with score 60 and providerId 5
01-30 16:12:19.611  9123  9367 D OemPaidWifiNetworkFactory: got request NetworkRequest [ TRACK_DEFAULT id=188, [ Capabilities: INTERNET&NOT_RESTRICTED&TRUSTED Uid: 10344 AdministratorUids: [] RequestorUid: 10344 RequestorPackageName: com.facebook.katana] ] with score 60 and providerId 5
01-30 16:12:19.611  9123  9367 D UntrustedWifiNetworkFactory: got request NetworkRequest [ TRACK_DEFAULT id=188, [ Capabilities: INTERNET&NOT_RESTRICTED&TRUSTED Uid: 10344 AdministratorUids: [] RequestorUid: 10344 RequestorPackageName: com.facebook.katana] ] with score 60 and providerId 5
01-30 16:12:19.612  9123  9367 D WifiNetworkFactory: got request NetworkRequest [ TRACK_DEFAULT id=188, [ Capabilities: INTERNET&NOT_RESTRICTED&TRUSTED Uid: 10344 AdministratorUids: [] RequestorUid: 10344 RequestorPackageName: com.facebook.katana] ] with score 60 and providerId 5
01-30 16:12:19.629 25495 25573 W fb4a.Fixie/ActivityStackResetterFixer: Enable Activity Stack Resetter
01-30 16:12:19.645 25495 25573 D ArtDistract: Attempting to hook method. Resolved orig method holder in java: no
01-30 16:12:19.645 25495 25573 D OffsetFinder: findOffsetCustom: found value 268959769 at 4 (with arg: 25)
01-30 16:12:19.646 25495 25573 D ArtDistract: Did find a symbol at idx 0 while calling findFunc_ClassLinker_GetQuickOatCodeFor.
01-30 16:12:19.647 25495 25573 D ArtDistract: Hook of ClassLinkerFinder-objptr succeeded. Try force fast hook: no Is Direct Jump: no errmsg: 
01-30 16:12:19.648 25495 25573 D ArtDistract: ClassLinkerFinder was enabled. Errmsg: 
01-30 16:12:19.648 25495 25573 D ArtDistract: Generating a proxy method while looking for ClassLinker
01-30 16:12:19.648 25495 25573 D ArtDistract: Was found call for clslinker objptr
01-30 16:12:19.649 25495 25573 D OffsetFinder: findOffsetWithVal: found val 199014928 at 32
01-30 16:12:19.649 25495 25573 D ArtDistract: We successfully inited ART distract.
01-30 16:12:19.649 25495 25573 D ArtDistract: 	 We found the entry_point_from_quick_compiled_code_ offset of art method at 32.
01-30 16:12:19.649 25495 25573 D ArtDistract: 	 We found the ART ClassLinker 0xb4000077dc4bab90.
01-30 16:12:19.649 25495 25573 D ArtDistract: 	 We did not need ART Method size[-2] mirror::Object offset[-1].
01-30 16:12:19.649 25495 25573 D ArtDistract: 	 The interpreter to compiled code offset was not needed.
01-30 16:12:19.649 25495 25573 D ArtDistract: ART Distract DID init.
01-30 16:12:19.649 25495 25573 D ArtDistract: 	 Access Flag offset[4]: yes
01-30 16:12:19.649 25495 25573 D ArtDistract: 	 Call Proxy Init Success: yes
01-30 16:12:19.649 25495 25573 D ArtDistract: 	 has init symbols: yes
01-30 16:12:19.649 25495 25573 D ArtDistract: 	 has inited DexCache resolve method updating: Not needed
01-30 16:12:19.649 25495 25573 D ArtDistract: Calling ClassLinker::MakeInitializedClassesVisiblyInitialized
01-30 16:12:19.649 25495 25573 D ArtDistract: Successfully finished hooking method 0x71eeaee8.
01-30 16:12:19.746 25495 25728 W fb4a.AppInfoCore: [AI] Package not found when getting package info
01-30 16:12:19.752 25495 25728 W fb4a.AppInfoCore: [AI] Package not found when getting package info
01-30 16:12:19.880 25495 25573 W facebook.katan: JNI RegisterNativeMethods: attempt to register 0 native methods for com.facebook.omnistore.OmnistoreCollectionFrontendHolder
01-30 16:12:19.903 12575 12708 I BtGatt.ScanManager: msg.what = 6
01-30 16:12:19.931  8969 23987 E sensors-hal: handle_sns_client_event:62, mot_disprot_event: now=5172790004887 ts=5172732848896, type=16, status=3
01-30 16:12:20.086 25495 25573 W fb4a.lacrima: FbErrorReportingConfig.postStartupInit
01-30 16:12:20.091  9710  9710 I QImsService: ImsServiceClassTracker : updateAlertQuota:newQuota=2097152,Remaining=2097152
01-30 16:12:20.153 25495 25731 I AdrenoGLES-0: QUALCOMM build                   : e1ac91e, I2b3b5fbd00
01-30 16:12:20.153 25495 25731 I AdrenoGLES-0: Build Date                       : 11/17/20
01-30 16:12:20.153 25495 25731 I AdrenoGLES-0: OpenGL ES Shader Compiler Version: EV031.32.02.06
01-30 16:12:20.153 25495 25731 I AdrenoGLES-0: Local Branch                     : 
01-30 16:12:20.153 25495 25731 I AdrenoGLES-0: Remote Branch                    : 
01-30 16:12:20.153 25495 25731 I AdrenoGLES-0: Remote Branch                    : 
01-30 16:12:20.153 25495 25731 I AdrenoGLES-0: Reconstruct Branch               : 
01-30 16:12:20.153 25495 25731 I AdrenoGLES-0: Build Config                     : S P 10.0.7 AArch64
01-30 16:12:20.154 25495 25731 I AdrenoGLES-0: Driver Path                      : /vendor/lib64/egl/libGLESv2_adreno.so
01-30 16:12:20.173 25495 25731 I AdrenoGLES-0: PFP: 0x016ee190, ME: 0x00000000
01-30 16:12:20.213 25495 25573 I MediaCodec: (0xb40000785c5a3eb0) init name(OMX.qcom.video.decoder.avc)
01-30 16:12:20.251 25495 25734 I OMXClient: IOmx service obtained
01-30 16:12:20.259  1411  2397 I OMXMaster: makeComponentInstance(OMX.qcom.video.decoder.avc) in android.hardwar process
01-30 16:12:20.415  8969 23987 E sensors-hal: handle_sns_client_event:62, mot_disprot_event: now=5173273827123 ts=5173236104050, type=0, status=3
01-30 16:12:20.433  1040  1040 I QTI PowerHAL: Power setBoost: 0, duration: 0
01-30 16:12:20.438  1040  1040 I QTI PowerHAL: Power setBoost: 0, duration: 0
01-30 16:12:20.447  1411  2397 D PlatformConfig: getInstance: Enter
01-30 16:12:20.451  1411  2397 D PlatformConfig: getConfigStoreBool: vpp/enable=false, returning false 
01-30 16:12:20.469  1411  2397 D PlatformConfig: getInstance: Enter
01-30 16:12:20.469  1411  2397 D PlatformConfig: getInt32 Config name: vidc_dec_log_in value: 0
01-30 16:12:20.469  1411  2397 D PlatformConfig: getInstance: Enter
01-30 16:12:20.469  1411  2397 D PlatformConfig: getInt32 Config name: vidc_dec_log_out value: 0
01-30 16:12:20.469  1411  2397 D PlatformConfig: getInstance: Enter
01-30 16:12:20.469  1411  2397 D PlatformConfig: getInt32 Config name: vidc_dec_sec_prefetch_size_internal value: 31457280
01-30 16:12:20.469  1411  2397 D PlatformConfig: getInstance: Enter
01-30 16:12:20.469  1411  2397 D PlatformConfig: getInt32 Config name: vidc_dec_sec_prefetch_size_output value: 3276800
01-30 16:12:20.469  1411  2397 D PlatformConfig: getInstance: Enter
01-30 16:12:20.469  1411  2397 D PlatformConfig: getInt32 Config name: vidc_dec_arb_mode_override value: 7
01-30 16:12:20.469  1411  2397 D PlatformConfig: getInstance: Enter
01-30 16:12:20.469  1411  2397 D PlatformConfig: getInt32: Returning default
01-30 16:12:20.470  1411  2397 I OMX-VDEC-1080P: component_init: OMX.qcom.video.decoder.avc : fd=7
01-30 16:12:20.471  1411  2397 E OMX-VDEC-1080P: Unsupported output color format for c2d (2141391876)
01-30 16:12:20.471  1411  2397 E OMX-VDEC-1080P: Setting color format failed
01-30 16:12:20.484  1411  2397 D PlatformConfig: getInstance: Enter
01-30 16:12:20.484  1411  2397 D PlatformConfig: getInt32: Returning default
01-30 16:12:20.484  1411  2397 D PlatformConfig: getInstance: Enter
01-30 16:12:20.484  1411  2397 D PlatformConfig: getInt32: Returning default
01-30 16:12:20.485  1411  2397 I OMX-VDEC-1080P: omx_vdec::component_init() success : fd=7
01-30 16:12:20.493 25495 25733 I MediaCodec: (0xb40000785c5a3eb0) Component Allocated (OMX.qcom.video.decoder.avc)
01-30 16:12:20.500  1040  1040 I QTI PowerHAL: Power setBoost: 0, duration: 0
01-30 16:12:20.503 25495 25573 I MediaCodec: (0xb40000785c5a3eb0) release
01-30 16:12:20.504  1411  2397 I OMX-VDEC-1080P: omx_vdec::component_deinit() complete
01-30 16:12:20.510  1411  2397 I OMX-VDEC-1080P: Exit OMX vdec Destructor: fd=7
01-30 16:12:20.513 25495 25573 I MediaCodec: (0xb40000785c5a3eb0) init name(OMX.qcom.video.decoder.avc)
01-30 16:12:20.516  1040  1040 I QTI PowerHAL: Power setBoost: 0, duration: 0
01-30 16:12:20.518 25495 25734 I OMXClient: IOmx service obtained
01-30 16:12:20.518  1411  2397 I OMXMaster: makeComponentInstance(OMX.qcom.video.decoder.avc) in android.hardwar process
01-30 16:12:20.519  1411  2397 D PlatformConfig: getInstance: Enter
01-30 16:12:20.519  1411  2397 D PlatformConfig: getConfigStoreBool: vpp/enable=false, returning false 
01-30 16:12:20.523  1411  2397 D PlatformConfig: getInstance: Enter
01-30 16:12:20.523  1411  2397 D PlatformConfig: getInt32 Config name: vidc_dec_log_in value: 0
01-30 16:12:20.523  1411  2397 D PlatformConfig: getInstance: Enter
01-30 16:12:20.523  1411  2397 D PlatformConfig: getInt32 Config name: vidc_dec_log_out value: 0
01-30 16:12:20.523  1411  2397 D PlatformConfig: getInstance: Enter
01-30 16:12:20.523  1411  2397 D PlatformConfig: getInt32 Config name: vidc_dec_sec_prefetch_size_internal value: 31457280
01-30 16:12:20.523  1411  2397 D PlatformConfig: getInstance: Enter
01-30 16:12:20.523  1411  2397 D PlatformConfig: getInt32 Config name: vidc_dec_sec_prefetch_size_output value: 3276800
01-30 16:12:20.523  1411  2397 D PlatformConfig: getInstance: Enter
01-30 16:12:20.523  1411  2397 D PlatformConfig: getInt32 Config name: vidc_dec_arb_mode_override value: 7
01-30 16:12:20.523  1411  2397 D PlatformConfig: getInstance: Enter
01-30 16:12:20.523  1411  2397 D PlatformConfig: getInt32: Returning default
01-30 16:12:20.524  1411  2397 I OMX-VDEC-1080P: component_init: OMX.qcom.video.decoder.avc : fd=7
01-30 16:12:20.524  1411  2397 E OMX-VDEC-1080P: Unsupported output color format for c2d (2141391876)
01-30 16:12:20.524  1411  2397 E OMX-VDEC-1080P: Setting color format failed
01-30 16:12:20.525  1040  1040 I QTI PowerHAL: Power setBoost: 0, duration: 0
01-30 16:12:20.532  1040  1040 I QTI PowerHAL: Power setBoost: 0, duration: 0
01-30 16:12:20.535  1411  2397 D PlatformConfig: getInstance: Enter
01-30 16:12:20.535  1411  2397 D PlatformConfig: getInt32: Returning default
01-30 16:12:20.535  1411  2397 D PlatformConfig: getInstance: Enter
01-30 16:12:20.535  1411  2397 D PlatformConfig: getInt32: Returning default
01-30 16:12:20.536  1411  2397 I OMX-VDEC-1080P: omx_vdec::component_init() success : fd=7
01-30 16:12:20.537 25495 25733 I MediaCodec: (0xb40000785c5a3eb0) Component Allocated (OMX.qcom.video.decoder.avc)
01-30 16:12:20.541 25495 25573 I MediaCodec: (0xb40000785c54e960) init name(c2.android.aac.decoder)
01-30 16:12:20.541  1040  1040 I QTI PowerHAL: Power setBoost: 0, duration: 0
01-30 16:12:20.543  1040  1040 I QTI PowerHAL: Power setBoost: 0, duration: 0
01-30 16:12:20.549 25495 25743 D CCodec  : allocate(c2.android.aac.decoder)
01-30 16:12:20.553  1040  1040 I QTI PowerHAL: Power setBoost: 0, duration: 0
01-30 16:12:20.558  1040  1040 I chatty  : uid=1000(system) android.hardwar identical 1 line
01-30 16:12:20.567  1040  1040 I QTI PowerHAL: Power setBoost: 0, duration: 0
01-30 16:12:20.568 25495 25743 I Codec2Client: Available Codec2 services: "default" "software"
01-30 16:12:20.571 25495 25743 I CCodec  : setting up 'default' as default (vendor) store
01-30 16:12:20.574  1040  1040 I QTI PowerHAL: Power setBoost: 0, duration: 0
01-30 16:12:20.583  1040  1040 I chatty  : uid=1000(system) android.hardwar identical 1 line
01-30 16:12:20.591  1040  1040 I QTI PowerHAL: Power setBoost: 0, duration: 0
01-30 16:12:20.592 22060 22161 D BufferPoolAccessor2.0: bufferpool2 0xb4000077ec4ec6d8 : 0(0 size) total buffers - 0(0 size) used buffers - 2/9 (recycle/alloc) - 7/24 (fetch/transfer)
01-30 16:12:20.592 22060 22161 D BufferPoolAccessor2.0: Destruction - bufferpool2 0xb4000077ec4ec6d8 cached: 0/0M, 0/0% in use; allocs: 9, 22% recycled; transfers: 24, 71% unfetched
01-30 16:12:20.593 25495 25743 I CCodec  : Created component [c2.android.aac.decoder]
01-30 16:12:20.593 25495 25743 D CCodecConfig: read media type: audio/mp4a-latm
01-30 16:12:20.596 25495 25743 D ReflectedParamUpdater: extent() != 1 for single value type: algo.buffers.max-count.values
01-30 16:12:20.597 25495 25743 D ReflectedParamUpdater: extent() != 1 for single value type: output.subscribed-indices.values
01-30 16:12:20.597 25495 25743 D ReflectedParamUpdater: extent() != 1 for single value type: input.buffers.allocator-ids.values
01-30 16:12:20.597 25495 25743 D ReflectedParamUpdater: extent() != 1 for single value type: output.buffers.allocator-ids.values
01-30 16:12:20.598 25495 25743 D ReflectedParamUpdater: extent() != 1 for single value type: algo.buffers.allocator-ids.values
01-30 16:12:20.599  1040  1040 I QTI PowerHAL: Power setBoost: 0, duration: 0
01-30 16:12:20.599 25495 25743 D ReflectedParamUpdater: extent() != 1 for single value type: output.buffers.pool-ids.values
01-30 16:12:20.600 25495 25743 D ReflectedParamUpdater: extent() != 1 for single value type: algo.buffers.pool-ids.values
01-30 16:12:20.605 25495 25743 I CCodecConfig: query failed after returning 19 values (BAD_INDEX)
01-30 16:12:20.606 25495 25743 D CCodecConfig: c2 config diff is Dict {
01-30 16:12:20.606 25495 25743 D CCodecConfig:   c2::u32 coded.aac-packaging.value = 0
01-30 16:12:20.606 25495 25743 D CCodecConfig:   c2::u32 coded.bitrate.value = 64000
01-30 16:12:20.606 25495 25743 D CCodecConfig:   c2::u32 coded.pl.level = 0
01-30 16:12:20.606 25495 25743 D CCodecConfig:   c2::u32 coded.pl.profile = 8192
01-30 16:12:20.606 25495 25743 D CCodecConfig:   c2::i32 coding.drc.album-mode.value = 0
01-30 16:12:20.606 25495 25743 D CCodecConfig:   c2::float coding.drc.attenuation-factor.value = 1
01-30 16:12:20.606 25495 25743 D CCodecConfig:   c2::float coding.drc.boost-factor.value = 1
01-30 16:12:20.606 25495 25743 D CCodecConfig:   c2::i32 coding.drc.compression-mode.value = 3
01-30 16:12:20.606 25495 25743 D CCodecConfig:   c2::i32 coding.drc.effect-type.value = 3
01-30 16:12:20.606 25495 25743 D CCodecConfig:   c2::float coding.drc.encoded-level.value = 0.25
01-30 16:12:20.606 25495 25743 D CCodecConfig:   c2::float coding.drc.reference-level.value = -16
01-30 16:12:20.606 25495 25743 D CCodecConfig:   c2::u32 input.buffers.max-size.value = 8192
01-30 16:12:20.606 25495 25743 D CCodecConfig:   c2::u32 input.delay.value = 0
01-30 16:12:20.606 25495 25743 D CCodecConfig:   string input.media-type.value = "audio/mp4a-latm"
01-30 16:12:20.606 25495 25743 D CCodecConfig:   c2::u32 output.delay.value = 2
01-30 16:12:20.606 25495 25743 D CCodecConfig:   c2::float output.drc.output-loudness.value = 0.25
01-30 16:12:20.606 25495 25743 D CCodecConfig:   string output.media-type.value = "audio/raw"
01-30 16:12:20.606 25495 25743 D CCodecConfig:   c2::u32 raw.channel-count.value = 1
01-30 16:12:20.606 25495 25743 D CCodecConfig:   c2::u32 raw.max-channel-count.value = 8
01-30 16:12:20.606 25495 25743 D CCodecConfig:   c2::u32 raw.sample-rate.value = 44100
01-30 16:12:20.606 25495 25743 D CCodecConfig: }
01-30 16:12:20.608  1040  1040 I QTI PowerHAL: Power setBoost: 0, duration: 0
01-30 16:12:20.612 25495 25743 I MediaCodec: (0xb40000785c54e960) Component Allocated (c2.android.aac.decoder)
01-30 16:12:20.612 25495 25573 I MediaCodec: (0xb40000785c54e960) release
01-30 16:12:20.614 25495 25743 I hw-BpHwBinder: onLastStrongRef automatically unlinking death recipients
01-30 16:12:20.614  1464  6971 I hw-BpHwBinder: onLastStrongRef automatically unlinking death recipients
01-30 16:12:20.614  1464  6971 D BufferPoolAccessor2.0: Destruction - bufferpool2 0xb4000074e006ec28 cached: 0/0M, 0/0% in use; allocs: 0, 0% recycled; transfers: 0, 0% unfetched
01-30 16:12:20.616 25495 25573 I MediaCodec: (0xb40000785c54e960) init name(c2.android.aac.decoder)
01-30 16:12:20.616  1040  1040 I QTI PowerHAL: Power setBoost: 0, duration: 0
01-30 16:12:20.617 25495 25743 D CCodec  : allocate(c2.android.aac.decoder)
01-30 16:12:20.619 25495 25743 I CCodec  : setting up 'default' as default (vendor) store
01-30 16:12:20.625  1040  1040 I QTI PowerHAL: Power setBoost: 0, duration: 0
01-30 16:12:20.626 25495 25743 I CCodec  : Created component [c2.android.aac.decoder]
01-30 16:12:20.627 25495 25743 D CCodecConfig: read media type: audio/mp4a-latm
01-30 16:12:20.630 25495 25743 D ReflectedParamUpdater: extent() != 1 for single value type: algo.buffers.max-count.values
01-30 16:12:20.631 25495 25743 D ReflectedParamUpdater: extent() != 1 for single value type: output.subscribed-indices.values
01-30 16:12:20.631 25495 25743 D ReflectedParamUpdater: extent() != 1 for single value type: input.buffers.allocator-ids.values
01-30 16:12:20.631 25495 25743 D ReflectedParamUpdater: extent() != 1 for single value type: output.buffers.allocator-ids.values
01-30 16:12:20.631 25495 25743 D ReflectedParamUpdater: extent() != 1 for single value type: algo.buffers.allocator-ids.values
01-30 16:12:20.632 25495 25743 D ReflectedParamUpdater: extent() != 1 for single value type: output.buffers.pool-ids.values
01-30 16:12:20.632 25495 25743 D ReflectedParamUpdater: extent() != 1 for single value type: algo.buffers.pool-ids.values
01-30 16:12:20.632  1040  1040 I QTI PowerHAL: Power setBoost: 0, duration: 0
01-30 16:12:20.637 25495 25743 I CCodecConfig: query failed after returning 19 values (BAD_INDEX)
01-30 16:12:20.637 25495 25743 D CCodecConfig: c2 config diff is Dict {
01-30 16:12:20.637 25495 25743 D CCodecConfig:   c2::u32 coded.aac-packaging.value = 0
01-30 16:12:20.637 25495 25743 D CCodecConfig:   c2::u32 coded.bitrate.value = 64000
01-30 16:12:20.637 25495 25743 D CCodecConfig:   c2::u32 coded.pl.level = 0
01-30 16:12:20.637 25495 25743 D CCodecConfig:   c2::u32 coded.pl.profile = 8192
01-30 16:12:20.637 25495 25743 D CCodecConfig:   c2::i32 coding.drc.album-mode.value = 0
01-30 16:12:20.637 25495 25743 D CCodecConfig:   c2::float coding.drc.attenuation-factor.value = 1
01-30 16:12:20.637 25495 25743 D CCodecConfig:   c2::float coding.drc.boost-factor.value = 1
01-30 16:12:20.637 25495 25743 D CCodecConfig:   c2::i32 coding.drc.compression-mode.value = 3
01-30 16:12:20.637 25495 25743 D CCodecConfig:   c2::i32 coding.drc.effect-type.value = 3
01-30 16:12:20.637 25495 25743 D CCodecConfig:   c2::float coding.drc.encoded-level.value = 0.25
01-30 16:12:20.637 25495 25743 D CCodecConfig:   c2::float coding.drc.reference-level.value = -16
01-30 16:12:20.637 25495 25743 D CCodecConfig:   c2::u32 input.buffers.max-size.value = 8192
01-30 16:12:20.637 25495 25743 D CCodecConfig:   c2::u32 input.delay.value = 0
01-30 16:12:20.637 25495 25743 D CCodecConfig:   string input.media-type.value = "audio/mp4a-latm"
01-30 16:12:20.637 25495 25743 D CCodecConfig:   c2::u32 output.delay.value = 2
01-30 16:12:20.637 25495 25743 D CCodecConfig:   c2::float output.drc.output-loudness.value = 0.25
01-30 16:12:20.637 25495 25743 D CCodecConfig:   string output.media-type.value = "audio/raw"
01-30 16:12:20.637 25495 25743 D CCodecConfig:   c2::u32 raw.channel-count.value = 1
01-30 16:12:20.637 25495 25743 D CCodecConfig:   c2::u32 raw.max-channel-count.value = 8
01-30 16:12:20.637 25495 25743 D CCodecConfig:   c2::u32 raw.sample-rate.value = 44100
01-30 16:12:20.637 25495 25743 D CCodecConfig: }
01-30 16:12:20.638 25495 25743 I MediaCodec: (0xb40000785c54e960) Component Allocated (c2.android.aac.decoder)
01-30 16:12:20.641  1040  1040 I QTI PowerHAL: Power setBoost: 0, duration: 0
01-30 16:12:20.649  1040  1040 I chatty  : uid=1000(system) android.hardwar identical 1 line
01-30 16:12:20.649  1040  1040 I QTI PowerHAL: Power setBoost: 0, duration: 0
01-30 16:12:20.656 25495 25570 E fb4a.MobileConfigInit: MobileConfigDebug: endToEndConfigLevelConsistencyTests
01-30 16:12:20.658  1040  1040 I QTI PowerHAL: Power setBoost: 0, duration: 0
01-30 16:12:20.666  1040  1040 I QTI PowerHAL: Power setBoost: 0, duration: 0
01-30 16:12:20.667  1040  1040 I QTI PowerHAL: Power setBoost: 0, duration: 143
01-30 16:12:20.672 25495 25573 E fb4a.AppState: Returning default for firstRunInfo
01-30 16:12:20.673 25495 25573 E fb4a.AppState: Returning default for firstRunInfo
01-30 16:12:20.757 25495 25569 E libprocessgroup: set_timerslack_ns write failed: Operation not permitted
01-30 16:12:20.794 25495 25495 W Analytics-Micro: type=1400 audit(0.0:6573): avc: granted { execute } for path="/data/data/com.facebook.katana/lib-compressed/libxplat_third-party_jpeg_jpeg-turbo-allAndroid.so" dev="sdb24" ino=626076 scontext=u:r:untrusted_app:s0:c88,c257,c512,c768 tcontext=u:object_r:app_data_file:s0:c88,c257,c512,c768 tclass=file app=com.facebook.katana
01-30 16:12:20.814 25495 25495 W Analytics-Micro: type=1400 audit(0.0:6574): avc: granted { execute } for path="/data/data/com.facebook.katana/lib-compressed/libscrollmerged.so" dev="sdb24" ino=631941 scontext=u:r:untrusted_app:s0:c88,c257,c512,c768 tcontext=u:object_r:app_data_file:s0:c88,c257,c512,c768 tclass=file app=com.facebook.katana
01-30 16:12:20.836 25495 25573 E fb4a.ColdstartExperimentsController: unable to set dex config
01-30 16:12:20.836 25495 25573 E fb4a.ColdstartExperimentsController: java.lang.IllegalStateException: Main DexStore is null
01-30 16:12:20.836 25495 25573 E fb4a.ColdstartExperimentsController: 	at X.001.A0R(:2)
01-30 16:12:20.836 25495 25573 E fb4a.ColdstartExperimentsController: 	at com.facebook.common.dextricksdi.ColdstartExperimentsController.A00(Unknown Source:217)
01-30 16:12:20.836 25495 25573 E fb4a.ColdstartExperimentsController: 	at com.facebook.common.dextricksdi.ColdstartExperimentsController.A01(Unknown Source:70)
01-30 16:12:20.836 25495 25573 E fb4a.ColdstartExperimentsController: 	at X.5XL.A0Q(Unknown Source:1507)
01-30 16:12:20.836 25495 25573 E fb4a.ColdstartExperimentsController: 	at X.5XL.A0O(Unknown Source:4)
01-30 16:12:20.836 25495 25573 E fb4a.ColdstartExperimentsController: 	at X.5XL.A0S(Unknown Source:4)
01-30 16:12:20.836 25495 25573 E fb4a.ColdstartExperimentsController: 	at X.5XL.A0R(Unknown Source:4)
01-30 16:12:20.836 25495 25573 E fb4a.ColdstartExperimentsController: 	at X.5XL.A0T(Unknown Source:4)
01-30 16:12:20.836 25495 25573 E fb4a.ColdstartExperimentsController: 	at X.5XL.A0w(Unknown Source:4)
01-30 16:12:20.836 25495 25573 E fb4a.ColdstartExperimentsController: 	at X.2IH.run(Unknown Source:497)
01-30 16:12:20.836 25495 25573 E fb4a.ColdstartExperimentsController: 	at X.2Ij.call(Unknown Source:243)
01-30 16:12:20.836 25495 25573 E fb4a.ColdstartExperimentsController: 	at java.util.concurrent.FutureTask.run(FutureTask.java:266)
01-30 16:12:20.836 25495 25573 E fb4a.ColdstartExperimentsController: 	at X.dqa.A00(Unknown Source:19)
01-30 16:12:20.836 25495 25573 E fb4a.ColdstartExperimentsController: 	at X.1QK.call(Unknown Source:48)
01-30 16:12:20.836 25495 25573 E fb4a.ColdstartExperimentsController: 	at java.util.concurrent.FutureTask.run(FutureTask.java:266)
01-30 16:12:20.836 25495 25573 E fb4a.ColdstartExperimentsController: 	at X.1QC.run(Unknown Source:2)
01-30 16:12:20.836 25495 25573 E fb4a.ColdstartExperimentsController: 	at X.1Br.run(Unknown Source:2)
01-30 16:12:20.836 25495 25573 E fb4a.ColdstartExperimentsController: 	at java.util.concurrent.ThreadPoolExecutor.runWorker(ThreadPoolExecutor.java:1167)
01-30 16:12:20.836 25495 25573 E fb4a.ColdstartExperimentsController: 	at java.util.concurrent.ThreadPoolExecutor$Worker.run(ThreadPoolExecutor.java:641)
01-30 16:12:20.836 25495 25573 E fb4a.ColdstartExperimentsController: 	at X.1CC.run(Unknown Source:3)
01-30 16:12:20.836 25495 25573 E fb4a.ColdstartExperimentsController: 	at X.1CG.run(Unknown Source:17)
01-30 16:12:20.836 25495 25573 E fb4a.ColdstartExperimentsController: 	at java.lang.Thread.run(Thread.java:923)
01-30 16:12:20.892 25495 25552 W ExperimentConfigurator: No runner available for app init optimizations
01-30 16:12:20.909   685   685 I servicemanager: Notifying apexservice they have clients: 1
01-30 16:12:20.957 25495 25570 W fb4a.ServiceInfoParser: X.4I9: Service com.facebook.browser.lite.BrowserLiteInMainProcessIntentService is missing meta key com.facebook.common.jobscheduler.compat.jobIds
01-30 16:12:20.957 25495 25570 W fb4a.ServiceInfoParser: X.4I9: Service com.facebook.businessintegrity.cloakingdetection.service.CloakingDetectionService is missing meta key com.facebook.common.jobscheduler.compat.jobIds
01-30 16:12:20.957 25495 25570 W fb4a.ServiceInfoParser: X.4I9: Service com.facebook.contacts.service.ContactLocaleChangeService is missing meta key com.facebook.common.jobscheduler.compat.jobIds
01-30 16:12:20.957 25495 25570 W fb4a.ServiceInfoParser: X.4I9: Service com.facebook.falco.jobscheduler.FFJobService is missing meta key com.facebook.common.jobscheduler.compat.jobIds
01-30 16:12:20.957 25495 25570 W fb4a.ServiceInfoParser: X.4I9: Service com.facebook.registration.notification.RegistrationNotificationService is missing meta key com.facebook.common.jobscheduler.compat.jobIds
01-30 16:12:20.957 25495 25570 W fb4a.ServiceInfoParser: X.4I9: Service com.facebook.notifications.appwidget.bugreporter.NotificationsWidgetDebugHelper is missing meta key com.facebook.common.jobscheduler.compat.jobIds
01-30 16:12:20.958 25495 25570 W fb4a.ServiceInfoParser: X.4I9: Service com.facebook.account.login.notification.LoginNotificationService is missing meta key com.facebook.common.jobscheduler.compat.jobIds
01-30 16:12:20.958 25495 25570 W fb4a.ServiceInfoParser: X.4I9: Service com.facebook.compost.service.CompostNotificationService is missing meta key com.facebook.common.jobscheduler.compat.jobIds
01-30 16:12:20.958 25495 25570 W fb4a.ServiceInfoParser: X.4I9: Service com.facebook.battery.monitor.ContinuousBatteryMonitorService is missing meta key com.facebook.common.jobscheduler.compat.jobIds
01-30 16:12:20.958 25495 25570 W fb4a.ServiceInfoParser: X.4I9: Service com.facebook.googleplay.GooglePlayInstallRefererService is missing meta key com.facebook.common.jobscheduler.compat.jobIds
01-30 16:12:20.961 25495 25570 W fb4a.ServiceInfoParser: X.4I9: Service com.facebook.glc.GLCService is missing meta key com.facebook.common.jobscheduler.compat.jobIds
01-30 16:12:20.962 25495 25570 W fb4a.ServiceInfoParser: X.4I9: Service com.facebook.papaya.fb.client.services.FBPapayaJobService is missing meta key com.facebook.common.jobscheduler.compat.jobIds
01-30 16:12:20.962 25495 25570 W fb4a.ServiceInfoParser: X.4I9: Service com.google.android.datatransport.runtime.scheduling.jobscheduling.JobInfoSchedulerService is missing meta key com.facebook.common.jobscheduler.compat.jobIds
01-30 16:12:20.962 25495 25570 W fb4a.ServiceInfoParser: X.4I9: Service com.facebook.push.fcm.FcmRegistrarFbJobIntentService is missing meta key com.facebook.common.jobscheduler.compat.jobIds
01-30 16:12:20.962 25495 25570 W fb4a.ServiceInfoParser: X.4I9: Service com.facebook.push.fbpushdata.common.FbPushDataHandlerService is missing meta key com.facebook.common.jobscheduler.compat.jobIds
01-30 16:12:20.962 25495 25570 W fb4a.ServiceInfoParser: X.4I9: Service com.facebook.conditionalworker.ConditionalWorkerService is missing meta key com.facebook.common.jobscheduler.compat.jobIds
01-30 16:12:20.962 25495 25570 W fb4a.ServiceInfoParser: X.4I9: Service com.facebook.orca.notify.MessagesNotificationService is missing meta key com.facebook.common.jobscheduler.compat.jobIds
01-30 16:12:20.963 25495 25570 W fb4a.ServiceInfoParser: X.4I9: Service com.facebook.confirmation.notification.ConfirmationNotificationService is missing meta key com.facebook.common.jobscheduler.compat.jobIds
01-30 16:12:20.963 25495 25570 W fb4a.ServiceInfoParser: X.4I9: Service com.facebook.voltron.download.scheduledinstaller.OxygenScheduledInstallerJobService is missing meta key com.facebook.common.jobscheduler.compat.jobIds
01-30 16:12:20.963 25495 25570 W fb4a.ServiceInfoParser: X.4I9: Service com.facebook.messaging.prefs.notifications.NotificationPrefsSyncService is missing meta key com.facebook.common.jobscheduler.compat.jobIds
01-30 16:12:20.963 25495 25570 W fb4a.ServiceInfoParser: X.4I9: Service com.facebook.push.adm.ADMService is missing meta key com.facebook.common.jobscheduler.compat.jobIds
01-30 16:12:20.963 25495 25570 W fb4a.ServiceInfoParser: X.4I9: Service com.facebook.push.adm.ADMBroadcastReceiverJobBase is missing meta key com.facebook.common.jobscheduler.compat.jobIds
01-30 16:12:20.963 25495 25570 W fb4a.ServiceInfoParser: X.4I9: Service com.facebook.push.adm.ADMJobIntentService is missing meta key com.facebook.common.jobscheduler.compat.jobIds
01-30 16:12:20.963 25495 25570 W fb4a.ServiceInfoParser: X.4I9: Service com.facebook.push.negativefeedback.PushNegativeFeedbackFbJobIntentService is missing meta key com.facebook.common.jobscheduler.compat.jobIds
01-30 16:12:20.963 25495 25570 W fb4a.ServiceInfoParser: X.4I9: Service com.facebook.push.registration.RegistrarHelperService is missing meta key com.facebook.common.jobscheduler.compat.jobIds
01-30 16:12:20.964 25495 25570 W fb4a.ServiceInfoParser: X.4I9: Service com.facebook.feed.platformads.AppInstallService is missing meta key com.facebook.common.jobscheduler.compat.jobIds
01-30 16:12:20.964 25495 25570 W fb4a.ServiceInfoParser: X.4I9: Service com.google.android.gms.analytics.AnalyticsJobService is missing meta key com.facebook.common.jobscheduler.compat.jobIds
01-30 16:12:20.964 25495 25570 W fb4a.ServiceInfoParser: X.4I9: Service com.facebook.oxygen.preloads.sdk.firstparty.managedappcache.IsManagedAppCacheJobService is missing meta key com.facebook.common.jobscheduler.compat.jobIds
01-30 16:12:20.964 25495 25570 W fb4a.ServiceInfoParser: X.4I9: Service com.facebook.videolite.api.VideoUploadJobService is missing meta key com.facebook.common.jobscheduler.compat.jobIds
01-30 16:12:20.964 25495 25570 W fb4a.ServiceInfoParser: X.4I9: Service com.facebook.videolite.api.jobscheduler.UploadJobSchedulerService is missing meta key com.facebook.common.jobscheduler.compat.jobIds
01-30 16:12:20.964 25495 25570 W fb4a.ServiceInfoParser: X.4I9: Service androidx.work.impl.background.systemjob.SystemJobService is missing meta key com.facebook.common.jobscheduler.compat.jobIds
01-30 16:12:20.964 25495 25570 W fb4a.ServiceInfoParser: X.4I9: Service com.facebook.push.mqtt.service.MqttPushHelperService is missing meta key com.facebook.common.jobscheduler.compat.jobIds
01-30 16:12:20.964 25495 25570 W fb4a.ServiceInfoParser: X.4I9: Service com.facebook.reportaproblem.base.bugreport.BugReportUploadService is missing meta key com.facebook.common.jobscheduler.compat.jobIds
01-30 16:12:20.964 25495 25570 W fb4a.ServiceInfoParser: X.4I9: Service com.facebook.appcomponentmanager.AppComponentManagerService is missing meta key com.facebook.common.jobscheduler.compat.jobIds
01-30 16:12:20.965 25495 25570 W fb4a.ServiceInfoParser: X.4I9: Service com.facebook.fbservice.service.BlueServiceJobIntentService is missing meta key com.facebook.common.jobscheduler.compat.jobIds
01-30 16:12:20.965 25495 25570 W fb4a.ServiceInfoParser: X.4I9: Service com.facebook.delayedworker.DelayedWorkerService is missing meta key com.facebook.common.jobscheduler.compat.jobIds
01-30 16:12:20.965 25495 25570 W fb4a.ServiceInfoParser: X.4I9: Service com.facebook.analytics2.logger.service.LollipopUploadSafeService is missing meta key com.facebook.common.jobscheduler.compat.jobIds
01-30 16:12:20.965 25495 25570 W fb4a.ServiceInfoParser: X.4I9: Service com.facebook.analytics2.logger.legacy.uploader.LollipopUploadService is missing meta key com.facebook.common.jobscheduler.compat.jobIds
01-30 16:12:20.965 25495 25570 W fb4a.ServiceInfoParser: X.4I9: Service com.facebook.analytics2.logger.legacy.uploader.Analytics2UploadService is missing meta key com.facebook.common.jobscheduler.compat.jobIds
01-30 16:12:20.973  9123  9166 W BroadcastQueue: Permission Denial: broadcasting Intent { act=android.net.conn.CONNECTIVITY_CHANGE flg=0x4200010 (has extras) } from null (pid=-1, uid=-1) requires com.facebook.permission.prod.FB_APP_COMMUNICATION due to registered receiver BroadcastFilter{31973fd 10344/u0 ReceiverList{ad0a854 25495 com.facebook.katana/10344/u0 remote:8032ba7}}
01-30 16:12:21.039  9123  9367 D WifiStaIfaceHidlImpl: getCachedScanData is not implemented by HIDL
01-30 16:12:21.066 10217 25711 I AlarmManager: setExactAndAllowWhileIdle [name: GCM_HB_ALARM type: 2 triggerAtMillis: 5593924]
01-30 16:12:21.068 10217 25711 I AlarmManager: setExactAndAllowWhileIdle [name: GCM_HB_ALARM type: 2 triggerAtMillis: 5593926]
01-30 16:12:21.100  1040  1040 I QTI PowerHAL: Power setBoost: 0, duration: 0
01-30 16:12:21.103  1040  1040 I QTI PowerHAL: Power setBoost: 0, duration: 0
01-30 16:12:21.105  1089  1089 D vendor.qti.vibrator: QTI Vibrator reporting capabilities: 3
01-30 16:12:21.105  1089  1089 D vendor.qti.vibrator: QTI Vibrator off
01-30 16:12:21.109  9123 10547 E VibratorService: Failed to issue command to vibrator HAL. Retrying.
01-30 16:12:21.109   685   685 I servicemanager: Found android.hardware.vibrator.IVibrator/default in device VINTF manifest.
01-30 16:12:21.110  9123 10547 E VibratorService: Failed to issue command to vibrator HAL. Retrying.
01-30 16:12:21.111   685   685 I servicemanager: Found android.hardware.vibrator.IVibrator/default in device VINTF manifest.
01-30 16:12:21.113  1089  1089 D vendor.qti.vibrator: Vibrator on for timeoutMs: 28
01-30 16:12:21.116  1040  1040 I QTI PowerHAL: Power setBoost: 0, duration: 0
01-30 16:12:21.125 25495 25573 E fb4a.AppState: Returning default for firstRunInfo
01-30 16:12:21.125  1040  1040 I QTI PowerHAL: Power setBoost: 0, duration: 0
01-30 16:12:21.128 25495 25573 E fb4a.AppState: Returning default for firstRunInfo
01-30 16:12:21.131 25495 25552 W fb4a.AppInfoCore: [AI] Package not found when getting package info
01-30 16:12:21.133  1040  1040 I QTI PowerHAL: Power setBoost: 0, duration: 0
01-30 16:12:21.135 25495 25570 E fb4a.AppState: Returning default for firstRunInfo
01-30 16:12:21.141  1040  1040 I QTI PowerHAL: Power setBoost: 0, duration: 0
01-30 16:12:21.149  1040  1040 I QTI PowerHAL: Power setBoost: 0, duration: 0
01-30 16:12:21.154  1089  1089 D vendor.qti.vibrator: QTI Vibrator off
01-30 16:12:21.158  1040  1040 I QTI PowerHAL: Power setBoost: 0, duration: 0
01-30 16:12:21.160 25495 25570 W fb4a.ReqContexts: fail() skipped
01-30 16:12:21.161  1040  1040 I QTI PowerHAL: Power setBoost: 0, duration: 0
01-30 16:12:21.167  9123  9478 I ActivityTaskManager: START u0 {act=android.intent.action.MAIN cat=[android.intent.category.HOME] flg=0x10000000 pkg=com.motorola.launcher3 cmp=com.motorola.launcher3/com.android.launcher3.CustomizationPanelLauncher (has extras)} from uid 10222
01-30 16:12:21.167 23749 23749 V GlobalScreenshot: clearing screenshot: close system dialogs
01-30 16:12:21.168 23749 23749 V DisplayScreenshotSession: clearing screenshot: close system dialogs; is showing: false
01-30 16:12:21.170  9123  9478 D ActivityTaskManager: getPreferredLaunchDisplay userset_displayid false current displayId -1
01-30 16:12:21.171  1040  1040 I QTI PowerHAL: Power setMode: 5 to: 1
01-30 16:12:21.170  9123  9478 D ActivityTaskManager: getPreferredLaunchDisplay userset_displayid false current displayId -1
01-30 16:12:21.174  9123  9478 V WindowManager: Changing focus from Window{b875c40 u0 celestemeown.app/celestemeown.app.android.MainActivity} to null displayId=0
01-30 16:12:21.185  9460  9460 V ShadeControllerImpl: NotificationShadeWindow: com.android.systemui.statusbar.phone.NotificationShadeWindowView{8348327 I.E...... ......ID 0,0-1080,2340} canPanelBeCollapsed(): false
01-30 16:12:21.187 25495 25573 W fb4a.AppInfoCore: [AI] Package not found when getting package info
01-30 16:12:21.190 25495 25570 W fb4a.AppInfoCore: [AI] Package not found when getting package info
01-30 16:12:21.199  1040  1040 I QTI PowerHAL: Power setBoost: 0, duration: 0
01-30 16:12:21.212 25495 25506 I facebook.katan: Method exceeds compiler instruction limit: 20856 in java.lang.String X.186.A00(int)
01-30 16:12:21.217 24125 24125 I bphu    : (REDACTED) onApplyWindowInsets: systemWindowInsets=%s
01-30 16:12:21.220 24125 24125 I bphu    : (REDACTED) onApplyWindowInsets: systemWindowInsets=%s
01-30 16:12:21.220 12575 12708 I BtGatt.ScanManager: msg.what = 6
01-30 16:12:21.222   685   685 E SELinux : avc:  denied  { find } for pid=9123 uid=1000 name=payjoy_access_service scontext=u:r:system_server:s0 tcontext=u:object_r:default_android_service:s0 tclass=service_manager permissive=0
01-30 16:12:21.223  9123  9156 E SystemServiceRegistry: No service published for: payjoy_access_service
01-30 16:12:21.223  9123  9156 E SystemServiceRegistry: android.os.ServiceManager$ServiceNotFoundException: No service published for: payjoy_access_service
01-30 16:12:21.223  9123  9156 E SystemServiceRegistry: 	at android.os.ServiceManager.getServiceOrThrow(ServiceManager.java:153)
01-30 16:12:21.223  9123  9156 E SystemServiceRegistry: 	at android.app.SystemServiceRegistry$126.createService(SystemServiceRegistry.java:1694)
01-30 16:12:21.223  9123  9156 E SystemServiceRegistry: 	at android.app.SystemServiceRegistry$StaticServiceFetcher.getService(SystemServiceRegistry.java:1919)
01-30 16:12:21.223  9123  9156 E SystemServiceRegistry: 	at android.app.SystemServiceRegistry.getSystemService(SystemServiceRegistry.java:1517)
01-30 16:12:21.223  9123  9156 E SystemServiceRegistry: 	at android.app.ContextImpl.getSystemService(ContextImpl.java:1938)
01-30 16:12:21.223  9123  9156 E SystemServiceRegistry: 	at com.android.server.wm.ActivityStack.shouldSendPayJoyBroadcast(ActivityStack.java:3645)
01-30 16:12:21.223  9123  9156 E SystemServiceRegistry: 	at com.android.server.wm.ActivityStack.access$000(ActivityStack.java:188)
01-30 16:12:21.223  9123  9156 E SystemServiceRegistry: 	at com.android.server.wm.ActivityStack$ActivityStackHandler.handleMessage(ActivityStack.java:316)
01-30 16:12:21.223  9123  9156 E SystemServiceRegistry: 	at android.os.Handler.dispatchMessage(Handler.java:106)
01-30 16:12:21.223  9123  9156 E SystemServiceRegistry: 	at android.os.Looper.loop(Looper.java:250)
01-30 16:12:21.223  9123  9156 E SystemServiceRegistry: 	at android.os.HandlerThread.run(HandlerThread.java:67)
01-30 16:12:21.223  9123  9156 E SystemServiceRegistry: 	at com.android.server.ServiceThread.run(ServiceThread.java:44)
01-30 16:12:21.223  9123  9156 E SystemServiceRegistry: Manager wrapper not available: payjoy_access_service
01-30 16:12:21.224 24125 24168 I AdrenoGLES-0: QUALCOMM build                   : e1ac91e, I2b3b5fbd00
01-30 16:12:21.224 24125 24168 I AdrenoGLES-0: Build Date                       : 11/17/20
01-30 16:12:21.224 24125 24168 I AdrenoGLES-0: OpenGL ES Shader Compiler Version: EV031.32.02.06
01-30 16:12:21.224 24125 24168 I AdrenoGLES-0: Local Branch                     : 
01-30 16:12:21.224 24125 24168 I AdrenoGLES-0: Remote Branch                    : 
01-30 16:12:21.224 24125 24168 I AdrenoGLES-0: Remote Branch                    : 
01-30 16:12:21.224 24125 24168 I AdrenoGLES-0: Reconstruct Branch               : 
01-30 16:12:21.224 24125 24168 I AdrenoGLES-0: Build Config                     : S P 10.0.7 AArch64
01-30 16:12:21.224 24125 24168 I AdrenoGLES-0: Driver Path                      : /vendor/lib64/egl/libGLESv2_adreno.so
01-30 16:12:21.226  9893  9893 D RecentsOrientedState: current RecentsOrientedState: [this=RecentsOrientedState@fb061b2 mOrientationHandler=LandscapePagedViewHandler@581b97a mDisplayRotation=1 mTouchRotation=1 mRecentsActivityRotation=0 isRecentsActivityRotationAllowed=false mSystemRotation=false mFlags=291]
01-30 16:12:21.233 24125 24168 I AdrenoGLES-0: PFP: 0x016ee190, ME: 0x00000000
01-30 16:12:21.251  9123  9734 V WindowManager: Changing focus from null to Window{f10780b u0 com.motorola.launcher3/com.android.launcher3.CustomizationPanelLauncher} displayId=0
01-30 16:12:21.260 24125 24125 I bpnz    : onStart
01-30 16:12:21.266 24125 24125 I bnlk    : (REDACTED) [%s] onStart()
01-30 16:12:21.266 24125 24125 I bnnp    : Reloading theme data
01-30 16:12:21.293 25495 25570 E ActivityThread: Failed to find provider info for com.android.launcher3.cornermark.unreadbadge
01-30 16:12:21.298  9123  9157 I WindowManager: SURFACE show Surface(name=com.android.systemui.ImageWallpaper)/@0x43df3eb on display:0
01-30 16:12:21.303  9123  9157 I LaunchCheckinHandler: Displayed com.motorola.launcher3/com.android.launcher3.CustomizationPanelLauncher,wp,wa,135
01-30 16:12:21.333  9123  9157 I WindowManager: SURFACE show Surface(name=com.motorola.launcher3/com.android.launcher3.CustomizationPanelLauncher)/@0x25e5b05 on display:0
01-30 16:12:21.334  9123  9157 I WindowManager: SURFACE show Surface(name=com.motorola.launcher3/com.android.launcher3.CustomizationPanelLauncher)/@0xcc6775a on display:0
01-30 16:12:21.357 24125 24125 I bpnz    : onResume
01-30 16:12:21.372  9893  9893 D RecentsOrientedState: current RecentsOrientedState: [this=RecentsOrientedState@e811693 mOrientationHandler=PortraitPagedViewHandler@d8a0503 mDisplayRotation=0 mTouchRotation=0 mRecentsActivityRotation=0 isRecentsActivityRotationAllowed=false mSystemRotation=false mFlags=35]
01-30 16:12:21.372  9893  9893 D RecentsOrientedState: current RecentsOrientedState: [this=RecentsOrientedState@e811693 mOrientationHandler=PortraitPagedViewHandler@d8a0503 mDisplayRotation=0 mTouchRotation=0 mRecentsActivityRotation=0 isRecentsActivityRotationAllowed=false mSystemRotation=false mFlags=35]
01-30 16:12:21.372  9893  9893 D RecentsOrientedState: current RecentsOrientedState: [this=RecentsOrientedState@e811693 mOrientationHandler=LandscapePagedViewHandler@581b97a mDisplayRotation=1 mTouchRotation=1 mRecentsActivityRotation=0 isRecentsActivityRotationAllowed=false mSystemRotation=false mFlags=35]
01-30 16:12:21.398  1143  1143 E Layer   : [Surface(name=Task=5526)/@0xd1d3329 - animation-leash#0] No local sync point found
01-30 16:12:21.399  1143  1143 E Layer   : [Surface(name=Task=5526)/@0xd1d3329 - animation-leash#0] No local sync point found
01-30 16:12:21.399  1143  1143 E Layer   : [Surface(name=Task=1)/@0x937b2a9 - animation-leash#0] No local sync point found
01-30 16:12:21.399  1143  1143 E Layer   : [Surface(name=Task=1)/@0x937b2a9 - animation-leash#0] No local sync point found
01-30 16:12:21.420  1040  1040 I QTI PowerHAL: Power setMode: 5 to: 0
01-30 16:12:21.423 11288 11288 I GoogleInputMethodService: GoogleInputMethodService.onFinishInput():2092 
01-30 16:12:21.426 11288 11288 I Module  : DeviceLockedStatusModuleProvider$Module.updateDeviceLockedStatus():103 repeatCheckTimes = 0, locked = false
01-30 16:12:21.427 11288 11288 I GoogleInputMethodService: GoogleInputMethodService.onStartInput():1349 onStartInput(EditorInfo{EditorInfo{packageName=com.motorola.launcher3, inputType=0, inputTypeString=NULL, enableLearning=false, autoCorrection=false, autoComplete=false, imeOptions=0, privateImeOptions=null, actionName=UNSPECIFIED, actionLabel=null, initialSelStart=-1, initialSelEnd=-1, initialCapsMode=0, label=null, fieldId=-1, fieldName=null, extras=null, hintText=null, hintLocales=[]}}, false)
01-30 16:12:21.428 25495 25507 W facebook.katan: Suspending all threads took: 6.216ms
01-30 16:12:21.430 11288 11288 I Module  : DeviceLockedStatusModuleProvider$Module.updateDeviceLockedStatus():103 repeatCheckTimes = 1, locked = false
01-30 16:12:21.457  9893  9913 W System  : A resource failed to call release. 
01-30 16:12:21.475 25495 25557 W fb4a.InitStatus: Not blocking Provider (189016044)
01-30 16:12:21.480 25495 25557 W fb4a.InitStatus: Not blocking Provider (189016044)
01-30 16:12:21.502 25495 25547 W fb4a.AppInfoCore: [AI] Package not found when getting package info
01-30 16:12:21.515  9460  9472 I ndroid.systemu: NativeAlloc concurrent copying GC freed 16007(844KB) AllocSpace objects, 5(3924KB) LOS objects, 49% free, 7295KB/14MB, paused 67us total 135.562ms
01-30 16:12:21.549 25495 25557 W fb4a.AppInfoCore: [AI] Package not found when getting package info
01-30 16:12:21.550 25495 25557 W fb4a.AppInfoCore: [AI] Package not found when getting package info
01-30 16:12:21.553 25495 25728 W fb4a.AppInfoCore: [AI] Package not found when getting package info
01-30 16:12:21.627  9123  9156 I system_server: Explicit concurrent copying GC freed 305664(15MB) AllocSpace objects, 103(8316KB) LOS objects, 41% free, 33MB/57MB, paused 131us total 265.273ms
01-30 16:12:21.633  9123  9156 I ActivityTaskManager: Config changes=20000480 {0.85 ?mcc?mnc [pt_BR] ldltr sw449dp w449dp h893dp 384dpi nrml long port night finger -keyb/v/h -nav/h winConfig={ mBounds=Rect(0, 0 - 1080, 2340) mAppBounds=Rect(0, 0 - 1080, 2225) mWindowingMode=fullscreen mDisplayWindowingMode=fullscreen mActivityType=undefined mAlwaysOnTop=undefined mRotation=ROTATION_0} s.219 ?spn ?gid}
01-30 16:12:21.661 14053 14053 W fbservices-stub:InitStatus: Not blocking Service (212087937)
01-30 16:12:21.690  9123  9134 W System  : A resource failed to call release. 
01-30 16:12:21.708  9123  9156 I WindowManager: Override config changes=20000480 {0.85 ?mcc?mnc [pt_BR] ldltr sw449dp w449dp h893dp 384dpi nrml long port night finger -keyb/v/h -nav/h winConfig={ mBounds=Rect(0, 0 - 1080, 2340) mAppBounds=Rect(0, 0 - 1080, 2225) mWindowingMode=fullscreen mDisplayWindowingMode=fullscreen mActivityType=undefined mAlwaysOnTop=undefined mRotation=ROTATION_0} s.219 ?spn ?gid} for displayId=0
