--------- beginning of main
01-30 16:12:17.052  9710  9710 D QtiCarrierConfigHelper: WARNING, no carrier configs on phone Id: 0
01-30 16:12:17.057  9791  9791 D DeviceStatisticsService: chargerType=1 batteryLevel=12 totalBatteryCapacity=4506200
01-30 16:12:17.058  9791  9791 D DeviceInfoHidlClient: isPowerInfoNeverSent()=true
01-30 16:12:17.058  9791  9791 D DeviceInfoHidlClient: getPowerInfoSupportStatus()=-1
--------- beginning of system
01-30 16:12:17.511  9123 11265 I ActivityManager: Force stopping celestemeown.app appid=10393 user=0: from pid 25668
01-30 16:12:17.523 10611 10611 D HCENfc_RegisteredServicesCache: onReceive() - Intent action: android.intent.action.PACKAGE_RESTARTED
01-30 16:12:17.524 10611 10611 D HCENfc_RegisteredServicesCache: onReceive() - pkg: celestemeown.app
01-30 16:12:17.525 10611 10611 D HCENfc_RegisteredServicesCache: invalidateCache()
01-30 16:12:17.525 10611 10611 D HCENfc_RegisteredServicesCache: getInstalledServices()
01-30 16:12:17.533  9810  9810 E PhoneInterfaceManager: [PhoneIntfMgr] getCarrierPackageNamesForIntentAndPhone: No UICC
01-30 16:12:17.534  9810  9810 D CarrierSvcBindHelper: No carrier app for: 0
01-30 16:12:17.534 10611 10611 D HCENfc_RegisteredServicesCache: getInstalledStServices() - found 10 resolvedServices
01-30 16:12:17.534 10611 10611 D HCENfc_RegisteredServicesCache: getInstalledStServices() - componentName:  com.google.android.gms/com.google.android.gms.nearby.mediums.nearfieldcommunication.NfcAdvertisingService
01-30 16:12:17.536  9810  9810 E PhoneInterfaceManager: [PhoneIntfMgr] getCarrierPackageNamesForIntentAndPhone: No UICC
01-30 16:12:17.536 10611 10611 D APINfc_StApduServiceInfo: Constructor - onHost: true, reading from meta-data
01-30 16:12:17.536  9810  9810 D CarrierSvcBindHelper: No carrier app for: 1
01-30 16:12:17.539 10611 10611 D APINfc_StApduServiceInfo: Constructor - mService: null
01-30 16:12:17.539 10611 10611 D APINfc_StApduServiceInfo: Constructor - mDescription: Nearby
01-30 16:12:17.539 10611 10611 D APINfc_StApduServiceInfo: Constructor - mOffHostName: null
01-30 16:12:17.539 10611 10611 D APINfc_StApduServiceInfo: Constructor - groupCategory: other
01-30 16:12:17.540 10611 10611 D HCENfc_RegisteredServicesCache: getInstalledStServices() - componentName:  com.google.android.gms/com.google.android.gms.pay.hce.service.PayHceService
01-30 16:12:17.541 10611 10611 D APINfc_StApduServiceInfo: Constructor - onHost: true, reading from meta-data
01-30 16:12:17.543 10611 10611 D APINfc_StApduServiceInfo: Constructor - mService: null
01-30 16:12:17.543 10611 10611 D APINfc_StApduServiceInfo: Constructor - mDescription: Carteira do Google
01-30 16:12:17.543 10611 10611 D APINfc_StApduServiceInfo: Constructor - mOffHostName: null
01-30 16:12:17.543 10611 10611 D HCENfc_RegisteredServicesCache: getInstalledStServices() - componentName:  com.google.android.gms/com.google.android.gms.tapandpay.hce.service.TpHceService
01-30 16:12:17.543 10611 10611 D APINfc_StApduServiceInfo: Constructor - onHost: true, reading from meta-data
01-30 16:12:17.546 10611 10611 D APINfc_StApduServiceInfo: Constructor - mService: null
01-30 16:12:17.546 10611 10611 D APINfc_StApduServiceInfo: Constructor - mDescription: Google Pay
01-30 16:12:17.546 10611 10611 D APINfc_StApduServiceInfo: Constructor - mOffHostName: null
01-30 16:12:17.546 10611 10611 D APINfc_StApduServiceInfo: Constructor - groupCategory: payment
01-30 16:12:17.546 10611 10611 D HCENfc_RegisteredServicesCache: getInstalledStServices() - componentName:  com.nu.production/br.com.nubank.app.platform_channels.nfc_wallet.HceServiceV2
01-30 16:12:17.547 10611 10611 D APINfc_StApduServiceInfo: Constructor - onHost: true, reading from meta-data
01-30 16:12:17.548 10611 10611 D APINfc_StApduServiceInfo: Constructor - mService: null
01-30 16:12:17.548 10611 10611 D APINfc_StApduServiceInfo: Constructor - mDescription: Nubank
01-30 16:12:17.548 10611 10611 D APINfc_StApduServiceInfo: Constructor - mOffHostName: null
01-30 16:12:17.548 10611 10611 D HCENfc_RegisteredServicesCache: getInstalledStServices() - componentName:  com.paypal.android.p2pmobile/com.paypal.android.pdsdk.services.TagService
01-30 16:12:17.549 10611 10611 D APINfc_StApduServiceInfo: Constructor - onHost: true, reading from meta-data
01-30 16:12:17.550 10611 10611 D APINfc_StApduServiceInfo: Constructor - mService: null
01-30 16:12:17.550 10611 10611 D APINfc_StApduServiceInfo: Constructor - mDescription: PayPal P2P Service
01-30 16:12:17.550 10611 10611 D APINfc_StApduServiceInfo: Constructor - mOffHostName: null
01-30 16:12:17.550 10611 10611 D APINfc_StApduServiceInfo: Constructor - groupCategory: other
01-30 16:12:17.551 10611 10611 D HCENfc_RegisteredServicesCache: getInstalledStServices() - componentName:  com.picpay/br.com.iniciador.sdk_android.internal.NFCHostCardService
01-30 16:12:17.551 10611 10611 D APINfc_StApduServiceInfo: Constructor - onHost: true, reading from meta-data
01-30 16:12:17.552 10611 10611 D APINfc_StApduServiceInfo: Constructor - mService: null
01-30 16:12:17.552 10611 10611 D APINfc_StApduServiceInfo: Constructor - mDescription: Pix NFC Reader Service
01-30 16:12:17.552 10611 10611 D APINfc_StApduServiceInfo: Constructor - mOffHostName: null
01-30 16:12:17.552 10611 10611 D APINfc_StApduServiceInfo: Constructor - groupCategory: payment
01-30 16:12:17.553 10611 10611 D HCENfc_RegisteredServicesCache: getInstalledStServices() - componentName:  com.google.android.gms/com.google.android.gms.dck.service.DckNfcApduService
01-30 16:12:17.553 10611 10611 D APINfc_StApduServiceInfo: Constructor - onHost: true, reading from meta-data
01-30 16:12:17.556 10611 10611 D APINfc_StApduServiceInfo: Constructor - mService: null
01-30 16:12:17.556 10611 10611 D APINfc_StApduServiceInfo: Constructor - mDescription: Android Digital Car Key
01-30 16:12:17.556 10611 10611 D APINfc_StApduServiceInfo: Constructor - mOffHostName: null
01-30 16:12:17.556 10611 10611 D APINfc_StApduServiceInfo: Constructor - groupCategory: other
01-30 16:12:17.556 10611 10611 D HCENfc_RegisteredServicesCache: getInstalledStServices() - componentName:  com.google.android.gms/com.google.android.gms.fido.fido2.ui.hybrid.NfcEmulationService
01-30 16:12:17.558 10611 10611 D APINfc_StApduServiceInfo: Constructor - onHost: true, reading from meta-data
01-30 16:12:17.560 10611 10611 D APINfc_StApduServiceInfo: Constructor - mService: null
01-30 16:12:17.560 10611 10611 D APINfc_StApduServiceInfo: Constructor - mDescription: Fido NFC Emulation Service
01-30 16:12:17.560 10611 10611 D APINfc_StApduServiceInfo: Constructor - mOffHostName: null
01-30 16:12:17.560 10611 10611 D APINfc_StApduServiceInfo: Constructor - groupCategory: other
01-30 16:12:17.560 10611 10611 D HCENfc_RegisteredServicesCache: getInstalledStServices() - componentName:  com.nu.production/br.com.nubank.app.platform_channels.nfc_wallet.HceService
01-30 16:12:17.562 10611 10611 D APINfc_StApduServiceInfo: Constructor - onHost: true, reading from meta-data
01-30 16:12:17.563 10611 10611 D APINfc_StApduServiceInfo: Constructor - mService: null
01-30 16:12:17.563 10611 10611 D APINfc_StApduServiceInfo: Constructor - mDescription: Nubank
01-30 16:12:17.563 10611 10611 D APINfc_StApduServiceInfo: Constructor - mOffHostName: null
01-30 16:12:17.563 10611 10611 D HCENfc_RegisteredServicesCache: getInstalledStServices() - componentName:  com.motorola.VirtualUiccPayment/com.motorola.VirtualUiccPayment.VirtualUiccPaymentService
01-30 16:12:17.564 10611 10611 D APINfc_StApduServiceInfo: Constructor - onHost: false, reading from meta-data
01-30 16:12:17.565 10611 10611 D APINfc_StApduServiceInfo: Constructor - mService: null
01-30 16:12:17.565 10611 10611 D APINfc_StApduServiceInfo: Constructor - mDescription: Serviço Offhost Virtual
01-30 16:12:17.565 10611 10611 D APINfc_StApduServiceInfo: Constructor - mOffHostName: null
01-30 16:12:17.565 10611 10611 D APINfc_StApduServiceInfo: Constructor - groupCategory: payment
01-30 16:12:17.565 10611 10611 D HCENfc_RegisteredServicesCache: findOrCreateUserLocked()
01-30 16:12:17.565 10611 10611 D HCENfc_RegisteredServicesCache: invalidateCache() - mLastAddedPackage: null
01-30 16:12:17.565 10611 10611 D HCENfc_RegisteredServicesCache: containsStServiceLocked()
01-30 16:12:17.565 10611 10611 I chatty  : uid=1027(nfc) com.android.nfc identical 8 lines
01-30 16:12:17.565 10611 10611 D HCENfc_RegisteredServicesCache: containsStServiceLocked()
01-30 16:12:17.565 10611 10611 D HCENfc_RegisteredServicesCache: updateServiceStateFromFile()
01-30 16:12:17.566 10611 10611 D HCENfc_RegisteredServicesCache: updateServiceStateFromFile() - ServiceStateFileVersion = 1.0
01-30 16:12:17.566 10611 10611 D HCENfc_RegisteredServicesCache: Next Tag=services
01-30 16:12:17.566 10611 10611 D HCENfc_RegisteredServicesCache: findOrCreateUserLocked()
01-30 16:12:17.566 10611 10611 I chatty  : uid=1027(nfc) com.android.nfc identical 4 lines
01-30 16:12:17.566 10611 10611 D HCENfc_RegisteredServicesCache: findOrCreateUserLocked()
01-30 16:12:17.567 10611 10611 D HCENfc_RegisteredServicesCache: invalidateCache() - 1 invalidateCache: WriteServiceStateToFile
01-30 16:12:17.567 10611 10611 D HCENfc_RegisteredServicesCache: writeServiceStateToFile()
01-30 16:12:17.568 10611 10611 D HCENfc_RegisteredServicesCache: writeServiceStateToFile() - component name com.google.android.gms/com.google.android.gms.nearby.mediums.nearfieldcommunication.NfcAdvertisingService
01-30 16:12:17.568 10611 10611 D HCENfc_RegisteredServicesCache: writeServiceStateToFile() - component name com.nu.production/br.com.nubank.app.platform_channels.nfc_wallet.HceService
01-30 16:12:17.568 10611 10611 D HCENfc_RegisteredServicesCache: writeServiceStateToFile() - component name com.paypal.android.p2pmobile/com.paypal.android.pdsdk.services.TagService
01-30 16:12:17.568 10611 10611 D HCENfc_RegisteredServicesCache: writeServiceStateToFile() - component name com.google.android.gms/com.google.android.gms.fido.fido2.ui.hybrid.NfcEmulationService
01-30 16:12:17.568 10611 10611 D HCENfc_RegisteredServicesCache: writeServiceStateToFile() - component name com.google.android.gms/com.google.android.gms.pay.hce.service.PayHceService
01-30 16:12:17.568 10611 10611 D HCENfc_RegisteredServicesCache: writeServiceStateToFile() - component name com.google.android.gms/com.google.android.gms.dck.service.DckNfcApduService
01-30 16:12:17.574 10611 10611 D HCENfc_CardEmulationManager: onServicesUpdated()
01-30 16:12:17.574 10611 10611 D HCENfc_CardEmulationManager: verifyDefaults()
01-30 16:12:17.575 10611 10611 D HCENfc_CardEmulationManager: getDefaultServiceForCategory()
01-30 16:12:17.575 10611 10611 D HCENfc_RegisteredServicesCache: hasService()
01-30 16:12:17.575 10611 10611 D HCENfc_RegisteredServicesCache: getStService()
01-30 16:12:17.575 10611 10611 D HCENfc_RegisteredServicesCache: findOrCreateUserLocked()
01-30 16:12:17.575 10611 10611 D HCENfc_CardEmulationManager: Current default: ComponentInfo{com.motorola.VirtualUiccPayment/com.motorola.VirtualUiccPayment.VirtualUiccPaymentService}
01-30 16:12:17.575 10611 10611 D HCENfc_RegisteredAidCache: onServicesUpdated()
01-30 16:12:17.576 10611 10611 D HCENfc_RegisteredAidCache: generateServiceMapLocked() - nb services: 10
01-30 16:12:17.576 10611 10611 D HCENfc_RegisteredAidCache: generateServiceMapLocked() - component: ComponentInfo{com.google.android.gms/com.google.android.gms.nearby.mediums.nearfieldcommunication.NfcAdvertisingService}
01-30 16:12:17.576 10611 10611 D HCENfc_RegisteredAidCache: generateServiceMapLocked() - component: ComponentInfo{com.google.android.gms/com.google.android.gms.pay.hce.service.PayHceService}
01-30 16:12:17.576 10611 10611 D HCENfc_RegisteredAidCache: generateServiceMapLocked() - component: ComponentInfo{com.google.android.gms/com.google.android.gms.tapandpay.hce.service.TpHceService}
01-30 16:12:17.576 10611 10611 D HCENfc_RegisteredAidCache: generateServiceMapLocked() - component: ComponentInfo{com.nu.production/br.com.nubank.app.platform_channels.nfc_wallet.HceServiceV2}
01-30 16:12:17.576 10611 10611 D HCENfc_RegisteredAidCache: generateServiceMapLocked() - component: ComponentInfo{com.paypal.android.p2pmobile/com.paypal.android.pdsdk.services.TagService}
01-30 16:12:17.576 10611 10611 D HCENfc_RegisteredAidCache: generateServiceMapLocked() - component: ComponentInfo{com.picpay/br.com.iniciador.sdk_android.internal.NFCHostCardService}
01-30 16:12:17.576 10611 10611 D HCENfc_RegisteredAidCache: generateServiceMapLocked() - component: ComponentInfo{com.google.android.gms/com.google.android.gms.dck.service.DckNfcApduService}
01-30 16:12:17.576 10611 10611 D HCENfc_RegisteredAidCache: generateServiceMapLocked() - component: ComponentInfo{com.google.android.gms/com.google.android.gms.fido.fido2.ui.hybrid.NfcEmulationService}
01-30 16:12:17.576 10611 10611 D HCENfc_RegisteredAidCache: generateServiceMapLocked() - component: ComponentInfo{com.nu.production/br.com.nubank.app.platform_channels.nfc_wallet.HceService}
01-30 16:12:17.577 10611 10611 D HCENfc_RegisteredAidCache: generateServiceMapLocked() - component: ComponentInfo{com.motorola.VirtualUiccPayment/com.motorola.VirtualUiccPayment.VirtualUiccPaymentService}
01-30 16:12:17.577 10611 10611 D HCENfc_RegisteredAidCache: generateAidCacheLocked() - Nb of AIDs to process: 11
01-30 16:12:17.577 10611 10611 D HCENfc_RegisteredAidCache: resolveAidConflictLocked() - DECISION: making single handling service ComponentInfo{com.google.android.gms/com.google.android.gms.pay.hce.service.PayHceService} default.
01-30 16:12:17.577 10611 10611 D HCENfc_RegisteredAidCache: resolveAidConflictLocked() - (Ignoring handling service ComponentInfo{com.google.android.gms/com.google.android.gms.tapandpay.hce.service.TpHceService} because it's not the payment default.)
01-30 16:12:17.577 10611 10611 D HCENfc_RegisteredAidCache: resolveAidConflictLocked() - (Ignoring handling service ComponentInfo{com.picpay/br.com.iniciador.sdk_android.internal.NFCHostCardService} because it's not the payment default.)
01-30 16:12:17.577 10611 10611 D HCENfc_RegisteredAidCache: resolveAidConflictLocked() - DECISION: making single handling service ComponentInfo{com.nu.production/br.com.nubank.app.platform_channels.nfc_wallet.HceService} default.
01-30 16:12:17.577 10611 10611 D HCENfc_RegisteredAidCache: resolveAidConflictLocked() - DECISION: making single handling service ComponentInfo{com.google.android.gms/com.google.android.gms.fido.fido2.ui.hybrid.NfcEmulationService} default.
01-30 16:12:17.577 10611 10611 D HCENfc_RegisteredAidCache: resolveAidConflictLocked() - DECISION: making single handling service ComponentInfo{com.google.android.gms/com.google.android.gms.pay.hce.service.PayHceService} default.
01-30 16:12:17.577 10611 10611 D HCENfc_RegisteredAidCache: resolveAidConflictLocked() - DECISION: making single handling service ComponentInfo{com.google.android.gms/com.google.android.gms.dck.service.DckNfcApduService} default.
01-30 16:12:17.577 10611 10611 D HCENfc_RegisteredAidCache: resolveAidConflictLocked() - (Ignoring handling service ComponentInfo{com.google.android.gms/com.google.android.gms.tapandpay.hce.service.TpHceService} because it's not the payment default.)
01-30 16:12:17.577 10611 10611 D HCENfc_RegisteredAidCache: resolveAidConflictLocked() - DECISION: making single handling service ComponentInfo{com.nu.production/br.com.nubank.app.platform_channels.nfc_wallet.HceService} default.
01-30 16:12:17.577 10611 10611 D HCENfc_RegisteredAidCache: resolveAidConflictLocked() - DECISION: making single handling service ComponentInfo{com.paypal.android.p2pmobile/com.paypal.android.pdsdk.services.TagService} default.
01-30 16:12:17.577 10611 10611 D HCENfc_RegisteredAidCache: resolveAidConflictLocked() - DECISION: making single handling service ComponentInfo{com.paypal.android.p2pmobile/com.paypal.android.pdsdk.services.TagService} default.
01-30 16:12:17.577 10611 10611 D HCENfc_RegisteredAidCache: resolveAidConflictLocked() - DECISION: making single handling service ComponentInfo{com.google.android.gms/com.google.android.gms.nearby.mediums.nearfieldcommunication.NfcAdvertisingService} default.
01-30 16:12:17.577 10611 10611 D HCENfc_RegisteredAidCache: resolveAidConflictLocked() - DECISION: making single handling service ComponentInfo{com.nu.production/br.com.nubank.app.platform_channels.nfc_wallet.HceService} default.
01-30 16:12:17.577 10611 10611 D HCENfc_RegisteredAidCache: updateRoutingLocked() - 11 to route
01-30 16:12:17.577 10611 10611 D HCENfc_RegisteredAidCache: Not updating routing table because NFC is off.
01-30 16:12:17.577 10611 10611 D HCENfc_PreferredServices: onServicesUpdated() - mForegroundCurrent : null
01-30 16:12:17.579 10611 10611 D RegisteredNfcFServicesCache: Service unchanged, not updating
01-30 16:12:17.579 10611 10611 D NfcService: NfcServiceHandler - handleMessage(MSG_PREFERRED_PAYMENT_CHANGED)
01-30 16:12:17.579 10611 10611 D NfcService: tryBindSecureElementService()
01-30 16:12:17.579 10611 10611 D NfcService: tryBindSecureElementService() - binding not needed
01-30 16:12:17.690  9123 11487 I ActivityTaskManager: START u0 {flg=0x10000000 cmp=celestemeown.app/.android.MainActivity} from uid 2000
01-30 16:12:17.715  9123 11487 D ActivityTaskManager: getPreferredLaunchDisplay userset_displayid false current displayId -1
01-30 16:12:17.715  9123 11487 I chatty  : uid=1000(system) Binder:9123_20 identical 1 line
01-30 16:12:17.721  9123 11487 D ActivityTaskManager: getPreferredLaunchDisplay userset_displayid false current displayId -1
01-30 16:12:17.725  1040  1040 I QTI PowerHAL: Power setMode: 5 to: 1
01-30 16:12:17.742  9123  9156 D CompatibilityChangeReporter: Compat change id reported: 135634846; UID 10393; state: DISABLED
01-30 16:12:17.743  9123  9156 D CompatibilityChangeReporter: Compat change id reported: 135754954; UID 10393; state: ENABLED
01-30 16:12:17.743  9123  9167 D CompatibilityChangeReporter: Compat change id reported: 143937733; UID 10393; state: ENABLED
01-30 16:12:17.754  9123  9157 V WindowManager: Changing focus from Window{445eb4d u0 com.termux/com.termux.app.TermuxActivity} to null displayId=0
01-30 16:12:17.773  8958  8958 D Zygote  : Forked child process 25682
01-30 16:12:17.775  9123  9167 I ActivityManager: Start proc 25682:celestemeown.app/u0a393 for pre-top-activity {celestemeown.app/celestemeown.app.android.MainActivity}
01-30 16:12:17.800 25682 25682 E elestemeown.ap: Not starting debugger since process cannot load the jdwp agent.
01-30 16:12:17.849  1040  1040 I QTI PowerHAL: Power setBoost: 0, duration: 0
01-30 16:12:17.852  9123  9157 I WindowManager: SURFACE show Surface(name=com.android.systemui.ImageWallpaper)/@0x43df3eb on display:0
01-30 16:12:17.852  9123  9157 I WindowManager: SURFACE show Surface(name=Splash Screen celestemeown.app)/@0x4c8de74 on display:0
01-30 16:12:17.860 25682 25682 D NetworkSecurityConfig: No Network Security Config specified, using platform default
01-30 16:12:17.860 25682 25682 D NetworkSecurityConfig: No Network Security Config specified, using platform default
01-30 16:12:17.876  9460  9587 D EglHelper: createEglContext start
01-30 16:12:17.877   685   685 E SELinux : avc:  denied  { find } for pid=9123 uid=1000 name=payjoy_access_service scontext=u:r:system_server:s0 tcontext=u:object_r:default_android_service:s0 tclass=service_manager permissive=0
01-30 16:12:17.878  9460  9587 D EglHelper: createEglContext done
01-30 16:12:17.880  9460  9587 D EglHelper: createEglSurface start
01-30 16:12:17.881  9123  9156 E SystemServiceRegistry: No service published for: payjoy_access_service
01-30 16:12:17.881  9123  9156 E SystemServiceRegistry: android.os.ServiceManager$ServiceNotFoundException: No service published for: payjoy_access_service
01-30 16:12:17.881  9123  9156 E SystemServiceRegistry: 	at android.os.ServiceManager.getServiceOrThrow(ServiceManager.java:153)
01-30 16:12:17.881  9123  9156 E SystemServiceRegistry: 	at android.app.SystemServiceRegistry$126.createService(SystemServiceRegistry.java:1694)
01-30 16:12:17.881  9123  9156 E SystemServiceRegistry: 	at android.app.SystemServiceRegistry$StaticServiceFetcher.getService(SystemServiceRegistry.java:1919)
01-30 16:12:17.881  9123  9156 E SystemServiceRegistry: 	at android.app.SystemServiceRegistry.getSystemService(SystemServiceRegistry.java:1517)
01-30 16:12:17.881  9123  9156 E SystemServiceRegistry: 	at android.app.ContextImpl.getSystemService(ContextImpl.java:1938)
01-30 16:12:17.881  9123  9156 E SystemServiceRegistry: 	at com.android.server.wm.ActivityStack.shouldSendPayJoyBroadcast(ActivityStack.java:3645)
01-30 16:12:17.881  9123  9156 E SystemServiceRegistry: 	at com.android.server.wm.ActivityStack.access$000(ActivityStack.java:188)
01-30 16:12:17.881  9123  9156 E SystemServiceRegistry: 	at com.android.server.wm.ActivityStack$ActivityStackHandler.handleMessage(ActivityStack.java:316)
01-30 16:12:17.881  9123  9156 E SystemServiceRegistry: 	at android.os.Handler.dispatchMessage(Handler.java:106)
01-30 16:12:17.881  9123  9156 E SystemServiceRegistry: 	at android.os.Looper.loop(Looper.java:250)
01-30 16:12:17.881  9123  9156 E SystemServiceRegistry: 	at android.os.HandlerThread.run(HandlerThread.java:67)
01-30 16:12:17.881  9123  9156 E SystemServiceRegistry: 	at com.android.server.ServiceThread.run(ServiceThread.java:44)
01-30 16:12:17.881  9123  9156 E SystemServiceRegistry: Manager wrapper not available: payjoy_access_service
01-30 16:12:17.882  9460  9587 D EglHelper: createEglSurface done
01-30 16:12:17.882  1040  1040 I QTI PowerHAL: Power setBoost: 0, duration: 0
01-30 16:12:17.915  1143  1212 W DisplayIdentification: Invalid EDID: falling back to serial number due to missing display name.
01-30 16:12:17.915  1143  1212 W DisplayIdentification: Invalid EDID: falling back to ASCII text due to missing serial number.
01-30 16:12:17.946 25682 25682 D AppCompatDelegate: Checking for metadata for AppLocalesMetadataHolderService : Service not found
01-30 16:12:17.976  9123  9202 D BatteryService: uevent={POWER_SUPPLY_DP_DM=1, POWER_SUPPLY_VOLTAGE_QNOVO=-22, POWER_SUPPLY_VOLTAGE_NOW=3912982, POWER_SUPPLY_SW_JEITA_ENABLED=0, POWER_SUPPLY_FORCE_RECHARGE=0, POWER_SUPPLY_CHARGE_CONTROL_LIMIT_MAX=10, POWER_SUPPLY_RECHARGE_SOC=99, POWER_SUPPLY_HEALTH=Good, POWER_SUPPLY_TECHNOLOGY=Li-ion, POWER_SUPPLY_CHARGER_TEMP_MAX=450, POWER_SUPPLY_CHARGE_FULL_DESIGN=4000000, POWER_SUPPLY_FCC_STEPPER_ENABLE=0, SEQNUM=114259, POWER_SUPPLY_INPUT_CURRENT_LIMITED=0, POWER_SUPPLY_CHARGE_CONTROL_LIMIT=7, POWER_SUPPLY_STATUS=Charging, POWER_SUPPLY_CYCLE_COUNT=2066, POWER_SUPPLY_BATTERY_CHARGING_ENABLED=1, POWER_SUPPLY_CURRENT_MAX=3600000, POWER_SUPPLY_CHARGE_TERM_CURRENT=-100, POWER_SUPPLY_CAPACITY=12, DEVPATH=/devices/platform/soc/soc:mmi_chrg_manager/power_supply/battery, POWER_SUPPLY_CHARGE_DONE=0, POWER_SUPPLY_CHARGE_TYPE=Fast, POWER_SUPPLY_CHARGER_TEMP=462, POWER_SUPPLY_CHARGE_RATE=None, POWER_SUPPLY_CURRENT_QNOVO=-22, POWER_SUPPLY_CURRENT_NOW=-668000, POWER_SUPPLY_SYSTEM_TEMP_LEVEL=7, POWER_SUPPLY_PRESENT=1, POWER_SUPPLY_PARALLEL_DISABLE=0, POWER_SUPPLY_CHARGE_FULL=3781000, SUBSYSTEM=power_supply, POWER_SUPPLY_SET_SHIP_MODE=0, POWER_SUPPLY_TEMP=420, ACTION=change, POWER_SUPPLY_RERUN_AICL=0, POWER_SUPPLY_AGE=100, POWER_SUPPLY_NAME=battery, POWER_SUPPLY_VOLTAGE_MAX=-22, POWER_SUPPLY_CONSTANT_CHARGE_CURRENT_MAX=3600000, POWER_SUPPLY_CHARGE_COUNTER=540750, POWER_SUPPLY_STEP_CHARGING_ENABLED=0, POWER_SUPPLY_NUM_SYSTEM_TEMP_LEVELS=10, POWER_SUPPLY_DIE_HEALTH=Cool, POWER_SUPPLY_INPUT_SUSPEND=0}
01-30 16:12:17.990  9710  9710 D QtiCarrierConfigHelper: WARNING, no carrier configs on phone Id: 0
01-30 16:12:18.010  9791  9791 D DeviceStatisticsService: chargerType=1 batteryLevel=12 totalBatteryCapacity=4506200
01-30 16:12:18.010  9791  9791 D DeviceInfoHidlClient: isPowerInfoNeverSent()=true
01-30 16:12:18.010  9791  9791 D DeviceInfoHidlClient: getPowerInfoSupportStatus()=-1
01-30 16:12:18.013  9123  9367 D WifiStaIfaceHidlImpl: getCachedScanData is not implemented by HIDL
01-30 16:12:18.043  9123 11265 W ImageReader_JNI: Unable to acquire a buffer item, very likely client tried to acquire more than maxImages buffers
01-30 16:12:18.065  9123 11265 I ActivityTaskManager: Config changes=20000480 {0.85 ?mcc?mnc [pt_BR] ldltr sw449dp w927dp h425dp 384dpi nrml long land night finger -keyb/v/h -nav/h winConfig={ mBounds=Rect(0, 0 - 2340, 1080) mAppBounds=Rect(0, 0 - 2225, 1080) mWindowingMode=fullscreen mDisplayWindowingMode=fullscreen mActivityType=undefined mAlwaysOnTop=undefined mRotation=ROTATION_90} s.155 ?spn ?gid}
01-30 16:12:18.182  9123 11265 I WindowManager: Override config changes=20000480 {0.85 ?mcc?mnc [pt_BR] ldltr sw449dp w927dp h425dp 384dpi nrml long land night finger -keyb/v/h -nav/h winConfig={ mBounds=Rect(0, 0 - 2340, 1080) mAppBounds=Rect(0, 0 - 2225, 1080) mWindowingMode=fullscreen mDisplayWindowingMode=fullscreen mActivityType=undefined mAlwaysOnTop=undefined mRotation=ROTATION_90} s.155 ?spn ?gid} for displayId=0
01-30 16:12:18.191  9123 11265 V WindowManager: Orientation start waiting for draw, mDrawState=DRAW_PENDING in Window{f0be53a u0 NavigationBar0}, surfaceController Surface(name=NavigationBar0)/@0xba4d249
01-30 16:12:18.191  9123 11265 V WindowManager: Orientation start waiting for draw, mDrawState=DRAW_PENDING in Window{eb97090 u0 StatusBar}, surfaceController Surface(name=StatusBar)/@0x87baa9e
01-30 16:12:18.191  9123 11265 V WindowManager: Orientation start waiting for draw, mDrawState=DRAW_PENDING in Window{902f767 u0 InputMethod}, surfaceController Surface(name=InputMethod)/@0xb34a13e
01-30 16:12:18.191  9123 11265 V WindowManager: Orientation start waiting for draw, mDrawState=DRAW_PENDING in Window{20396f1 u0 Splash Screen celestemeown.app}, surfaceController Surface(name=Splash Screen celestemeown.app)/@0x4c8de74
01-30 16:12:18.225 11288 11288 I AppBase : AppBase.onConfigurationChanged():292 onConfigurationChanged() : NewConfig = {0.85 ?mcc?mnc [pt_BR] ldltr sw449dp w927dp h425dp 384dpi nrml long land night finger -keyb/v/h -nav/h winConfig={ mBounds=Rect(0, 0 - 2340, 1080) mAppBounds=Rect(0, 0 - 2225, 1080) mWindowingMode=fullscreen mDisplayWindowingMode=fullscreen mActivityType=undefined mAlwaysOnTop=undefined mRotation=ROTATION_90} s.194 ?spn ?gid}
01-30 16:12:18.231 11288 11288 I GoogleInputMethodService: GoogleInputMethodService.onConfigurationChanged():1046 onConfigurationChanged() : NewConfig = {0.85 ?mcc?mnc [pt_BR] ldltr sw449dp w927dp h425dp 384dpi nrml long land night finger -keyb/v/h -nav/h winConfig={ mBounds=Rect(0, 0 - 2340, 1080) mAppBounds=Rect(0, 0 - 2225, 1080) mWindowingMode=fullscreen mDisplayWindowingMode=fullscreen mActivityType=undefined mAlwaysOnTop=undefined mRotation=ROTATION_90} s.194 ?spn ?gid}
01-30 16:12:18.231 11288 11288 I GoogleInputMethodService: GoogleInputMethodService.onConfigurationChanged():1047 device real metrics: DisplayMetrics{density=2.4, width=2340, height=1080, scaledDensity=2.4, xdpi=397.565, ydpi=393.615}
01-30 16:12:18.231 11288 11288 I GlobeKeyExtension: GlobeKeyExtension.onDeactivate():144 
01-30 16:12:18.232 11288 11288 W TooltipLifecycleManager: TooltipLifecycleManager.dismissTooltips():153 Tooltip with id SUGGESTION_VIEW_EDU_MINI_DIALOG not found in tooltipManager.
01-30 16:12:18.232 11288 11288 I VoiceInputManagerWrapper: VoiceInputManagerWrapper.shutdown():131 shutdown()
01-30 16:12:18.233 11288 11288 I GoogleInputMethodService: GoogleInputMethodService.onConfigurationChanged():1055 Maybe update OEM display config because of configuration change
01-30 16:12:18.238 11288 11288 I InputMethodEntryManager: InputMethodEntryManager.notifyCurrentInputMethodEntryOnContextChanged():566 notifyCurrentInputMethodEntryOnContextChanged()
01-30 16:12:18.238 11288 11288 I InputMethodEntryManager: InputMethodEntryManager.notifyCurrentInputMethodEntryOnContextChanged():587 Notify current input method entry changed on context change
01-30 16:12:18.242 11288 11288 I KeyboardContextProvider: KeyboardContextProvider$KeyboardContextCache.createKeyboardContext():173 createKeyboardContext(): pt-BR, lig@fab9be7(com.android.inputmethod.latin.LatinIME@4edc620), {0.85 ?mcc?mnc [pt_BR] ldltr sw449dp w927dp h425dp 384dpi nrml long land night finger -keyb/v/h -nav/h winConfig={ mBounds=Rect(0, 0 - 2340, 1080) mAppBounds=Rect(0, 0 - 2225, 1080) mWindowingMode=fullscreen mDisplayWindowingMode=fullscreen mActivityType=undefined mAlwaysOnTop=undefined mRotation=ROTATION_90} s.194 ?spn ?gid}
01-30 16:12:18.242 11288 11288 I GoogleInputMethodService: GoogleInputMethodService.onCurrentInputMethodEntryChanged():2350 onCurrentInputMethodEntryChanged(): imeDefsChanged=false, entryLanguageVariantChanged=false, keyboardContextChanged=true
01-30 16:12:18.243 11288 11288 I KeyboardContextProvider: KeyboardContextProvider.setBaseContextAndInvalidKeyboardContextCache():88 setBaseContextAndInvalidKeyboardContextCache(): com.android.inputmethod.latin.LatinIME@4edc620
01-30 16:12:18.243 11288 11288 I InputMethodEntryManager: InputMethodEntryManager.resetLanguages():2776 resetLanguages(): languages=null, conditionName=orientation
01-30 16:12:18.246 11288 11288 I ImeDefCache: ImeDefCache.clearCacheForLanguages():375 clearCacheForLanguages(): []
01-30 16:12:18.246 11288 11288 I AdditionalImeDefCache: AdditionalImeDefCache.clearAdditionalImeDefsForCondition():421 clearAdditionalImeDefsForCondition() clear additional ImeDefs: []
01-30 16:12:18.246 11288 11288 I InputMethodEntryManager: InputMethodEntryManager.resetLanguages():2787 Clear cache for languages: null, changed=false
01-30 16:12:18.246 11288 11288 I InputMethodEntryManager: InputMethodEntryManager.startLoadingInputMethodEntrySettings():761 Start loading input method entry settings: [LanguageTagVariantTuple{languageTag=pt-BR, variant=qwerty}, LanguageTagVariantTuple{languageTag=az-AZ, variant=azerbaijani}]
01-30 16:12:18.249 11288 11288 I InputMethodEntryManager: InputMethodEntryManager.updateInputMethodEntrySettingsLoadingTask():893 update loading task with resetImplicitlyEnabledEntries is false
01-30 16:12:18.249 11288 11288 I InputMethodEntryManager: InputMethodEntryManager$5.onSuccess():912 Success load entries: [LanguageTagVariantTuple{languageTag=pt-BR, variant=qwerty}, LanguageTagVariantTuple{languageTag=az-AZ, variant=azerbaijani}], resetImplicitlyEnabledEntries=false, initialized=true
01-30 16:12:18.252 11288 11288 I InputMethodEntryManager: InputMethodEntryManager.changeCurrentInputMethodEntry():2987 Set current input method entry: source=UNSPECIFIED, entryChanged=false, mje{languageTag=pt-BR, variant=qwerty, hasLocalizedResources=true, conditionCacheKey=_android_software_xr_api_spatial=false_app_first_start_timestamp=1641389880923_cache_additional_ime_defs_for_condition_change=false_cache_ime_defs_for_condition_change=false_deprecate_long_press_space_for_ime_picker=false_device=phone_device_size=default_enable_content_suggestion_scroll_away_in_medium=true_enable_content_suggestion_scroll_away_in_small=true_enable_more_candidates_view_for_multilingual=false_enable_number_row=false_enable_number_row_in_password=true_enable_pk_simulator=false_enable_pk_simulator_setting=false_enable_preemptive_decode=true_enable_scrub_move=true_enable_secondary_digits=true_enable_secondary_symbols=false_expressions=normal_four_or_more_letter_rows=false_keyboard_mode=normal_language=pt-BR_layout_9key_split=false_orientation=landscape_physical_keyboard=nokeys_pk_simulator_vk_ready=false_pref_enable_flick_symbols=false_rtl_layout=false_show_comma_key=true_show_period_key=true_show_secondary_digits=true_show_suggestion_strip=true_show_suggestions=true_split_with_duplicate_keys=true_true=true_variant=qwerty_writing_helper_enable_by_word_revert=false, imeDef.stringId=ime_portuguese_brazil, imeDef.className=com.google.android.apps.inputmethod.libs.latin5.LatinIme, imeDef.languageTag=pt-BR}
01-30 16:12:18.252 11288 11288 I InputMethodEntryManager: InputMethodEntryManager.loadAdditionalImeDefsForCurrentEntry():3010 loadAdditionalImeDefsForCurrentEntry(): mje{languageTag=pt-BR, variant=qwerty, hasLocalizedResources=true, conditionCacheKey=_android_software_xr_api_spatial=false_app_first_start_timestamp=1641389880923_cache_additional_ime_defs_for_condition_change=false_cache_ime_defs_for_condition_change=false_deprecate_long_press_space_for_ime_picker=false_device=phone_device_size=default_enable_content_suggestion_scroll_away_in_medium=true_enable_content_suggestion_scroll_away_in_small=true_enable_more_candidates_view_for_multilingual=false_enable_number_row=false_enable_number_row_in_password=true_enable_pk_simulator=false_enable_pk_simulator_setting=false_enable_preemptive_decode=true_enable_scrub_move=true_enable_secondary_digits=true_enable_secondary_symbols=false_expressions=normal_four_or_more_letter_rows=false_keyboard_mode=normal_language=pt-BR_layout_9key_split=false_orientation=landscape_physical_keyboard=nokeys_pk_simulator_vk_ready=false_pref_enable_flick_symbols=false_rtl_layout=false_show_comma_key=true_show_period_key=true_show_secondary_digits=true_show_suggestion_strip=true_show_suggestions=true_split_with_duplicate_keys=true_true=true_variant=qwerty_writing_helper_enable_by_word_revert=false, imeDef.stringId=ime_portuguese_brazil, imeDef.className=com.google.android.apps.inputmethod.libs.latin5.LatinIme, imeDef.languageTag=pt-BR}
01-30 16:12:18.258 14053 14053 W fbservices-stub:InitStatus: Not blocking Service (212087937)
01-30 16:12:18.261 11288 11288 I InputMethodEntryManager: InputMethodEntryManager$7.onSuccess():3026 Success load additional ImeDefs, entryChanged=false, additionalImeDefsChanged=false, [nch{stringId=password, language=und-Latn-x-password, languageTag=und-Latn-x-password, processedConditions={writing_helper_enable_by_word_revert=false, variant=qwerty, true=true, language=pt-BR, enable_number_row=true, device=phone, enable_number_row_in_password=true, enable_pk_simulator=false}, className=com.google.android.libraries.inputmethod.ime.password.PasswordIme, label=2132019326, keyEventInterpreter=null, inlineComposing=true, autoCapital=true, announceAutoSelectedCandidate=true, statusIcon=0, indicatorIcon=0, indicatorLabel=null, displayAppCompletions=false, extraValues=nca{}, processors=nea@cda148, unacceptableMetaKeys=4098, languageSpecificSettings=0, asciiCapable=false, alwaysShowSuggestions=false, useAsciiPasswordKeyboard=false, keyboardGroupDef=ndj@461cbe1, phenotypeFlagId=0, localizationLanguageTag=null, supportsInlineSuggestion=false}, nch{stringId=number, language=und-Latn-x-number, languageTag=und-Latn-x-number, processedConditions={}, className=com.google.android.libraries.inputmethod.ime.DummyIme, label=2132019265, keyEventInterpreter=null, inlineComposing=true, autoCapital=false, announceAutoSelectedCandidate=false, statusIcon=0, indicatorIcon=0, indicatorLabel=null, displayAppCompletions=false, extraValues=nca{}, processors=nea@cda148, unacceptableMetaKeys=4098, languageSpecificSettings=0, asciiCapable=false, alwaysShowSuggestions=false, useAsciiPasswordKeyboard=false, keyboardGroupDef=ndj@ac88d06, phenotypeFlagId=0, localizationLanguageTag=null, supportsInlineSuggestion=false}, nch{stringId=number_password, language=und-Latn-x-number-password, languageTag=und-Latn-x-number-password, processedConditions={}, className=com.google.android.libraries.inputmethod.ime.DummyIme, label=2132019266, keyEventInterpreter=null, inlineComposing=true, autoCapital=false, announceAutoSelectedCandidate=false, statusIcon=0, indicatorIcon=0, indicatorLabel=null, displayAppCompletions=false, extraValues=nca{}, processors=nea@cda148, unacceptableMetaKeys=4098, languageSpecificSettings=0, asciiCapable=false, alwaysShowSuggestions=false, useAsciiPasswordKeyboard=false, keyboardGroupDef=ndj@b000fc7, phenotypeFlagId=0, localizationLanguageTag=null, supportsInlineSuggestion=false}, nch{stringId=phone_number, language=und-Latn-x-phone-number, languageTag=und-Latn-x-phone-number, processedConditions={}, className=com.google.android.libraries.inputmethod.ime.DummyIme, label=2132019364, keyEventInterpreter=null, inlineComposing=true, autoCapital=false, announceAutoSelectedCandidate=false, statusIcon=0, indicatorIcon=0, indicatorLabel=null, displayAppCompletions=false, extraValues=nca{}, processors=nea@cda148, unacceptableMetaKeys=4098, languageSpecificSettings=0, asciiCapable=false, alwaysShowSuggestions=false, useAsciiPasswordKeyboard=false, keyboardGroupDef=ndj@ebf89f4, phenotypeFlagId=0, localizationLanguageTag=null, supportsInlineSuggestion=false}, nch{stringId=date_time, language=und-Latn-x-date-time, languageTag=und-Latn-x-date-time, processedConditions={}, className=com.google.android.libraries.inputmethod.ime.DummyIme, label=2132017772, keyEventInterpreter=null, inlineComposing=true, autoCapital=false, announceAutoSelectedCandidate=false, statusIcon=0, indicatorIcon=0, indicatorLabel=null, displayAppCompletions=false, extraValues=nca{}, processors=nea@cda148, unacceptableMetaKeys=4098, languageSpecificSettings=0, asciiCapable=false, alwaysShowSuggestions=false, useAsciiPasswordKeyboard=false, keyboardGroupDef=ndj@a4e451d, phenotypeFlagId=0, localizationLanguageTag=null, supportsInlineSuggestion=false}]
01-30 16:12:18.261 11288 11288 I InputMethodEntryManager: InputMethodEntryManager.onSuccessLoadingAdditionalImeDefs():3092 Additional ImeDefs have been loaded, maybe notify entry change: false
01-30 16:12:18.262 11288 11288 I GoogleInputMethodService: GoogleInputMethodService.onCurrentInputMethodEntryChanged():2350 onCurrentInputMethodEntryChanged(): imeDefsChanged=false, entryLanguageVariantChanged=false, keyboardContextChanged=false
01-30 16:12:18.262 11288 11288 I GoogleInputMethodService: GoogleInputMethodService.onCurrentInputMethodEntryChanged():2368 Skip the entry change as the input method entry is consider as not changed.
01-30 16:12:18.262 11288 11288 I AndroidIME: InputBundleManager.reactivateKeyboard():655 
01-30 16:12:18.280 11288 11722 I SP      : Registering emoticon_content_description.2022081613, url: https://www.gstatic.com/android/keyboard/emoticon_content_desc/202208161305/superpacks_manifest.json, constraints: W:*:*:*, flags: bg, requested: 2022081613, current: 2022081613
01-30 16:12:18.294 12575 12708 I BtGatt.ScanManager: msg.what = 8
01-30 16:12:18.307  9123  9157 I WindowManager: SURFACE SIZE set 2340x1080: Surface(name=Splash Screen celestemeown.app)/@0x4c8de74 on display:0
01-30 16:12:18.313  9123  9157 V WindowManager: Orientation start waiting for draw, mDrawState=DRAW_PENDING in Window{20396f1 u0 Splash Screen celestemeown.app}, surfaceController Surface(name=Splash Screen celestemeown.app)/@0x4c8de74
01-30 16:12:18.322 12575 12708 I BtGatt.ScanManager: msg.what = 5
01-30 16:12:18.340  9123  9156 I InputManager-JNI: Viewport [0] to add: local:19260729149824129, isActive: true
01-30 16:12:18.341   684   684 I lowmemorykiller: Kill 'com.google.process.gapps' (23525), uid 10181, oom_adj 975 to free 52852kB; reason: kernel is busy on reclaim (1510) and low watermark is breached
01-30 16:12:18.352 11288 11288 I KeyboardThemeProvider: KeyboardThemeProvider.applyKeyboardTheme():27 Apply keyboard theme: theme,BORDER,EXPRESSION_PAPERCUTS_V2,FLAVOR_DPI=XXHDPI,IS_LIGHT,KEYBOARD_MODE=1,KEYBOARD_WIDTH_CATEGORY=NORMAL,KEY_BORDER_SHAPE=1,LANDSCAPE,LIGHT_THEME=true,ORIENTATION=2,PHYSICAL_DIAGONAL=6.5229044,POPUP,SCREEN_SHORTEST_WIDTH=449,SCREEN_SHORTEST_WIDTH_NO_SCALE=449,SW400DP,XXHDPI,enable_popup_on_keypress=true,non_linear_scale,use_expression_papercuts_v2_colors=true,zip_com.google.gboard.20181009.gradient_light.midsummer_night
01-30 16:12:18.353 11288 11288 I KeyboardWrapper: KeyboardWrapper.activateKeyboard():582 activateKeyboard(): type=prime, status=INACTIVE, imeDef=nch{stringId=password, language=und-Latn-x-password, languageTag=und-Latn-x-password, processedConditions={writing_helper_enable_by_word_revert=false, variant=qwerty, true=true, language=pt-BR, enable_number_row=true, device=phone, enable_number_row_in_password=true, enable_pk_simulator=false}, className=com.google.android.libraries.inputmethod.ime.password.PasswordIme, label=2132019326, keyEventInterpreter=null, inlineComposing=true, autoCapital=true, announceAutoSelectedCandidate=true, statusIcon=0, indicatorIcon=0, indicatorLabel=null, displayAppCompletions=false, extraValues=nca{}, processors=nea@cda148, unacceptableMetaKeys=4098, languageSpecificSettings=0, asciiCapable=false, alwaysShowSuggestions=false, useAsciiPasswordKeyboard=false, keyboardGroupDef=ndj@461cbe1, phenotypeFlagId=0, localizationLanguageTag=null, supportsInlineSuggestion=false}
01-30 16:12:18.354 11288 11288 I KeyboardManager: KeyboardManager.requestKeyboard():249 Creating keyboard prime, imeId=password, cacheKey=theme,BORDER,EXPRESSION_PAPERCUTS_V2,FLAVOR_DPI=XXHDPI,IS_LIGHT,KEYBOARD_MODE=1,KEYBOARD_WIDTH_CATEGORY=NORMAL,KEY_BORDER_SHAPE=1,LANDSCAPE,LIGHT_THEME=true,ORIENTATION=2,PHYSICAL_DIAGONAL=6.5229044,POPUP,SCREEN_SHORTEST_WIDTH=449,SCREEN_SHORTEST_WIDTH_NO_SCALE=449,SW400DP,XXHDPI,enable_popup_on_keypress=true,non_linear_scale,use_expression_papercuts_v2_colors=true,zip_com.google.gboard.20181009.gradient_light.midsummer_night
01-30 16:12:18.360 11288 11288 I AbstractOpenableExtension: AbstractOpenableExtension.maybeDestroyExistingKeyboardGroupManager():536 Destroy existing keyboard group manager in fbh
01-30 16:12:18.361 11288 11288 I AbstractOpenableExtension: AbstractOpenableExtension$3.onSuccess():556 KeyboardGroupManager destroyed in fbh.
01-30 16:12:18.363 11288 11288 I AbstractOpenableExtension: AbstractOpenableExtension.createKeyboardGroupManagerListenableFuture():121 Create keyboard group manager listenable future in fbh
01-30 16:12:18.365 11288 11288 I AbstractOpenableExtension: AbstractOpenableExtension.maybeDestroyExistingKeyboardGroupManager():536 Destroy existing keyboard group manager in hkh
01-30 16:12:18.365 11288 11288 I AbstractOpenableExtension: AbstractOpenableExtension$3.onSuccess():556 KeyboardGroupManager destroyed in hkh.
01-30 16:12:18.365 11288 11288 I AbstractOpenableExtension: AbstractOpenableExtension.createKeyboardGroupManagerListenableFuture():121 Create keyboard group manager listenable future in hkh
01-30 16:12:18.366 11288 11288 I AbstractOpenableExtension: AbstractOpenableExtension.maybeDestroyExistingKeyboardGroupManager():536 Destroy existing keyboard group manager in hnc
01-30 16:12:18.366 11288 11288 I AbstractOpenableExtension: AbstractOpenableExtension$3.onSuccess():556 KeyboardGroupManager destroyed in hnc.
01-30 16:12:18.366 11288 11288 I AbstractOpenableExtension: AbstractOpenableExtension.createKeyboardGroupManagerListenableFuture():121 Create keyboard group manager listenable future in hnc
01-30 16:12:18.374  9123  9194 I ActivityManager: Process com.google.process.gapps (pid 23525) has died: cch+75 CEM 
01-30 16:12:18.374  8958  8958 I Zygote  : Process 23525 exited due to signal 9 (Killed)
01-30 16:12:18.376  9123  9277 I InputReader: Reconfiguring input devices, changes=DISPLAY_INFO | 
01-30 16:12:18.381  9123  9277 I InputReader: Device reconfigured: id=4, name='fts_ts', size 1080x2340, orientation 1, mode 1, display id 0
01-30 16:12:18.382  9123  9168 I libprocessgroup: Successfully killed process cgroup uid 10181 pid 23525 in 0ms
01-30 16:12:18.383 11288 11722 I SP      : Syncing emoticon_content_description (2022081613) with slices: [7a635888cb828dfa2fc744b7b9b50f04, cd62ab3d1a324ef550d98decf537faf4, b742b83d15626896f47d10c53d057ea8], metadata: false
01-30 16:12:18.384 11288 11728 I KeyboardGroupDefParser: KeyboardGroupDefParser.parseKeyboardGroupDef():86 parseKeyboardGroupDef() 2132213999 -> 0_resource_name_obfuscated : WaitTime = 0 ms : RunTime = 21 ms
01-30 16:12:18.394 11288 11740 I KeyboardGroupDefParser: KeyboardGroupDefParser.parseKeyboardGroupDef():86 parseKeyboardGroupDef() 2132213996 -> 0_resource_name_obfuscated : WaitTime = 0 ms : RunTime = 28 ms
01-30 16:12:18.396 11288 11288 I AndroidIME: KeyboardViewManager.updateKeyboardBackgroundDrawableLevel():403 Set level to the background drawable: 10000
01-30 16:12:18.397 11288 11288 I AndroidIME: KeyboardViewManager.updateKeyboardBackgroundDrawableLevel():403 Set level to the background drawable: 10000
01-30 16:12:18.397 11288 11288 I BaseKeyboardSizeHelper: BaseKeyboardSizeHelper.calculateMaxKeyboardBodyHeight():73 leave 257 height for app when ime window height:2145, header height:98 and isFullscreenMode:false, so the max keyboard body height is:1790
01-30 16:12:18.397 11288 11288 I chatty  : uid=10211(com.google.android.inputmethod.latin) identical 1 line
01-30 16:12:18.397 11288 11288 I BaseKeyboardSizeHelper: BaseKeyboardSizeHelper.calculateMaxKeyboardBodyHeight():73 leave 257 height for app when ime window height:2145, header height:98 and isFullscreenMode:false, so the max keyboard body height is:1790
01-30 16:12:18.398 11288 11690 I KeyboardGroupDefParser: KeyboardGroupDefParser.parseKeyboardGroupDef():86 parseKeyboardGroupDef() 2132214000 -> 0_resource_name_obfuscated : WaitTime = 0 ms : RunTime = 32 ms
01-30 16:12:18.398 11288 11288 I BaseKeyboardSizeHelper: BaseKeyboardSizeHelper.calculateMaxKeyboardBodyHeight():73 leave 257 height for app when ime window height:2145, header height:98 and isFullscreenMode:false, so the max keyboard body height is:1790
01-30 16:12:18.398 11288 11288 W NotificationCenter: NotificationCenter$NotificationQueue.notifyPendingNotificationsOnExecutor():877 Heavy notify work detected on UI thread: [min->mle] takes 136ms
01-30 16:12:18.398 11288 11288 W NotificationCenter: NotificationCenter$NotificationQueue.notifyPendingNotificationsOnExecutor():877 Heavy notify work detected on UI thread: [oae->qbf] takes 156ms
01-30 16:12:18.399 11288 11288 I DeviceModeModule: DeviceModeModule.calculateAndNotify():224 Device mode 'phone' from display metrics 'DisplayMetrics{density=0.0, width=1080, height=2340, scaledDensity=0.0, xdpi=397.565, ydpi=393.615}' or smallestScreenWidthDp: 449
01-30 16:12:18.399 11288 11288 I GoogleInputMethodService: GoogleInputMethodService.onConfigurationChanged():1077 changedMask : 20000480
01-30 16:12:18.399 11288 11288 I GoogleInputMethodService: GoogleInputMethodService.clearInputMethodServiceData():1032 clearInputMethodServiceData for configurationChange
01-30 16:12:18.399 11288 11288 I KeyboardWrapper: KeyboardWrapper.onDeactivate():502 Cancel the target keyboard type while deactivating, ndn[keyboardType=prime, payload=null]
01-30 16:12:18.399 11288 11288 I AndroidIME: AbstractIme.onDeactivate():213 PasswordIme.onDeactivate()
01-30 16:12:18.408 11288 11288 I KeyboardDefCache: MemoryFileCache$2.onFailure():227 Load data from cache for key: 95e8ee82fd47e9ef65c33afa6459d10b has been cancelled
01-30 16:12:18.408 11288 11288 I GoogleInputMethodService: GoogleInputMethodService.discardAllKeyboardViewAndInputView():1264 discardAllKeyboardViewAndInputView()
01-30 16:12:18.420 11288 11288 W TooltipLifecycleManager: TooltipLifecycleManager.dismissTooltips():153 Tooltip with id undo_access_point_promotion_banner not found in tooltipManager.
01-30 16:12:18.422 11288 11288 I AbstractOpenableExtension: AbstractOpenableExtension.maybeDestroyExistingKeyboardGroupManager():536 Destroy existing keyboard group manager in fbh
01-30 16:12:18.422 11288 11288 I AbstractOpenableExtension: AbstractOpenableExtension$3.onFailure():564 Failed to load KeyboardGroupManager in fbh.
01-30 16:12:18.422 11288 11288 I AbstractOpenableExtension: AbstractOpenableExtension.createKeyboardGroupManagerListenableFuture():121 Create keyboard group manager listenable future in fbh
01-30 16:12:18.422 11288 11288 I AbstractOpenableExtension: AbstractOpenableExtension.maybeDestroyExistingKeyboardGroupManager():536 Destroy existing keyboard group manager in hkh
01-30 16:12:18.422 11288 11288 I AbstractOpenableExtension: AbstractOpenableExtension$3.onFailure():564 Failed to load KeyboardGroupManager in hkh.
01-30 16:12:18.422 11288 11288 I AbstractOpenableExtension: AbstractOpenableExtension.createKeyboardGroupManagerListenableFuture():121 Create keyboard group manager listenable future in hkh
01-30 16:12:18.423 11288 11288 I AbstractOpenableExtension: AbstractOpenableExtension.maybeDestroyExistingKeyboardGroupManager():536 Destroy existing keyboard group manager in hnc
01-30 16:12:18.423 11288 11288 I AbstractOpenableExtension: AbstractOpenableExtension$3.onFailure():564 Failed to load KeyboardGroupManager in hnc.
01-30 16:12:18.423 11288 11288 I AbstractOpenableExtension: AbstractOpenableExtension.createKeyboardGroupManagerListenableFuture():121 Create keyboard group manager listenable future in hnc
01-30 16:12:18.423 11288 11691 I KeyboardGroupDefParser: KeyboardGroupDefParser.parseKeyboardGroupDef():86 parseKeyboardGroupDef() 2132213999 -> 0_resource_name_obfuscated : WaitTime = 0 ms : RunTime = 1 ms
01-30 16:12:18.424 11288 11691 I KeyboardGroupDefParser: KeyboardGroupDefParser.parseKeyboardGroupDef():86 parseKeyboardGroupDef() 2132213996 -> 0_resource_name_obfuscated : WaitTime = 0 ms : RunTime = 1 ms
01-30 16:12:18.425 11288 11691 I KeyboardGroupDefParser: KeyboardGroupDefParser.parseKeyboardGroupDef():86 parseKeyboardGroupDef() 2132214000 -> 0_resource_name_obfuscated : WaitTime = 1 ms : RunTime = 1 ms
01-30 16:12:18.432 11288 11288 I DeviceModeModule: DeviceModeModule.calculateAndNotify():224 Device mode 'phone' from display metrics 'DisplayMetrics{density=0.0, width=2340, height=1080, scaledDensity=0.0, xdpi=397.565, ydpi=393.615}' or smallestScreenWidthDp: 449
01-30 16:12:18.432 11288 11288 I GoogleInputMethodService: GoogleInputMethodService$8.onWindowMetricsChanged():801 windowMetrics: bounds() = Rect(0, 58 - 2225, 1080), insets() = Rect(0, 0 - 0, 0)
01-30 16:12:18.433 11288 11288 W AndroidIME: LatinIMEBase.updateInputViewCoverNavigation():357 Null input view, cannot update padding!
01-30 16:12:18.434 11288 11288 I KeyboardModeManager: KeyboardModeManager.setKeyboardMode():1168 setKeyboardMode() newKeyboardMode=4, updatePreferences=false
