01-30 16:12:33.061  9123 11487 V WindowManager: Changing focus from null to Window{f10780b u0 com.motorola.launcher3/com.android.launcher3.CustomizationPanelLauncher} displayId=0
01-30 16:12:33.062  9123  9156 E SystemServiceRegistry: No service published for: payjoy_access_service
01-30 16:12:33.062  9123  9156 E SystemServiceRegistry: android.os.ServiceManager$ServiceNotFoundException: No service published for: payjoy_access_service
01-30 16:12:33.062  9123  9156 E SystemServiceRegistry: 	at android.os.ServiceManager.getServiceOrThrow(ServiceManager.java:153)
01-30 16:12:33.062  9123  9156 E SystemServiceRegistry: 	at android.app.SystemServiceRegistry$126.createService(SystemServiceRegistry.java:1694)
01-30 16:12:33.062  9123  9156 E SystemServiceRegistry: 	at android.app.SystemServiceRegistry$StaticServiceFetcher.getService(SystemServiceRegistry.java:1919)
01-30 16:12:33.062  9123  9156 E SystemServiceRegistry: 	at android.app.SystemServiceRegistry.getSystemService(SystemServiceRegistry.java:1517)
01-30 16:12:33.062  9123  9156 E SystemServiceRegistry: 	at android.app.ContextImpl.getSystemService(ContextImpl.java:1938)
01-30 16:12:33.062  9123  9156 E SystemServiceRegistry: 	at com.android.server.wm.ActivityStack.shouldSendPayJoyBroadcast(ActivityStack.java:3645)
01-30 16:12:33.062  9123  9156 E SystemServiceRegistry: 	at com.android.server.wm.ActivityStack.access$000(ActivityStack.java:188)
01-30 16:12:33.062  9123  9156 E SystemServiceRegistry: 	at com.android.server.wm.ActivityStack$ActivityStackHandler.handleMessage(ActivityStack.java:316)
01-30 16:12:33.062  9123  9156 E SystemServiceRegistry: 	at android.os.Handler.dispatchMessage(Handler.java:106)
01-30 16:12:33.062  9123  9156 E SystemServiceRegistry: 	at android.os.Looper.loop(Looper.java:250)
01-30 16:12:33.062  9123  9156 E SystemServiceRegistry: 	at android.os.HandlerThread.run(HandlerThread.java:67)
01-30 16:12:33.062  9123  9156 E SystemServiceRegistry: 	at com.android.server.ServiceThread.run(ServiceThread.java:44)
01-30 16:12:33.062  9123  9156 E SystemServiceRegistry: Manager wrapper not available: payjoy_access_service
01-30 16:12:33.102  9123  9157 I WindowManager: SURFACE show Surface(name=com.android.systemui.ImageWallpaper)/@0x43df3eb on display:0
01-30 16:12:33.106  9123  9157 I LaunchCheckinHandler: Displayed com.motorola.launcher3/com.android.launcher3.CustomizationPanelLauncher,wp,wa,114
01-30 16:12:33.112 24125 24125 I bpnz    : onResume
01-30 16:12:33.131  9123  9157 I WindowManager: SURFACE show Surface(name=com.motorola.launcher3/com.android.launcher3.CustomizationPanelLauncher)/@0x4ae3de8 on display:0
01-30 16:12:33.131  9123  9157 I WindowManager: SURFACE show Surface(name=com.motorola.launcher3/com.android.launcher3.CustomizationPanelLauncher)/@0xe7d3c01 on display:0
01-30 16:12:33.134  9123  9367 D WifiStaIfaceHidlImpl: getCachedScanData is not implemented by HIDL
01-30 16:12:33.137  9893  9893 D RecentsOrientedState: current RecentsOrientedState: [this=RecentsOrientedState@492978c mOrientationHandler=PortraitPagedViewHandler@d8a0503 mDisplayRotation=0 mTouchRotation=0 mRecentsActivityRotation=0 isRecentsActivityRotationAllowed=false mSystemRotation=false mFlags=35]
01-30 16:12:33.138  9893  9893 I chatty  : uid=10222(com.motorola.launcher3) identical 2 lines
01-30 16:12:33.138  9893  9893 D RecentsOrientedState: current RecentsOrientedState: [this=RecentsOrientedState@492978c mOrientationHandler=PortraitPagedViewHandler@d8a0503 mDisplayRotation=0 mTouchRotation=0 mRecentsActivityRotation=0 isRecentsActivityRotationAllowed=false mSystemRotation=false mFlags=35]
01-30 16:12:33.141  1040  1040 I QTI PowerHAL: Power setBoost: 0, duration: 0
01-30 16:12:33.143  1040  1040 I QTI PowerHAL: Power setMode: 5 to: 0
01-30 16:12:33.143  1040  1040 I QTI PowerHAL: Power setBoost: 0, duration: 0
01-30 16:12:33.146  1089  1089 D vendor.qti.vibrator: QTI Vibrator reporting capabilities: 3
01-30 16:12:33.146  1089  1089 D vendor.qti.vibrator: QTI Vibrator off
01-30 16:12:33.148  9123  9165 D ArtManagerInternalImpl: /data/misc/iorapd/com.motorola.launcher3/30/com.android.launcher3.CustomizationPanelLauncher/compiled_traces/compiled_trace.pb doesn't exist
01-30 16:12:33.149  1040  1040 I QTI PowerHAL: Power setBoost: 0, duration: 0
01-30 16:12:33.151  1040  1040 I QTI PowerHAL: Power setBoost: 0, duration: 0
01-30 16:12:33.154  9123 10547 E VibratorService: Failed to issue command to vibrator HAL. Retrying.
01-30 16:12:33.155   685   685 I servicemanager: Found android.hardware.vibrator.IVibrator/default in device VINTF manifest.
01-30 16:12:33.158  1040  1040 I QTI PowerHAL: Power setBoost: 0, duration: 0
01-30 16:12:33.162  9123 10547 E VibratorService: Failed to issue command to vibrator HAL. Retrying.
01-30 16:12:33.164   685   685 I servicemanager: Found android.hardware.vibrator.IVibrator/default in device VINTF manifest.
01-30 16:12:33.166  1143  1143 E Layer   : [Surface(name=Task=1)/@0x937b2a9 - animation-leash#0] No local sync point found
01-30 16:12:33.166  1143  1143 E Layer   : [Surface(name=Task=1)/@0x937b2a9 - animation-leash#0] No local sync point found
01-30 16:12:33.166  1143  1143 E Layer   : [Surface(name=Task=5527)/@0x1f434f0 - animation-leash#0] No local sync point found
01-30 16:12:33.166  1143  1143 E Layer   : [Surface(name=Task=5527)/@0x1f434f0 - animation-leash#0] No local sync point found
01-30 16:12:33.167  1040  1040 I QTI PowerHAL: Power setBoost: 0, duration: 0
01-30 16:12:33.178  1089  1089 D vendor.qti.vibrator: Vibrator on for timeoutMs: 28
01-30 16:12:33.179  1040  1040 I QTI PowerHAL: Power setBoost: 0, duration: 0
01-30 16:12:33.185  1040  1040 I chatty  : uid=1000(system) android.hardwar identical 1 line
01-30 16:12:33.191  1040  1040 I QTI PowerHAL: Power setBoost: 0, duration: 0
01-30 16:12:33.191 11288 11288 I GoogleInputMethodService: GoogleInputMethodService.onFinishInput():2092 
01-30 16:12:33.194 11288 11288 I Module  : DeviceLockedStatusModuleProvider$Module.updateDeviceLockedStatus():103 repeatCheckTimes = 0, locked = false
01-30 16:12:33.197 11288 11288 I GoogleInputMethodService: GoogleInputMethodService.onStartInput():1349 onStartInput(EditorInfo{EditorInfo{packageName=com.motorola.launcher3, inputType=0, inputTypeString=NULL, enableLearning=false, autoCorrection=false, autoComplete=false, imeOptions=0, privateImeOptions=null, actionName=UNSPECIFIED, actionLabel=null, initialSelStart=-1, initialSelEnd=-1, initialCapsMode=0, label=null, fieldId=-1, fieldName=null, extras=null, hintText=null, hintLocales=[]}}, false)
01-30 16:12:33.199  1040  1040 I QTI PowerHAL: Power setBoost: 0, duration: 0
01-30 16:12:33.205 11288 11288 I Module  : DeviceLockedStatusModuleProvider$Module.updateDeviceLockedStatus():103 repeatCheckTimes = 1, locked = false
01-30 16:12:33.211  1040  1040 I QTI PowerHAL: Power setBoost: 0, duration: 0
01-30 16:12:33.214  1040  1040 I QTI PowerHAL: Power setBoost: 0, duration: 0
01-30 16:12:33.220  9460  9460 V ShadeControllerImpl: NotificationShadeWindow: com.android.systemui.statusbar.phone.NotificationShadeWindowView{8348327 I.E...... ......ID 0,0-1080,2340} canPanelBeCollapsed(): false
01-30 16:12:33.223 23749 23749 V GlobalScreenshot: clearing screenshot: close system dialogs
01-30 16:12:33.223 23749 23749 V DisplayScreenshotSession: clearing screenshot: close system dialogs; is showing: false
01-30 16:12:33.223 25838 25856 W ZArchiverService: Stop service...
01-30 16:12:33.227  1089  1089 D vendor.qti.vibrator: QTI Vibrator off
01-30 16:12:33.240  1040  1040 I QTI PowerHAL: Power setMode: 5 to: 1
01-30 16:12:33.245  9123 11265 V WindowManager: Changing focus from Window{f10780b u0 com.motorola.launcher3/com.android.launcher3.CustomizationPanelLauncher} to null displayId=0
01-30 16:12:33.260  9893  9913 W System  : A resource failed to call release. 
01-30 16:12:33.260  9460  9474 W System  : A resource failed to call release. 
01-30 16:12:33.260  9893  9913 W System  : A resource failed to call release. 
01-30 16:12:33.260  9893  9913 W System  : A resource failed to call release. 
01-30 16:12:33.279 25838 25838 D ZArchiverService: Service stopped
01-30 16:12:33.280  9123  9157 I WindowManager: SURFACE show Surface(name=SnapshotStartingWindow for taskId=5523)/@0x35753a9 on display:0
01-30 16:12:33.288  9893  9893 D RecentsOrientedState: current RecentsOrientedState: [this=RecentsOrientedState@6da6e9a mOrientationHandler=PortraitPagedViewHandler@d8a0503 mDisplayRotation=0 mTouchRotation=0 mRecentsActivityRotation=0 isRecentsActivityRotationAllowed=false mSystemRotation=false mFlags=35]
01-30 16:12:33.288  9893  9893 I chatty  : uid=10222(com.motorola.launcher3) identical 2 lines
01-30 16:12:33.288  9893  9893 D RecentsOrientedState: current RecentsOrientedState: [this=RecentsOrientedState@6da6e9a mOrientationHandler=PortraitPagedViewHandler@d8a0503 mDisplayRotation=0 mTouchRotation=0 mRecentsActivityRotation=0 isRecentsActivityRotationAllowed=false mSystemRotation=false mFlags=35]
01-30 16:12:33.303   685   685 E SELinux : avc:  denied  { find } for pid=9123 uid=1000 name=payjoy_access_service scontext=u:r:system_server:s0 tcontext=u:object_r:default_android_service:s0 tclass=service_manager permissive=0
01-30 16:12:33.305  9123  9156 E SystemServiceRegistry: No service published for: payjoy_access_service
01-30 16:12:33.305  9123  9156 E SystemServiceRegistry: android.os.ServiceManager$ServiceNotFoundException: No service published for: payjoy_access_service
01-30 16:12:33.305  9123  9156 E SystemServiceRegistry: 	at android.os.ServiceManager.getServiceOrThrow(ServiceManager.java:153)
01-30 16:12:33.305  9123  9156 E SystemServiceRegistry: 	at android.app.SystemServiceRegistry$126.createService(SystemServiceRegistry.java:1694)
01-30 16:12:33.305  9123  9156 E SystemServiceRegistry: 	at android.app.SystemServiceRegistry$StaticServiceFetcher.getService(SystemServiceRegistry.java:1919)
01-30 16:12:33.305  9123  9156 E SystemServiceRegistry: 	at android.app.SystemServiceRegistry.getSystemService(SystemServiceRegistry.java:1517)
01-30 16:12:33.305  9123  9156 E SystemServiceRegistry: 	at android.app.ContextImpl.getSystemService(ContextImpl.java:1938)
01-30 16:12:33.305  9123  9156 E SystemServiceRegistry: 	at com.android.server.wm.ActivityStack.shouldSendPayJoyBroadcast(ActivityStack.java:3645)
01-30 16:12:33.305  9123  9156 E SystemServiceRegistry: 	at com.android.server.wm.ActivityStack.access$000(ActivityStack.java:188)
01-30 16:12:33.305  9123  9156 E SystemServiceRegistry: 	at com.android.server.wm.ActivityStack$ActivityStackHandler.handleMessage(ActivityStack.java:316)
01-30 16:12:33.305  9123  9156 E SystemServiceRegistry: 	at android.os.Handler.dispatchMessage(Handler.java:106)
01-30 16:12:33.305  9123  9156 E SystemServiceRegistry: 	at android.os.Looper.loop(Looper.java:250)
01-30 16:12:33.305  9123  9156 E SystemServiceRegistry: 	at android.os.HandlerThread.run(HandlerThread.java:67)
01-30 16:12:33.305  9123  9156 E SystemServiceRegistry: 	at com.android.server.ServiceThread.run(ServiceThread.java:44)
01-30 16:12:33.305  9123  9156 E SystemServiceRegistry: Manager wrapper not available: payjoy_access_service
01-30 16:12:33.326  9123 10547 V WindowManager: Changing focus from null to Window{445eb4d u0 com.termux/com.termux.app.TermuxActivity} displayId=0
01-30 16:12:33.331 22060 25877 I MediaCodec: (0xb40000785c662a90) init name(c2.android.vorbis.decoder)
01-30 16:12:33.332 22060 25879 D CCodec  : allocate(c2.android.vorbis.decoder)
01-30 16:12:33.332  1143  1143 E Layer   : [Surface(name=Task=5523)/@0x6940385 - animation-leash#0] No local sync point found
01-30 16:12:33.332  1143  1143 I chatty  : uid=1000(system) /system/bin/surfaceflinger identical 1 line
01-30 16:12:33.332  1143  1143 E Layer   : [Surface(name=Task=5523)/@0x6940385 - animation-leash#0] No local sync point found
01-30 16:12:33.336 22060 25879 I CCodec  : setting up 'default' as default (vendor) store
01-30 16:12:33.339  1464  2546 D BufferPoolAccessor2.0: bufferpool2 0xb4000074e006ec28 : 0(0 size) total buffers - 0(0 size) used buffers - 0/0 (recycle/alloc) - 0/0 (fetch/transfer)
01-30 16:12:33.341 22060 22161 D BufferPoolAccessor2.0: Destruction - bufferpool2 0xb4000077ec4be528 cached: 0/0M, 0/0% in use; allocs: 9, 33% recycled; transfers: 24, 75% unfetched
01-30 16:12:33.348 22060 25879 I CCodec  : Created component [c2.android.vorbis.decoder]
01-30 16:12:33.348 22060 25879 D CCodecConfig: read media type: audio/vorbis
01-30 16:12:33.353 22060 25879 D ReflectedParamUpdater: extent() != 1 for single value type: algo.buffers.max-count.values
01-30 16:12:33.353 22060 25879 D ReflectedParamUpdater: extent() != 1 for single value type: output.subscribed-indices.values
01-30 16:12:33.353 22060 25879 D ReflectedParamUpdater: extent() != 1 for single value type: input.buffers.allocator-ids.values
01-30 16:12:33.353 22060 25879 D ReflectedParamUpdater: extent() != 1 for single value type: output.buffers.allocator-ids.values
01-30 16:12:33.353 22060 25879 D ReflectedParamUpdater: extent() != 1 for single value type: algo.buffers.allocator-ids.values
01-30 16:12:33.353 22060 25879 D ReflectedParamUpdater: extent() != 1 for single value type: output.buffers.pool-ids.values
01-30 16:12:33.353 22060 25879 D ReflectedParamUpdater: extent() != 1 for single value type: algo.buffers.pool-ids.values
01-30 16:12:33.358 24125 24125 I bpnz    : onPause
01-30 16:12:33.358  9123  9157 I WindowManager: SURFACE show Surface(name=com.termux/com.termux.app.TermuxActivity)/@0xb58228c on display:0
01-30 16:12:33.364 22060 25879 I CCodecConfig: query failed after returning 7 values (BAD_INDEX)
01-30 16:12:33.364 22060 25879 D CCodecConfig: c2 config diff is Dict {
01-30 16:12:33.364 22060 25879 D CCodecConfig:   c2::u32 coded.bitrate.value = 64000
01-30 16:12:33.364 22060 25879 D CCodecConfig:   c2::u32 input.buffers.max-size.value = 32768
01-30 16:12:33.364 22060 25879 D CCodecConfig:   c2::u32 input.delay.value = 0
01-30 16:12:33.364 22060 25879 D CCodecConfig:   string input.media-type.value = "audio/vorbis"
01-30 16:12:33.364 22060 25879 D CCodecConfig:   string output.media-type.value = "audio/raw"
01-30 16:12:33.364 22060 25879 D CCodecConfig:   c2::u32 raw.channel-count.value = 1
01-30 16:12:33.364 22060 25879 D CCodecConfig:   c2::u32 raw.sample-rate.value = 48000
01-30 16:12:33.364 22060 25879 D CCodecConfig: }
01-30 16:12:33.364  1040  1040 I QTI PowerHAL: Power setMode: 5 to: 0
01-30 16:12:33.367  1040  1040 I QTI PowerHAL: Power setBoost: 0, duration: 0
01-30 16:12:33.368 22060 25879 I MediaCodec: (0xb40000785c662a90) Component Allocated (c2.android.vorbis.decoder)
01-30 16:12:33.369 22060 25877 I MediaCodec: (0xb40000785c662a90) configure surface(0x0) crypto(0x0) flags(0)
01-30 16:12:33.369 22060 25877 D MediaCodec: (0xb40000785c662a90) configure format: AMessage(what = 0x00000000) = {
01-30 16:12:33.369 22060 25877 D MediaCodec:       string mime = "audio/vorbis"
01-30 16:12:33.369 22060 25877 D MediaCodec:       int64_t durationUs = 116848
01-30 16:12:33.369 22060 25877 D MediaCodec:       int32_t track-id = 1
01-30 16:12:33.369 22060 25877 D MediaCodec:       Buffer csd-0 = {
01-30 16:12:33.369 22060 25877 D MediaCodec:         00000000:  01 76 6f 72 62 69 73 00  00 00 00 01 44 ac 00 00  .vorbis.....D...
01-30 16:12:33.369 22060 25877 D MediaCodec:         00000010:  00 00 00 00 00 77 01 00  00 00 00 00 b8 01        .....w........
01-30 16:12:33.369 22060 25877 D MediaCodec:       }
01-30 16:12:33.369 22060 25877 D MediaCodec:       Buffer *csd-1 = 0xb40000774c4fa6b0
01-30 16:12:33.369 22060 25877 D MediaCodec:       int32_t bitrate = 96000
01-30 16:12:33.369 22060 25877 D MediaCodec:       int32_t channel-count = 1
01-30 16:12:33.369 22060 25877 D MediaCodec:       int32_t sample-rate = 44100
01-30 16:12:33.369 22060 25877 D MediaCodec:       int32_t channel-mask = 1
01-30 16:12:33.369 22060 25877 D MediaCodec:     }
01-30 16:12:33.370 22060 25879 D CCodec  : [c2.android.vorbis.decoder] buffers are bound to CCodec for this session
01-30 16:12:33.370 22060 25879 D CCodecConfig: no c2 equivalents for durationUs
01-30 16:12:33.370 22060 25879 D CCodecConfig: no c2 equivalents for track-id
01-30 16:12:33.370 22060 25879 D CCodecConfig: no c2 equivalents for csd-1
01-30 16:12:33.370 22060 25879 D CCodecConfig: no c2 equivalents for channel-mask
01-30 16:12:33.370 22060 25879 D CCodecConfig: no c2 equivalents for flags
01-30 16:12:33.370 22060 25879 D CCodecConfig: c2 config diff is   c2::u32 raw.sample-rate.value = 44100
01-30 16:12:33.371 22060 25879 W Codec2Client: query -- param skipped: index = 1107298332.
01-30 16:12:33.371 22060 25879 D CCodec  : setup formats input: AMessage(what = 0x00000000) = {
01-30 16:12:33.371 22060 25879 D CCodec  :   int32_t channel-count = 1
01-30 16:12:33.371 22060 25879 D CCodec  :   int32_t max-input-size = 32768
01-30 16:12:33.371 22060 25879 D CCodec  :   string mime = "audio/vorbis"
01-30 16:12:33.371 22060 25879 D CCodec  :   int32_t sample-rate = 44100
01-30 16:12:33.371 22060 25879 D CCodec  : } and output: AMessage(what = 0x00000000) = {
01-30 16:12:33.371 22060 25879 D CCodec  :   int32_t channel-count = 1
01-30 16:12:33.371 22060 25879 D CCodec  :   string mime = "audio/raw"
01-30 16:12:33.371 22060 25879 D CCodec  :   int32_t sample-rate = 44100
01-30 16:12:33.371 22060 25879 D CCodec  :   int32_t channel-mask = 1
01-30 16:12:33.371 22060 25879 D CCodec  : }
01-30 16:12:33.371 22060 25877 I MediaCodec: (0xb40000785c662a90) start
01-30 16:12:33.372 22060 25879 W Codec2Client: query -- param skipped: index = 1342179345.
01-30 16:12:33.372 22060 25879 W Codec2Client: query -- param skipped: index = 2415921170.
01-30 16:12:33.373 22060 25879 E FMQ     : grantorIdx must be less than 3
01-30 16:12:33.373 22060 25879 E FMQ     : grantorIdx must be less than 3
01-30 16:12:33.373 22060 25879 D CCodecBufferChannel: [c2.android.vorbis.decoder#635] Created input block pool with allocatorID 16 => poolID 30 - OK (0)
01-30 16:12:33.373  1464  6971 D BufferPoolAccessor2.0: Destruction - bufferpool2 0xb4000074e006d758 cached: 0/0M, 0/0% in use; allocs: 10, 60% recycled; transfers: 9, 56% unfetched
01-30 16:12:33.374 22060 25879 I CCodecBufferChannel: [c2.android.vorbis.decoder#635] Created output block pool with allocatorID 16 => poolID 170 - OK
01-30 16:12:33.374 22060 25879 D CCodecBufferChannel: [c2.android.vorbis.decoder#635] Configured output block pool ids 170 => OK
01-30 16:12:33.376 22060 25879 I MediaCodec: (0xb40000785c662a90) kWhatStartCompleted
01-30 16:12:33.376  1464 25880 D SimpleC2Component: Using output block pool with poolID 170 => got 170 - 0
01-30 16:12:33.376 22060 25879 E FMQ     : grantorIdx must be less than 3
01-30 16:12:33.382  9123  9165 D ArtManagerInternalImpl: /data/misc/iorapd/com.termux/139/com.termux.app.TermuxActivity/compiled_traces/compiled_trace.pb doesn't exist
01-30 16:12:33.387  9710  9710 D QtiCarrierConfigHelper: WARNING, no carrier configs on phone Id: 0
01-30 16:12:33.387 24125 24125 I bpnz    : onStop
01-30 16:12:33.390 12575 12708 I BtGatt.ScanManager: msg.what = 6
01-30 16:12:33.392 22060 22161 E FMQ     : grantorIdx must be less than 3
01-30 16:12:33.392  9791  9791 D DeviceStatisticsService: chargerType=1 batteryLevel=12 totalBatteryCapacity=4506200
01-30 16:12:33.392  9791  9791 D DeviceInfoHidlClient: isPowerInfoNeverSent()=true
01-30 16:12:33.392  9791  9791 D DeviceInfoHidlClient: getPowerInfoSupportStatus()=-1
01-30 16:12:33.404 11288 11288 I GoogleInputMethodService: GoogleInputMethodService.onFinishInput():2092 
01-30 16:12:33.406 11288 11288 I Module  : DeviceLockedStatusModuleProvider$Module.updateDeviceLockedStatus():103 repeatCheckTimes = 0, locked = false
01-30 16:12:33.406 11288 11288 I GoogleInputMethodService: GoogleInputMethodService.onStartInput():1349 onStartInput(EditorInfo{EditorInfo{packageName=com.termux, inputType=0, inputTypeString=NULL, enableLearning=false, autoCorrection=false, autoComplete=false, imeOptions=2000001, privateImeOptions=null, actionName=NONE, actionLabel=null, initialSelStart=-1, initialSelEnd=-1, initialCapsMode=0, label=null, fieldId=2131231189, fieldName=null, extras=null, hintText=null, hintLocales=[]}}, false)
01-30 16:12:33.407 11288 11288 I Module  : DeviceLockedStatusModuleProvider$Module.updateDeviceLockedStatus():103 repeatCheckTimes = 1, locked = false
01-30 16:12:33.409 11288 11288 I GoogleInputMethodService: GoogleInputMethodService.onStartInputView():1447 onStartInputView(EditorInfo{EditorInfo{packageName=com.termux, inputType=0, inputTypeString=NULL, enableLearning=false, autoCorrection=false, autoComplete=false, imeOptions=2000001, privateImeOptions=null, actionName=NONE, actionLabel=null, initialSelStart=-1, initialSelEnd=-1, initialCapsMode=0, label=null, fieldId=2131231189, fieldName=null, extras=null, hintText=null, hintLocales=[]}}, false)
01-30 16:12:33.409 11288 11288 W ModuleManager: ModuleManager.loadModule():572 Module oaw is not available
01-30 16:12:33.410 11288 11288 I KeyboardHeightUtil: KeyboardHeightUtil.getOemKeyboardHeightRatio():81 systemKeyboardHeightRatio:1.000000.
01-30 16:12:33.423 11288 11288 I InputContextChangeTracker: InputContextChangeTracker.fixLyingSelectionRangeFromSurroundingText():1678 fixLyingSelectionRangeFromSurroundingText(): [-1, -1]([-1, -1]) -> [0, 0]([0, 0])
01-30 16:12:33.425 11288 11288 I AndroidIME: InputBundleManager.loadActiveInputBundleId():528 loadActiveInputBundleId: und-Latn-x-password, password
01-30 16:12:33.425 11288 11288 I AndroidIME: InputBundleManager.getKeyboardTypeToActive():416 Screen rotating, keyboard type to be activated: ndn[keyboardType=prime, payload=null]
01-30 16:12:33.425 11288 11288 I AndroidIME: AbstractIme.onActivate():95 PasswordIme.onActivate() : EditorInfo = EditorInfo{packageName=com.termux, inputType=0, inputTypeString=NULL, enableLearning=false, autoCorrection=false, autoComplete=false, imeOptions=2000001, privateImeOptions=null, actionName=NONE, actionLabel=null, initialSelStart=-1, initialSelEnd=-1, initialCapsMode=0, label=null, fieldId=2131231189, fieldName=null, extras=null, hintText=null, hintLocales=[]}, IncognitoMode = false, DeviceLocked = false
01-30 16:12:33.426 11288 11288 I KeyboardWrapper: KeyboardWrapper.activateKeyboard():582 activateKeyboard(): type=prime, status=INACTIVE, imeDef=nch{stringId=password, language=und-Latn-x-password, languageTag=und-Latn-x-password, processedConditions={writing_helper_enable_by_word_revert=false, variant=qwerty, true=true, language=pt-BR, enable_number_row=true, device=phone, enable_number_row_in_password=true, enable_pk_simulator=false}, className=com.google.android.libraries.inputmethod.ime.password.PasswordIme, label=2132019326, keyEventInterpreter=null, inlineComposing=true, autoCapital=true, announceAutoSelectedCandidate=true, statusIcon=0, indicatorIcon=0, indicatorLabel=null, displayAppCompletions=false, extraValues=nca{}, processors=nea@cda148, unacceptableMetaKeys=4098, languageSpecificSettings=0, asciiCapable=false, alwaysShowSuggestions=false, useAsciiPasswordKeyboard=false, keyboardGroupDef=ndj@461cbe1, phenotypeFlagId=0, localizationLanguageTag=null, supportsInlineSuggestion=false}
01-30 16:12:33.426 11288 11288 I KeyboardManager: KeyboardManager.requestKeyboard():249 Creating keyboard prime, imeId=password, cacheKey=theme,BORDER,EXPRESSION_PAPERCUTS_V2,FLAVOR_DPI=XXHDPI,IS_LIGHT,KEYBOARD_WIDTH_CATEGORY=NORMAL,KEY_BORDER_SHAPE=1,LIGHT_THEME=true,PHYSICAL_DIAGONAL=6.5229044,POPUP,SCREEN_SHORTEST_WIDTH=449,SCREEN_SHORTEST_WIDTH_NO_SCALE=449,SW400DP,XXHDPI,bottom4dp,enable_popup_on_keypress=true,non_linear_scale,use_expression_papercuts_v2_colors=true,zip_com.google.gboard.20181009.gradient_light.midsummer_night
01-30 16:12:33.427 11288 11288 I KeyboardWrapper: KeyboardWrapper.onKeyboardReady():224 onKeyboardReady(): type=prime(prime), kb=com.google.android.apps.inputmethod.latin.keyboard.LatinPasswordKeyboard@bc64ef6
01-30 16:12:33.427 11288 11288 I KeyboardWrapper: KeyboardWrapper.doActivateKeyboard():612 doActivateKeyboard(): prime
01-30 16:12:33.429 11288 11288 I BaseKeyboardSizeHelper: BaseKeyboardSizeHelper.calculateMaxKeyboardBodyHeight():73 leave 257 height for app when ime window height:2145, header height:106 and isFullscreenMode:false, so the max keyboard body height is:1782
01-30 16:12:33.429 11288 11288 I GlobeKeyExtension: GlobeKeyExtension.getKeyboardInitialStates():175 
01-30 16:12:33.430 11288 11288 W Keyboard: Keyboard.getKeyboardViewHelper():604 null helper is returned: keyboardDef=ndb{processedConditions={show_comma_key=true, enable_more_candidates_view_for_multilingual=false, layout_9key_split=false, enable_secondary_symbols=false, pref_enable_flick_symbols=false, language=pt-BR, deprecate_long_press_space_for_ime_picker=false, show_suggestion_strip=true, expressions=normal, android_software_xr_api_spatial=false, variant=qwerty, show_period_key=true, enable_number_row=true, device=phone, keyboard_mode=normal, show_secondary_digits=false, enable_preemptive_decode=true, enable_pk_simulator=false}, globalConditions={global_theme_key=theme,BORDER,EXPRESSION_PAPERCUTS_V2,FLAVOR_DPI=XXHDPI,IS_LIGHT,KEYBOARD_WIDTH_CATEGORY=NORMAL,KEY_BORDER_SHAPE=1,LIGHT_THEME=true,PHYSICAL_DIAGONAL=6.5229044,POPUP,SCREEN_SHORTEST_WIDTH=449,SCREEN_SHORTEST_WIDTH_NO_SCALE=449,SW400DP,XXHDPI,bottom4dp,enable_popup_on_keypress=true,non_linear_scale,use_expression_papercuts_v2_colors=true,zip_com.google.gboard.20181009.gradient_light.midsummer_night, global_locale=pt_BR, global_density_dpi=384, global_orientation=1}, className=.latin.keyboard.LatinPasswordKeyboard, resourceIds=[#0x7f1706c9, #0x7f170891, #0x7f1706bf], initialStates=0, keyboardViewDefs=[ndr{direction=null, id=#0x7f0b0227, isScalable=true, layoutId=#0x7f0e02b2, type=BODY, touchable=true, defaultShow=true}, ndr{direction=null, id=#0x7f0b0227, isScalable=false, layoutId=#0x7f0e020e, type=FLOATING_CANDIDATES, touchable=false, defaultShow=false}, ndr{direction=LOCALE, id=#0x7f0b0227, isScalable=false, layoutId=#0x7f0e0514, type=HEADER, touchable=true, defaultShow=true}], persistentStates=0, persistentStatesPrefKey=null, popupBubbleLayoutId=#0x7f0e05ef, recentKeyLayoutId=#0x0, recentKeyPopupLayoutId=#0x0, recentKeyType=null, rememberRecentKey=NONE, sessionStates=17592186044419}, type=WIDGET, helpersCreated={HEADER=mpl@56d858b, BODY=mpl@2d46668, FLOATING_CANDIDATES=mpl@8137a81}, context.getResources().getConfiguration(): {0.85 ?mcc?mnc [pt_BR] ldltr sw449dp w449dp h893dp 384dpi nrml long port night finger -keyb/v/h -nav/h winConfig={ mBounds=Rect(0, 0 - 1080, 2340) mAppBounds=Rect(0, 0 - 1080, 2225) mWindowingMode=fullscreen mDisplayWindowingMode=fullscreen mActivityType=undefined mAlwaysOnTop=undefined mRotation=ROTATION_0} s.387 ?spn ?gid}
01-30 16:12:33.430 11288 11288 I BaseKeyboardSizeHelper: BaseKeyboardSizeHelper.calculateMaxKeyboardBodyHeight():73 leave 257 height for app when ime window height:2145, header height:106 and isFullscreenMode:false, so the max keyboard body height is:1782
01-30 16:12:33.431 11288 11288 I AndroidIME: InputBundleManager.startInput():358 startInput() with ndn[keyboardType=prime, payload=null]
01-30 16:12:33.434 11288 11288 I GlobeKeyExtension: GlobeKeyExtension.onActivate():120 
01-30 16:12:33.434 11288 11288 I AutoPasteSuggestionHelper: AutoPasteSuggestionHelper.createProactiveSuggestions():522 Failed to create item chips.
01-30 16:12:33.435 11288 11288 I NewLanguagePromptExtension: NewLanguagePromptExtension.onActivate():189 Not activated NewLanguagePromptExtension: not a normal text input box.
01-30 16:12:33.436 11288 11288 I VoiceInputManagerWrapper: VoiceInputManagerWrapper.cancelShutdown():109 cancelShutdown()
01-30 16:12:33.436 11288 11288 I VoiceInputManagerWrapper: VoiceInputManagerWrapper.syncLanguagePacks():121 syncLanguagePacks()
01-30 16:12:33.440 11288 11288 I VoiceInputManager: VoiceInputManager.onKeyboardActivated():1213 onKeyboardActivated() [UD]
01-30 16:12:33.440 11288 11288 I PkModeUpdater: PkModeUpdater.onActivate():74 onActivate false true
01-30 16:12:33.440 11288 11288 I AccessoryInputModeManager: AccessoryInputModeManager.onModeStarted():321 Accessory input mode started: null
01-30 16:12:33.441 11288 11288 W SupplementaryKeyboardsWrapper: SupplementaryKeyboardsWrapper.deactivateKeyboard():162 keyboard accessory_candidates_consumer is not activated before!
01-30 16:12:33.441 11288 11288 I AndroidIME: KeyboardViewManager.updateKeyboardBackgroundDrawableLevel():403 Set level to the background drawable: 10000
01-30 16:12:33.442 11288 11288 I AndroidIME: KeyboardViewManager.updateKeyboardBackgroundDrawableLevel():403 Set level to the background drawable: 10000
01-30 16:12:33.442 11288 11288 I KeyboardModeUtils: KeyboardModeUtils.getKeyboardBottomOffset():435 inch: 0.000000 ydpi: 393.614990 adjustKeyboardBottomByDisplaySize: false currentDensityDpi: 384 defaultDensityDpi: 384 keyboardBottomToScreenPx: 0 keyboardBottomToNavBarPx: -115 navBarHeight: 115
01-30 16:12:33.442 11288 15659 I SpeechFactory: SpeechRecognitionFactory.maybeScheduleAutoPackDownloadForFallback():217 maybeScheduleAutoPackDownloadForFallback()
01-30 16:12:33.442 11288 11288 I BaseKeyboardSizeHelper: BaseKeyboardSizeHelper.calculateMaxKeyboardBodyHeight():73 leave 257 height for app when ime window height:2145, header height:106 and isFullscreenMode:false, so the max keyboard body height is:1782
01-30 16:12:33.442 11288 11288 I chatty  : uid=10211(com.google.android.inputmethod.latin) identical 1 line
01-30 16:12:33.442 11288 11288 I BaseKeyboardSizeHelper: BaseKeyboardSizeHelper.calculateMaxKeyboardBodyHeight():73 leave 257 height for app when ime window height:2145, header height:106 and isFullscreenMode:false, so the max keyboard body height is:1782
01-30 16:12:33.442 22060 25877 I MediaCodec: (0xb40000785c662a90) stop
01-30 16:12:33.442 11288 11288 I BaseKeyboardSizeHelper: BaseKeyboardSizeHelper.calculateMaxKeyboardBodyHeight():73 leave 257 height for app when ime window height:2145, header height:106 and isFullscreenMode:false, so the max keyboard body height is:1782
01-30 16:12:33.443 22060 25879 D CCodecBufferChannel: [c2.android.vorbis.decoder#635] MediaCodec discarded an unknown buffer
01-30 16:12:33.443 22060 25879 I chatty  : uid=10347(com.termux) identical 1 line
01-30 16:12:33.443 22060 25879 D CCodecBufferChannel: [c2.android.vorbis.decoder#635] MediaCodec discarded an unknown buffer
01-30 16:12:33.443 11288 11288 W NormalModeController: NormalModeController.adjustKeyboardBodyHeightRatio():214 Invalid height ratio from decoder -1.000000!
01-30 16:12:33.443 11288 11288 W ExtensionWrapper: ExtensionWrapper.setExtensionViewVisibility():863 interface msq is not activate
01-30 16:12:33.443 22060 25877 I MediaCodec: (0xb40000785c662a90) release
01-30 16:12:33.444 11288 15659 I FallbackOnDeviceRecognitionProvider: FallbackOnDeviceRecognitionProvider.maybeScheduleAutoPackDownload():205 maybeScheduleAutoPackDownload() for language tag pt-BR
01-30 16:12:33.445 11288 11288 I Module  : DeviceLockedStatusModuleProvider$Module.updateDeviceLockedStatus():103 repeatCheckTimes = 1, locked = false
01-30 16:12:33.446 11288 11288 I VoiceImeExtension: VoiceImeExtension.shouldStartVoiceInputAutomaticallyInCurrentInputBox():384 No private IME option set to start voice input.
01-30 16:12:33.448 11288 15659 I SpeechPackManager: SpeechPackManager.isPackAvailableToDownload():224 isPackAvailableToDownload() : LanguageTag = pt-BR : ManifestUrl = https://dl.google.com/android/voice/gboard/terse/superpacks-manifest-20210519.json
01-30 16:12:33.449 22060 25882 I hw-BpHwBinder: onLastStrongRef automatically unlinking death recipients
01-30 16:12:33.450  1464  3097 I hw-BpHwBinder: onLastStrongRef automatically unlinking death recipients
01-30 16:12:33.450  1464  3097 I hw-BpHwBinder: onLastStrongRef automatically unlinking death recipients
01-30 16:12:33.450  1464  3097 D BufferPoolAccessor2.0: Destruction - bufferpool2 0xb4000074e006c038 cached: 0/0M, 0/0% in use; allocs: 0, 0% recycled; transfers: 0, 0% unfetched
01-30 16:12:33.452 11288 12038 I FallbackOnDeviceRecognitionProvider: FallbackOnDeviceRecognitionProvider$1.onSuccess():213 auto download packs.
01-30 16:12:33.455 11288 12038 I SpeechPackManager: SpeechPackManager.syncPacks():343 syncPacks()
01-30 16:12:33.456 11288 12038 I SpeechPackManager: SpeechPackManager.isPackAvailableOnDisk():205 isPackAvailableOnDisk() : LanguageTag = az-AZ
01-30 16:12:33.456 11288 12038 I SpeechPackManager: SpeechPackManager.registerManifest():509 registerManifest() : https://dl.google.com/android/voice/gboard/terse/superpacks-manifest-20210519.json
01-30 16:12:33.464 11288 11851 I SpeechPackManager: SpeechPackManager.registerManifest():516 registerManifest() : Reusing hash 1327534105
01-30 16:12:33.470 11288 11722 I SpeechPackSlicingStrategy: SpeechPackSlicingStrategy.getSlices():52 getSlices() : ForceUpdates = false : LanguageTags = [pt-BR]
01-30 16:12:33.470 11288 11722 I SpeechPackSlicingStrategy: SpeechPackSlicingStrategy.getSlices():66 getSlices(): slicing result: {slices=[{gboard-small-speech-packs:pt-BR-v200-f20, W:C:*:*, bg}], last batch=true, sync metadata=false}
01-30 16:12:33.470 11288 11288 I KeyboardModeUtils: KeyboardModeUtils.getKeyboardBottomOffset():435 inch: 0.000000 ydpi: 393.614990 adjustKeyboardBottomByDisplaySize: false currentDensityDpi: 384 defaultDensityDpi: 384 keyboardBottomToScreenPx: 0 keyboardBottomToNavBarPx: -115 navBarHeight: 115
01-30 16:12:33.470 11288 11722 I SP      : Syncing gboard-small-speech-packs (1327534105) with slices: [{pt-BR-v200-f20, W:C:*:*, bg}], metadata: false
01-30 16:12:33.470 10473 10694 W CursorWindow: Window is full: requested allocation 60 bytes, free space 42 bytes, window size 2097152 bytes
01-30 16:12:33.470 11288 11288 I BaseKeyboardSizeHelper: BaseKeyboardSizeHelper.calculateMaxKeyboardBodyHeight():73 leave 257 height for app when ime window height:2145, header height:106 and isFullscreenMode:false, so the max keyboard body height is:1782
01-30 16:12:33.470 11288 11288 I BaseKeyboardSizeHelper: BaseKeyboardSizeHelper.calculateMaxKeyboardBodyHeight():73 leave 257 height for app when ime window height:2145, header height:106 and isFullscreenMode:false, so the max keyboard body height is:1782
01-30 16:12:33.471 11288 11288 I WindowMetricsNotification: WindowMetricsNotification.notifyWithWindow():166 
01-30 16:12:33.473 11288 11288 I WindowMetricsNotification: WindowMetricsNotification.notify():159 pze[bounds=Rect(0, 80 - 1080, 2340), insets=Rect(0, 0 - 0, 115), densityDpi=384, smallestScreenWidthDp=449, displayWidth=1080, displayHeight=2340, xdpi=397.565, ydpi=393.615, isTrustable=true, displayId=0]; DisplayMetrics{density=2.4, width=1080, height=2340, scaledDensity=2.4, xdpi=397.565, ydpi=393.615}
01-30 16:12:33.476 11288 11305 I putmethod.lati: CollectorTransition concurrent copying GC freed 141395(5838KB) AllocSpace objects, 10(528KB) LOS objects, 49% free, 11MB/23MB, paused 557us total 328.500ms
01-30 16:12:33.479 11288 11307 W SP      : File ref is being finalized but wasn't closed, file: pt-BR-v200-f20[21]
01-30 16:12:33.500 11288 11288 I GoogleInputMethodService: GoogleInputMethodService$1.onKeyboardViewShown():323 onKeyboardViewShown: keyboardType=prime, keyboardViewType=HEADER keyboardView=com.google.android.libraries.inputmethod.widgets.SoftKeyboardView{ba31a3d V.E...... ........ 0,0-1080,106}
01-30 16:12:33.500 11288 11288 I BaseKeyboardSizeHelper: BaseKeyboardSizeHelper.calculateMaxKeyboardBodyHeight():73 leave 257 height for app when ime window height:2145, header height:106 and isFullscreenMode:false, so the max keyboard body height is:1782
01-30 16:12:33.501 11288 11288 I GoogleInputMethodService: GoogleInputMethodService$1.onKeyboardViewShown():323 onKeyboardViewShown: keyboardType=prime, keyboardViewType=BODY keyboardView=com.google.android.libraries.inputmethod.widgets.SoftKeyboardView{b4aa4c1 V.E...... ........ 0,0-1080,698}
01-30 16:12:33.501 11288 11288 I BaseKeyboardSizeHelper: BaseKeyboardSizeHelper.calculateMaxKeyboardBodyHeight():73 leave 257 height for app when ime window height:2145, header height:106 and isFullscreenMode:false, so the max keyboard body height is:1782
01-30 16:12:33.501 11288 11288 I GlobeKeyExtension: GlobeKeyExtension$1.onKeyboardViewShown():72 maybeDisableLanguageSwitchKeyPref when the keyboard is shown
01-30 16:12:33.501 11288 11288 I GlobeKeyExtension: GlobeKeyExtension.maybeDisableLanguageSwitchKeyPref():200 maybeDisableLanguageSwitchKeyPref hasGlobeKeyBeenDisabled: false, shouldDisableLanguageSwitchKey: false
01-30 16:12:33.501 11288 11288 I NewLanguagePromptExtension: NewLanguagePromptExtension$1.onKeyboardViewShown():88 Not show new language banner: not prime keyboard, or the extension not activated.
01-30 16:12:33.507  9123  9156 I WindowManager: SURFACE show Surface(name=InputMethod)/@0xb4f51c1 on display:0
01-30 16:12:33.513 11288 11722 I SP      : Sync for gboard-small-speech-packs succeeded in 45 ms: no changes
01-30 16:12:33.513 11288 11722 I SP      : GC for 'gboard-small-speech-packs' (10) with ttl of 0 ms took 0 ms (0/0/0)
01-30 16:12:33.516 11288 11851 I SpeechPackManager: SpeechPackManager$4.onSuccess():495 updatePackSetCacheAsync() : Updated the PackSet cache
01-30 16:12:33.622 10473 10490 I ogle.android.a: Background concurrent copying GC freed 891703(30MB) AllocSpace objects, 0(0B) LOS objects, 30% free, 54MB/78MB, paused 82us total 273.531ms
01-30 16:12:33.850 10473 10694 W CursorWindow: Window is full: requested allocation 60 bytes, free space 41 bytes, window size 2097152 bytes
01-30 16:12:34.014 10217 10217 W ThreadPoolForeg: type=1400 audit(0.0:6578): avc: denied { write } for name="traced_producer" dev="tmpfs" ino=34736 scontext=u:r:gmscore_app:s0:c512,c768 tcontext=u:object_r:traced_producer_socket:s0 tclass=sock_file permissive=0 app=com.google.android.gms
01-30 16:12:34.159  1040  1040 I QTI PowerHAL: Power setBoost: 0, duration: 0
01-30 16:12:34.163  1040  1040 I QTI PowerHAL: Power setBoost: 0, duration: 0
01-30 16:12:34.163  1089  1089 D vendor.qti.vibrator: QTI Vibrator reporting capabilities: 3
01-30 16:12:34.163  1089  1089 D vendor.qti.vibrator: QTI Vibrator off
01-30 16:12:34.167  1054  1054 W MotoVibratorService: motvibrator on command performShortWave  waveId : 3
01-30 16:12:34.167  1054  1054 D motorola.hardware.vibrator@1.0-service: motvibrator led device get wave index:3
01-30 16:12:34.169  1040  1040 I QTI PowerHAL: Power setBoost: 0, duration: 0
01-30 16:12:34.178  1054  1054 W MotoVibratorService: motvibrator on command retc : 0
01-30 16:12:34.199  1040  1040 I QTI PowerHAL: Power setBoost: 0, duration: 0
01-30 16:12:34.224  1040  1040 I chatty  : uid=1000(system) android.hardwar identical 1 line
01-30 16:12:34.232  1040  1040 I QTI PowerHAL: Power setBoost: 0, duration: 0
01-30 16:12:34.234 10473 10694 W CursorWindow: Window is full: requested allocation 63 bytes, free space 32 bytes, window size 2097152 bytes
01-30 16:12:34.241  1040  1040 I QTI PowerHAL: Power setBoost: 0, duration: 0
01-30 16:12:34.249  1040  1040 I chatty  : uid=1000(system) android.hardwar identical 1 line
01-30 16:12:34.458  1040  1040 I QTI PowerHAL: Power setBoost: 0, duration: 0
01-30 16:12:34.461  1089  1089 D vendor.qti.vibrator: QTI Vibrator reporting capabilities: 3
01-30 16:12:34.462  1089  1089 D vendor.qti.vibrator: QTI Vibrator off
01-30 16:12:34.463  1040  1040 I QTI PowerHAL: Power setBoost: 0, duration: 0
01-30 16:12:34.466  9123 10548 E VibratorService: Failed to issue command to vibrator HAL. Retrying.
01-30 16:12:34.467   685   685 I servicemanager: Found android.hardware.vibrator.IVibrator/default in device VINTF manifest.
01-30 16:12:34.469  9123 10548 E VibratorService: Failed to issue command to vibrator HAL. Retrying.
01-30 16:12:34.469   685   685 I servicemanager: Found android.hardware.vibrator.IVibrator/default in device VINTF manifest.
01-30 16:12:34.475  1089  1089 D vendor.qti.vibrator: Vibrator on for timeoutMs: 28
01-30 16:12:34.479  1040  1040 I QTI PowerHAL: Power setBoost: 0, duration: 0
01-30 16:12:34.499  1040  1040 I chatty  : uid=1000(system) android.hardwar identical 2 lines
01-30 16:12:34.500  1040  1040 I QTI PowerHAL: Power setBoost: 0, duration: 0
01-30 16:12:34.503 23749 23749 V GlobalScreenshot: clearing screenshot: close system dialogs
01-30 16:12:34.503 23749 23749 V DisplayScreenshotSession: clearing screenshot: close system dialogs; is showing: false
01-30 16:12:34.507  9123  9478 I ActivityTaskManager: START u0 {act=android.intent.action.MAIN cat=[android.intent.category.HOME] flg=0x10000000 pkg=com.motorola.launcher3 cmp=com.motorola.launcher3/com.android.launcher3.CustomizationPanelLauncher (has extras)} from uid 10222
01-30 16:12:34.508  9123  9478 D ActivityTaskManager: getPreferredLaunchDisplay userset_displayid false current displayId -1
01-30 16:12:34.509  1040  1040 I QTI PowerHAL: Power setMode: 5 to: 1
01-30 16:12:34.509  9123  9478 D ActivityTaskManager: getPreferredLaunchDisplay userset_displayid false current displayId -1
01-30 16:12:34.512  9123  9478 V WindowManager: Changing focus from Window{445eb4d u0 com.termux/com.termux.app.TermuxActivity} to null displayId=0
01-30 16:12:34.520  1089  1089 D vendor.qti.vibrator: QTI Vibrator off
01-30 16:12:34.521  9460  9460 V ShadeControllerImpl: NotificationShadeWindow: com.android.systemui.statusbar.phone.NotificationShadeWindowView{8348327 I.E...... ......ID 0,0-1080,2340} canPanelBeCollapsed(): false
01-30 16:12:34.530  9893  9893 D RecentsOrientedState: current RecentsOrientedState: [this=RecentsOrientedState@fb061b2 mOrientationHandler=PortraitPagedViewHandler@d8a0503 mDisplayRotation=0 mTouchRotation=0 mRecentsActivityRotation=0 isRecentsActivityRotationAllowed=false mSystemRotation=false mFlags=291]
01-30 16:12:34.530  9893  9893 D RecentsOrientedState: current RecentsOrientedState: [this=RecentsOrientedState@fb061b2 mOrientationHandler=PortraitPagedViewHandler@d8a0503 mDisplayRotation=0 mTouchRotation=0 mRecentsActivityRotation=0 isRecentsActivityRotationAllowed=false mSystemRotation=false mFlags=291]
01-30 16:12:34.537 12575 12708 I BtGatt.ScanManager: msg.what = 6
01-30 16:12:34.544   685   685 E SELinux : avc:  denied  { find } for pid=9123 uid=1000 name=payjoy_access_service scontext=u:r:system_server:s0 tcontext=u:object_r:default_android_service:s0 tclass=service_manager permissive=0
01-30 16:12:34.545  9123  9156 E SystemServiceRegistry: No service published for: payjoy_access_service
01-30 16:12:34.545  9123  9156 E SystemServiceRegistry: android.os.ServiceManager$ServiceNotFoundException: No service published for: payjoy_access_service
01-30 16:12:34.545  9123  9156 E SystemServiceRegistry: 	at android.os.ServiceManager.getServiceOrThrow(ServiceManager.java:153)
01-30 16:12:34.545  9123  9156 E SystemServiceRegistry: 	at android.app.SystemServiceRegistry$126.createService(SystemServiceRegistry.java:1694)
01-30 16:12:34.545  9123  9156 E SystemServiceRegistry: 	at android.app.SystemServiceRegistry$StaticServiceFetcher.getService(SystemServiceRegistry.java:1919)
01-30 16:12:34.545  9123  9156 E SystemServiceRegistry: 	at android.app.SystemServiceRegistry.getSystemService(SystemServiceRegistry.java:1517)
01-30 16:12:34.545  9123  9156 E SystemServiceRegistry: 	at android.app.ContextImpl.getSystemService(ContextImpl.java:1938)
01-30 16:12:34.545  9123  9156 E SystemServiceRegistry: 	at com.android.server.wm.ActivityStack.shouldSendPayJoyBroadcast(ActivityStack.java:3645)
01-30 16:12:34.545  9123  9156 E SystemServiceRegistry: 	at com.android.server.wm.ActivityStack.access$000(ActivityStack.java:188)
01-30 16:12:34.545  9123  9156 E SystemServiceRegistry: 	at com.android.server.wm.ActivityStack$ActivityStackHandler.handleMessage(ActivityStack.java:316)
01-30 16:12:34.545  9123  9156 E SystemServiceRegistry: 	at android.os.Handler.dispatchMessage(Handler.java:106)
01-30 16:12:34.545  9123  9156 E SystemServiceRegistry: 	at android.os.Looper.loop(Looper.java:250)
01-30 16:12:34.545  9123  9156 E SystemServiceRegistry: 	at android.os.HandlerThread.run(HandlerThread.java:67)
01-30 16:12:34.545  9123  9156 E SystemServiceRegistry: 	at com.android.server.ServiceThread.run(ServiceThread.java:44)
01-30 16:12:34.546  9123  9156 E SystemServiceRegistry: Manager wrapper not available: payjoy_access_service
01-30 16:12:34.557  9123 10974 V WindowManager: Changing focus from null to Window{f10780b u0 com.motorola.launcher3/com.android.launcher3.CustomizationPanelLauncher} displayId=0
01-30 16:12:34.565 24125 24125 I bpnz    : onStart
01-30 16:12:34.568 24125 24125 I bnlk    : (REDACTED) [%s] onStart()
01-30 16:12:34.568 24125 24125 I bnnp    : Reloading theme data
01-30 16:12:34.579  9123  9157 I WindowManager: SURFACE show Surface(name=com.android.systemui.ImageWallpaper)/@0x43df3eb on display:0
01-30 16:12:34.582 24125 24125 I bpnz    : onResume
01-30 16:12:34.587  9123  9157 I LaunchCheckinHandler: Displayed com.motorola.launcher3/com.android.launcher3.CustomizationPanelLauncher,wp,wa,80
01-30 16:12:34.603  9123  9157 I WindowManager: SURFACE show Surface(name=com.motorola.launcher3/com.android.launcher3.CustomizationPanelLauncher)/@0x4186b6d on display:0
01-30 16:12:34.603  9123  9157 I WindowManager: SURFACE show Surface(name=com.motorola.launcher3/com.android.launcher3.CustomizationPanelLauncher)/@0x26f23a2 on display:0
01-30 16:12:34.605  9123  9165 D ArtManagerInternalImpl: /data/misc/iorapd/com.motorola.launcher3/30/com.android.launcher3.CustomizationPanelLauncher/compiled_traces/compiled_trace.pb doesn't exist
01-30 16:12:34.605  9893  9893 D RecentsOrientedState: current RecentsOrientedState: [this=RecentsOrientedState@1b08a08 mOrientationHandler=PortraitPagedViewHandler@d8a0503 mDisplayRotation=0 mTouchRotation=0 mRecentsActivityRotation=0 isRecentsActivityRotationAllowed=false mSystemRotation=false mFlags=35]
01-30 16:12:34.606  9893  9893 I chatty  : uid=10222(com.motorola.launcher3) identical 2 lines
01-30 16:12:34.606  9893  9893 D RecentsOrientedState: current RecentsOrientedState: [this=RecentsOrientedState@1b08a08 mOrientationHandler=PortraitPagedViewHandler@d8a0503 mDisplayRotation=0 mTouchRotation=0 mRecentsActivityRotation=0 isRecentsActivityRotationAllowed=false mSystemRotation=false mFlags=35]
01-30 16:12:34.610  1040  1040 I QTI PowerHAL: Power setMode: 5 to: 0
01-30 16:12:34.632  1143  1143 E Layer   : [Surface(name=Task=1)/@0x937b2a9 - animation-leash#0] No local sync point found
01-30 16:12:34.633  1143  1143 E Layer   : [Surface(name=Task=1)/@0x937b2a9 - animation-leash#0] No local sync point found
01-30 16:12:34.633  1143  1143 E Layer   : [Surface(name=Task=5523)/@0x6940385 - animation-leash#0] No local sync point found
01-30 16:12:34.633  1143  1143 E Layer   : [Surface(name=Task=5523)/@0x6940385 - animation-leash#0] No local sync point found
01-30 16:12:34.641 10473 10694 W CursorWindow: Window is full: requested allocation 80 bytes, free space 32 bytes, window size 2097152 bytes
01-30 16:12:34.646 11288 11288 I GoogleInputMethodService: GoogleInputMethodService.onFinishInputView():1577 onFinishInputView(false)
01-30 16:12:34.647 11288 11288 I GlobeKeyExtension: GlobeKeyExtension.onDeactivate():144 
01-30 16:12:34.648 11288 11288 W TooltipLifecycleManager: TooltipLifecycleManager.dismissTooltips():153 Tooltip with id SUGGESTION_VIEW_EDU_MINI_DIALOG not found in tooltipManager.
01-30 16:12:34.657 11288 11288 I VoiceInputManagerWrapper: VoiceInputManagerWrapper.shutdown():131 shutdown()
01-30 16:12:34.664 11288 11288 I AndroidIME: AbstractIme.onDeactivate():213 PasswordIme.onDeactivate()
01-30 16:12:34.671 11288 11288 I PrimesLoggerHolder: FrameMetricServiceImpl.stopAsFuture():239 Measurement not found: OnConfigurationChanged
01-30 16:12:34.672 11288 11288 W TooltipLifecycleManager: TooltipLifecycleManager.dismissTooltips():153 Tooltip with id undo_access_point_promotion_banner not found in tooltipManager.
01-30 16:12:34.688 11288 11288 I GoogleInputMethodService: GoogleInputMethodService.onFinishInput():2092 
01-30 16:12:34.691 11288 11288 I Module  : DeviceLockedStatusModuleProvider$Module.updateDeviceLockedStatus():103 repeatCheckTimes = 0, locked = false
01-30 16:12:34.692 11288 11288 I GoogleInputMethodService: GoogleInputMethodService.onStartInput():1349 onStartInput(EditorInfo{EditorInfo{packageName=com.motorola.launcher3, inputType=0, inputTypeString=NULL, enableLearning=false, autoCorrection=false, autoComplete=false, imeOptions=0, privateImeOptions=null, actionName=UNSPECIFIED, actionLabel=null, initialSelStart=-1, initialSelEnd=-1, initialCapsMode=0, label=null, fieldId=-1, fieldName=null, extras=null, hintText=null, hintLocales=[]}}, false)
01-30 16:12:34.694 11288 11288 I Module  : DeviceLockedStatusModuleProvider$Module.updateDeviceLockedStatus():103 repeatCheckTimes = 1, locked = false
01-30 16:12:34.695  9893  9913 W System  : A resource failed to call release. 
01-30 16:12:34.696  9893  9913 I chatty  : uid=10222(com.motorola.launcher3) FinalizerDaemon identical 1 line
01-30 16:12:34.696  9893  9913 W System  : A resource failed to call release. 
01-30 16:12:34.710 11288 11288 I KeyboardModeUtils: KeyboardModeUtils.getKeyboardBottomOffset():435 inch: 0.000000 ydpi: 393.614990 adjustKeyboardBottomByDisplaySize: false currentDensityDpi: 384 defaultDensityDpi: 384 keyboardBottomToScreenPx: 0 keyboardBottomToNavBarPx: -115 navBarHeight: 115
01-30 16:12:34.711 11288 11288 I BaseKeyboardSizeHelper: BaseKeyboardSizeHelper.calculateMaxKeyboardBodyHeight():73 leave 257 height for app when ime window height:2145, header height:106 and isFullscreenMode:false, so the max keyboard body height is:1782
01-30 16:12:34.711 11288 11288 I BaseKeyboardSizeHelper: BaseKeyboardSizeHelper.calculateMaxKeyboardBodyHeight():73 leave 257 height for app when ime window height:2145, header height:106 and isFullscreenMode:false, so the max keyboard body height is:1782
