01-30 16:12:26.142 11288 11288 I GoogleInputMethodService: GoogleInputMethodService$8.onWindowMetricsChanged():801 windowMetrics: bounds() = Rect(0, 80 - 1080, 2340), insets() = Rect(0, 0 - 0, 115)
01-30 16:12:26.143 11288 11288 I AndroidIME: LatinIMEBase.updateInputViewCoverNavigation():352 Update input view padding, extendsTouchBelowSpace=false, bottom inset=115
01-30 16:12:26.143 11288 11288 I WindowMetricsNotification: WindowMetricsNotification.notify():159 pze[bounds=Rect(0, 80 - 1080, 2340), insets=Rect(0, 0 - 0, 115), densityDpi=384, smallestScreenWidthDp=449, displayWidth=1080, displayHeight=2340, xdpi=397.565, ydpi=393.615, isTrustable=true, displayId=0]; DisplayMetrics{density=2.4, width=1080, height=2340, scaledDensity=2.4, xdpi=397.565, ydpi=393.615}
01-30 16:12:26.152 11288 11288 I KeyboardWrapper: KeyboardWrapper.onKeyboardReady():224 onKeyboardReady(): type=null(prime), kb=com.google.android.apps.inputmethod.latin.keyboard.LatinPasswordKeyboard@bc64ef6
01-30 16:12:26.153 11288 11288 I VoiceInputManager: VoiceInputManager.onKeyboardActivated():1213 onKeyboardActivated() [UD]
01-30 16:12:26.153 11288 11288 I KeyboardWrapper: KeyboardWrapper.doActivateKeyboard():612 doActivateKeyboard(): prime
01-30 16:12:26.159 11288 11722 I SP      : Sync for gboard-small-speech-packs succeeded in 32 ms: no changes
01-30 16:12:26.159 11288 11722 I SP      : GC for 'gboard-small-speech-packs' (10) with ttl of 0 ms took 0 ms (0/0/0)
01-30 16:12:26.161 11288 11851 I SpeechPackManager: SpeechPackManager$4.onSuccess():495 updatePackSetCacheAsync() : Updated the PackSet cache
01-30 16:12:26.203 11288 11288 I KeyboardViewHelper: KeyboardViewHelper.getView():180 Get view with height ratio:1.000000
01-30 16:12:26.252 11288 11288 I BaseKeyboardSizeHelper: BaseKeyboardSizeHelper.calculateMaxKeyboardBodyHeight():73 leave 257 height for app when ime window height:2145, header height:106 and isFullscreenMode:false, so the max keyboard body height is:1782
01-30 16:12:26.252 11288 11288 I SoftKeyboardView: SoftKeyboardView.setMaxHeight():1102 Set max keyboard height:1782.
01-30 16:12:26.257 11288 11288 I AndroidIME: KeyboardViewManager.updateKeyboardBackgroundFrameVisibility():351 Set background frame visibility. old:8, new:8
01-30 16:12:26.257 11288 11288 I AndroidIME: KeyboardViewManager.updateKeyboardBackgroundDrawableLevel():403 Set level to the background drawable: 10000
01-30 16:12:26.258 11288 11288 I AndroidIME: KeyboardViewManager.updateKeyboardBackgroundDrawableLevel():403 Set level to the background drawable: 10000
01-30 16:12:26.258 11288 11288 I BaseKeyboardSizeHelper: BaseKeyboardSizeHelper.calculateMaxKeyboardBodyHeight():73 leave 257 height for app when ime window height:2145, header height:106 and isFullscreenMode:false, so the max keyboard body height is:1782
01-30 16:12:26.258 11288 11288 I BaseKeyboardSizeHelper: BaseKeyboardSizeHelper.calculateMaxKeyboardBodyHeight():73 leave 257 height for app when ime window height:2145, header height:106 and isFullscreenMode:false, so the max keyboard body height is:1782
01-30 16:12:26.258 11288 11288 W NormalModeController: NormalModeController.adjustKeyboardBodyHeightRatio():214 Invalid height ratio from decoder -1.000000!
01-30 16:12:26.260 11288 11288 I GlobeKeyExtension: GlobeKeyExtension.getKeyboardInitialStates():175 
01-30 16:12:26.260 11288 11288 W KeyboardDef: KeyboardDef.getKeyboardViewDef():739 KeyboardViewDef is not found: keyboardDef=ndb{processedConditions={show_comma_key=true, enable_more_candidates_view_for_multilingual=false, layout_9key_split=false, enable_secondary_symbols=false, pref_enable_flick_symbols=false, language=pt-BR, deprecate_long_press_space_for_ime_picker=false, show_suggestion_strip=true, expressions=normal, android_software_xr_api_spatial=false, variant=qwerty, show_period_key=true, enable_number_row=true, device=phone, keyboard_mode=normal, show_secondary_digits=false, enable_preemptive_decode=true, enable_pk_simulator=false}, globalConditions={global_theme_key=theme,BORDER,EXPRESSION_PAPERCUTS_V2,FLAVOR_DPI=XXHDPI,IS_LIGHT,KEYBOARD_WIDTH_CATEGORY=NORMAL,KEY_BORDER_SHAPE=1,LIGHT_THEME=true,PHYSICAL_DIAGONAL=6.5229044,POPUP,SCREEN_SHORTEST_WIDTH=449,SCREEN_SHORTEST_WIDTH_NO_SCALE=449,SW400DP,XXHDPI,bottom4dp,enable_popup_on_keypress=true,non_linear_scale,use_expression_papercuts_v2_colors=true,zip_com.google.gboard.20181009.gradient_light.midsummer_night, global_locale=pt_BR, global_density_dpi=384, global_orientation=1}, className=.latin.keyboard.LatinPasswordKeyboard, resourceIds=[#0x7f1706c9, #0x7f170891, #0x7f1706bf], initialStates=0, keyboardViewDefs=[ndr{direction=null, id=#0x7f0b0227, isScalable=true, layoutId=#0x7f0e02b2, type=BODY, touchable=true, defaultShow=true}, ndr{direction=null, id=#0x7f0b0227, isScalable=false, layoutId=#0x7f0e020e, type=FLOATING_CANDIDATES, touchable=false, defaultShow=false}, ndr{direction=LOCALE, id=#0x7f0b0227, isScalable=false, layoutId=#0x7f0e0514, type=HEADER, touchable=true, defaultShow=true}], persistentStates=0, persistentStatesPrefKey=null, popupBubbleLayoutId=#0x7f0e05ef, recentKeyLayoutId=#0x0, recentKeyPopupLayoutId=#0x0, recentKeyType=null, rememberRecentKey=NONE, sessionStates=17592186044419}, type=WIDGET, id=2131427879
01-30 16:12:26.261 11288 11288 W Keyboard: Keyboard.getKeyboardViewHelper():604 null helper is returned: keyboardDef=ndb{processedConditions={show_comma_key=true, enable_more_candidates_view_for_multilingual=false, layout_9key_split=false, enable_secondary_symbols=false, pref_enable_flick_symbols=false, language=pt-BR, deprecate_long_press_space_for_ime_picker=false, show_suggestion_strip=true, expressions=normal, android_software_xr_api_spatial=false, variant=qwerty, show_period_key=true, enable_number_row=true, device=phone, keyboard_mode=normal, show_secondary_digits=false, enable_preemptive_decode=true, enable_pk_simulator=false}, globalConditions={global_theme_key=theme,BORDER,EXPRESSION_PAPERCUTS_V2,FLAVOR_DPI=XXHDPI,IS_LIGHT,KEYBOARD_WIDTH_CATEGORY=NORMAL,KEY_BORDER_SHAPE=1,LIGHT_THEME=true,PHYSICAL_DIAGONAL=6.5229044,POPUP,SCREEN_SHORTEST_WIDTH=449,SCREEN_SHORTEST_WIDTH_NO_SCALE=449,SW400DP,XXHDPI,bottom4dp,enable_popup_on_keypress=true,non_linear_scale,use_expression_papercuts_v2_colors=true,zip_com.google.gboard.20181009.gradient_light.midsummer_night, global_locale=pt_BR, global_density_dpi=384, global_orientation=1}, className=.latin.keyboard.LatinPasswordKeyboard, resourceIds=[#0x7f1706c9, #0x7f170891, #0x7f1706bf], initialStates=0, keyboardViewDefs=[ndr{direction=null, id=#0x7f0b0227, isScalable=true, layoutId=#0x7f0e02b2, type=BODY, touchable=true, defaultShow=true}, ndr{direction=null, id=#0x7f0b0227, isScalable=false, layoutId=#0x7f0e020e, type=FLOATING_CANDIDATES, touchable=false, defaultShow=false}, ndr{direction=LOCALE, id=#0x7f0b0227, isScalable=false, layoutId=#0x7f0e0514, type=HEADER, touchable=true, defaultShow=true}], persistentStates=0, persistentStatesPrefKey=null, popupBubbleLayoutId=#0x7f0e05ef, recentKeyLayoutId=#0x0, recentKeyPopupLayoutId=#0x0, recentKeyType=null, rememberRecentKey=NONE, sessionStates=17592186044419}, type=WIDGET, helpersCreated={HEADER=mpl@56d858b, BODY=mpl@2d46668, FLOATING_CANDIDATES=mpl@8137a81}, context.getResources().getConfiguration(): {0.85 ?mcc?mnc [pt_BR] ldltr sw449dp w449dp h893dp 384dpi nrml long port night finger -keyb/v/h -nav/h winConfig={ mBounds=Rect(0, 0 - 1080, 2340) mAppBounds=Rect(0, 0 - 1080, 2225) mWindowingMode=fullscreen mDisplayWindowingMode=fullscreen mActivityType=undefined mAlwaysOnTop=undefined mRotation=ROTATION_0} s.387 ?spn ?gid}
01-30 16:12:26.262 11288 11288 I BaseKeyboardSizeHelper: BaseKeyboardSizeHelper.calculateMaxKeyboardBodyHeight():73 leave 257 height for app when ime window height:2145, header height:106 and isFullscreenMode:false, so the max keyboard body height is:1782
01-30 16:12:26.273 11288 11288 I AndroidIME: KeyboardViewManager.updateKeyboardBackgroundFrameVisibility():351 Set background frame visibility. old:8, new:0
01-30 16:12:26.274 11288 11288 I KeyboardModeUtils: KeyboardModeUtils.getKeyboardBottomOffset():435 inch: 0.000000 ydpi: 393.614990 adjustKeyboardBottomByDisplaySize: false currentDensityDpi: 384 defaultDensityDpi: 384 keyboardBottomToScreenPx: 0 keyboardBottomToNavBarPx: -115 navBarHeight: 115
01-30 16:12:26.274 11288 11288 I BaseKeyboardSizeHelper: BaseKeyboardSizeHelper.calculateMaxKeyboardBodyHeight():73 leave 257 height for app when ime window height:2145, header height:106 and isFullscreenMode:false, so the max keyboard body height is:1782
01-30 16:12:26.274 11288 11288 I BaseKeyboardSizeHelper: BaseKeyboardSizeHelper.calculateMaxKeyboardBodyHeight():73 leave 257 height for app when ime window height:2145, header height:106 and isFullscreenMode:false, so the max keyboard body height is:1782
01-30 16:12:26.274 11288 11288 W View    : requestLayout() improperly called by com.google.android.libraries.inputmethod.widgets.SoftKeyView{a57e3f VFE...C.. ......ID 5,0-106,106 #7f0b04e5 app:id/key_pos_header_access_points_menu} during layout: running second layout pass
01-30 16:12:26.274 11288 11288 W View    : requestLayout() improperly called by com.google.android.libraries.inputmethod.widgets.CopyImageSourceView{6a8230c V.ED..... ......ID 5,0-1075,106 #7f0b01e4 app:id/0_resource_name_obfuscated} during layout: running second layout pass
01-30 16:12:26.274 11288 11288 W View    : requestLayout() improperly called by android.widget.LinearLayout{78cc455 V.E...... ......ID 106,0-974,106 #7f0b0390 app:id/0_resource_name_obfuscated} during layout: running second layout pass
01-30 16:12:26.274 11288 11288 W View    : requestLayout() improperly called by com.google.android.libraries.inputmethod.widgets.SoftKeyView{97fae6a VFE...C.. ......ID 974,0-1075,106 #7f0b04ed app:id/key_pos_header_power_key} during layout: running second layout pass
01-30 16:12:26.274 11288 11288 W View    : requestLayout() improperly called by com.google.android.libraries.inputmethod.widgets.ShrinkableFrameView{27dbf5b V.E...... ......I. 0,0-0,0 #7f0b05bb app:id/0_resource_name_obfuscated} during layout: running second layout pass
01-30 16:12:26.275 11288 11288 I KeyboardModeUtils: KeyboardModeUtils.getKeyboardBottomOffset():435 inch: 0.000000 ydpi: 393.614990 adjustKeyboardBottomByDisplaySize: false currentDensityDpi: 384 defaultDensityDpi: 384 keyboardBottomToScreenPx: 0 keyboardBottomToNavBarPx: -115 navBarHeight: 115
01-30 16:12:26.275 11288 11288 I BaseKeyboardSizeHelper: BaseKeyboardSizeHelper.calculateMaxKeyboardBodyHeight():73 leave 257 height for app when ime window height:2145, header height:106 and isFullscreenMode:false, so the max keyboard body height is:1782
01-30 16:12:26.275 11288 11288 I BaseKeyboardSizeHelper: BaseKeyboardSizeHelper.calculateMaxKeyboardBodyHeight():73 leave 257 height for app when ime window height:2145, header height:106 and isFullscreenMode:false, so the max keyboard body height is:1782
01-30 16:12:26.279 11288 11288 I ScaleBitmapDrawable: ScaleBitmapDrawable.draw():217 drawable:#1e24736, drawingMatrix:[3.61204, 0.0, 0.0][0.0, 3.61204, -1038.0][0.0, 0.0, 1.0]
01-30 16:12:26.279 11288 11288 I ScaleBitmapDrawable: ScaleBitmapDrawable.draw():217 drawable:#8cef637, drawingMatrix:[1.803005, 0.0, 0.0][0.0, 1.803005, -1035.0][0.0, 0.0, 1.0]
01-30 16:12:26.310 11288 11288 I GoogleInputMethodService: GoogleInputMethodService$1.onKeyboardViewShown():323 onKeyboardViewShown: keyboardType=prime, keyboardViewType=HEADER keyboardView=com.google.android.libraries.inputmethod.widgets.SoftKeyboardView{ba31a3d V.E...... ........ 0,0-1080,106}
01-30 16:12:26.310 11288 11288 I BaseKeyboardSizeHelper: BaseKeyboardSizeHelper.calculateMaxKeyboardBodyHeight():73 leave 257 height for app when ime window height:2145, header height:106 and isFullscreenMode:false, so the max keyboard body height is:1782
01-30 16:12:26.311 11288 11288 I GoogleInputMethodService: GoogleInputMethodService$1.onKeyboardViewShown():323 onKeyboardViewShown: keyboardType=prime, keyboardViewType=BODY keyboardView=com.google.android.libraries.inputmethod.widgets.SoftKeyboardView{b4aa4c1 V.E...... ........ 0,0-1080,698}
01-30 16:12:26.311 11288 11288 I BaseKeyboardSizeHelper: BaseKeyboardSizeHelper.calculateMaxKeyboardBodyHeight():73 leave 257 height for app when ime window height:2145, header height:106 and isFullscreenMode:false, so the max keyboard body height is:1782
01-30 16:12:26.312  9123  9156 I WindowManager: SURFACE show Surface(name=InputMethod)/@0x8a41cf on display:0
01-30 16:12:26.312 11288 11288 I GlobeKeyExtension: GlobeKeyExtension$1.onKeyboardViewShown():72 maybeDisableLanguageSwitchKeyPref when the keyboard is shown
01-30 16:12:26.312 11288 11288 I GlobeKeyExtension: GlobeKeyExtension.maybeDisableLanguageSwitchKeyPref():200 maybeDisableLanguageSwitchKeyPref hasGlobeKeyBeenDisabled: false, shouldDisableLanguageSwitchKey: false
01-30 16:12:26.312 11288 11288 I NewLanguagePromptExtension: NewLanguagePromptExtension$1.onKeyboardViewShown():88 Not show new language banner: not prime keyboard, or the extension not activated.
01-30 16:12:26.312 11288 11288 I KeyboardModeUtils: KeyboardModeUtils.getKeyboardBottomOffset():435 inch: 0.000000 ydpi: 393.614990 adjustKeyboardBottomByDisplaySize: false currentDensityDpi: 384 defaultDensityDpi: 384 keyboardBottomToScreenPx: 0 keyboardBottomToNavBarPx: -115 navBarHeight: 115
01-30 16:12:26.312 11288 11288 I BaseKeyboardSizeHelper: BaseKeyboardSizeHelper.calculateMaxKeyboardBodyHeight():73 leave 257 height for app when ime window height:2145, header height:106 and isFullscreenMode:false, so the max keyboard body height is:1782
01-30 16:12:26.312 11288 11288 I BaseKeyboardSizeHelper: BaseKeyboardSizeHelper.calculateMaxKeyboardBodyHeight():73 leave 257 height for app when ime window height:2145, header height:106 and isFullscreenMode:false, so the max keyboard body height is:1782
01-30 16:12:26.313 11288 11288 I KeyboardModeUtils: KeyboardModeUtils.getKeyboardBottomOffset():435 inch: 0.000000 ydpi: 393.614990 adjustKeyboardBottomByDisplaySize: false currentDensityDpi: 384 defaultDensityDpi: 384 keyboardBottomToScreenPx: 0 keyboardBottomToNavBarPx: -115 navBarHeight: 115
01-30 16:12:26.313 11288 11288 I BaseKeyboardSizeHelper: BaseKeyboardSizeHelper.calculateMaxKeyboardBodyHeight():73 leave 257 height for app when ime window height:2145, header height:106 and isFullscreenMode:false, so the max keyboard body height is:1782
01-30 16:12:26.313 11288 11288 I BaseKeyboardSizeHelper: BaseKeyboardSizeHelper.calculateMaxKeyboardBodyHeight():73 leave 257 height for app when ime window height:2145, header height:106 and isFullscreenMode:false, so the max keyboard body height is:1782
01-30 16:12:26.313 11288 11288 I AndroidIME: KeyboardViewManager.saveKeyboardBottomGap():296 windowHeight: 2145 windowHeightInInches: 5.585938
01-30 16:12:26.313 11288 11288 I AndroidIME: keyboardHolderHeight: 804 navigationHeight: 115
01-30 16:12:26.313 11288 11288 I AndroidIME: getKeyboardBodyViewHolderPaddingBottom(): 0
01-30 16:12:26.313 11288 11288 I AndroidIME: keyboardBottomGap: 115 bodyViewHolderBottomPadding: 0
01-30 16:12:26.313 11288 11288 I AndroidIME: decorViewStableInsetBottom: 115 updated: false
01-30 16:12:26.423 10473 10694 W CursorWindow: Window is full: requested allocation 60 bytes, free space 42 bytes, window size 2097152 bytes
01-30 16:12:26.594  1464  2240 D BufferPoolAccessor2.0: evictor expired: 1, evicted: 1
01-30 16:12:26.790 10473 10694 W CursorWindow: Window is full: requested allocation 60 bytes, free space 41 bytes, window size 2097152 bytes
01-30 16:12:27.090  9123  9367 D WifiStaIfaceHidlImpl: getCachedScanData is not implemented by HIDL
01-30 16:12:27.167 10473 10694 W CursorWindow: Window is full: requested allocation 63 bytes, free space 32 bytes, window size 2097152 bytes
01-30 16:12:27.579 10473 10694 W CursorWindow: Window is full: requested allocation 80 bytes, free space 32 bytes, window size 2097152 bytes
01-30 16:12:27.900  1040  1040 I QTI PowerHAL: Power setBoost: 0, duration: 0
01-30 16:12:27.902  1040  1040 I chatty  : uid=1000(system) android.hardwar identical 1 line
01-30 16:12:27.916  1040  1040 I QTI PowerHAL: Power setBoost: 0, duration: 0
01-30 16:12:27.926  1089  1089 D vendor.qti.vibrator: QTI Vibrator reporting capabilities: 3
01-30 16:12:27.926  1089  1089 D vendor.qti.vibrator: QTI Vibrator off
01-30 16:12:27.929  9123  9478 E VibratorService: Failed to issue command to vibrator HAL. Retrying.
01-30 16:12:27.929   685   685 I servicemanager: Found android.hardware.vibrator.IVibrator/default in device VINTF manifest.
01-30 16:12:27.931  9123  9478 E VibratorService: Failed to issue command to vibrator HAL. Retrying.
01-30 16:12:27.931   685   685 I servicemanager: Found android.hardware.vibrator.IVibrator/default in device VINTF manifest.
01-30 16:12:27.933  1040  1040 I QTI PowerHAL: Power setBoost: 0, duration: 0
01-30 16:12:27.934  1040  1040 I QTI PowerHAL: Power setBoost: 0, duration: 0
01-30 16:12:27.934  1089  1089 D vendor.qti.vibrator: Vibrator on for timeoutMs: 28
01-30 16:12:27.973  1089  1089 D vendor.qti.vibrator: QTI Vibrator off
01-30 16:12:27.975  1040  1040 I QTI PowerHAL: Power setBoost: 0, duration: 0
01-30 16:12:28.001  1040  1040 I chatty  : uid=1000(system) android.hardwar identical 4 lines
01-30 16:12:28.005  1040  1040 I QTI PowerHAL: Power setBoost: 0, duration: 0
01-30 16:12:28.006 23749 23749 V GlobalScreenshot: clearing screenshot: close system dialogs
01-30 16:12:28.006 23749 23749 V DisplayScreenshotSession: clearing screenshot: close system dialogs; is showing: false
01-30 16:12:28.009  9123  9154 I ActivityTaskManager: START u0 {act=android.intent.action.MAIN cat=[android.intent.category.HOME] flg=0x10000100 cmp=com.motorola.launcher3/com.android.launcher3.CustomizationPanelLauncher (has extras)} from uid 0
01-30 16:12:28.011  9123  9154 D ActivityTaskManager: getPreferredLaunchDisplay userset_displayid true current displayId -1
01-30 16:12:28.011  1040  1040 I QTI PowerHAL: Power setMode: 5 to: 1
01-30 16:12:28.011  9123  9154 D ActivityTaskManager: getPreferredLaunchDisplay userset_displayid true current displayId -1
01-30 16:12:28.014  9123  9154 V WindowManager: Changing focus from Window{445eb4d u0 com.termux/com.termux.app.TermuxActivity} to null displayId=0
01-30 16:12:28.016  9460  9460 V ShadeControllerImpl: NotificationShadeWindow: com.android.systemui.statusbar.phone.NotificationShadeWindowView{8348327 I.E...... ......ID 0,0-1080,2340} canPanelBeCollapsed(): false
01-30 16:12:28.017 10379 10379 W ThreadPoolForeg: type=1400 audit(0.0:6577): avc: denied { write } for name="traced_producer" dev="tmpfs" ino=34736 scontext=u:r:gmscore_app:s0:c512,c768 tcontext=u:object_r:traced_producer_socket:s0 tclass=sock_file permissive=0 app=com.google.android.gms
01-30 16:12:28.050   685   685 E SELinux : avc:  denied  { find } for pid=9123 uid=1000 name=payjoy_access_service scontext=u:r:system_server:s0 tcontext=u:object_r:default_android_service:s0 tclass=service_manager permissive=0
01-30 16:12:28.053  9123  9156 E SystemServiceRegistry: No service published for: payjoy_access_service
01-30 16:12:28.053  9123  9156 E SystemServiceRegistry: android.os.ServiceManager$ServiceNotFoundException: No service published for: payjoy_access_service
01-30 16:12:28.053  9123  9156 E SystemServiceRegistry: 	at android.os.ServiceManager.getServiceOrThrow(ServiceManager.java:153)
01-30 16:12:28.053  9123  9156 E SystemServiceRegistry: 	at android.app.SystemServiceRegistry$126.createService(SystemServiceRegistry.java:1694)
01-30 16:12:28.053  9123  9156 E SystemServiceRegistry: 	at android.app.SystemServiceRegistry$StaticServiceFetcher.getService(SystemServiceRegistry.java:1919)
01-30 16:12:28.053  9123  9156 E SystemServiceRegistry: 	at android.app.SystemServiceRegistry.getSystemService(SystemServiceRegistry.java:1517)
01-30 16:12:28.053  9123  9156 E SystemServiceRegistry: 	at android.app.ContextImpl.getSystemService(ContextImpl.java:1938)
01-30 16:12:28.053  9123  9156 E SystemServiceRegistry: 	at com.android.server.wm.ActivityStack.shouldSendPayJoyBroadcast(ActivityStack.java:3645)
01-30 16:12:28.053  9123  9156 E SystemServiceRegistry: 	at com.android.server.wm.ActivityStack.access$000(ActivityStack.java:188)
01-30 16:12:28.053  9123  9156 E SystemServiceRegistry: 	at com.android.server.wm.ActivityStack$ActivityStackHandler.handleMessage(ActivityStack.java:316)
01-30 16:12:28.053  9123  9156 E SystemServiceRegistry: 	at android.os.Handler.dispatchMessage(Handler.java:106)
01-30 16:12:28.053  9123  9156 E SystemServiceRegistry: 	at android.os.Looper.loop(Looper.java:250)
01-30 16:12:28.053  9123  9156 E SystemServiceRegistry: 	at android.os.HandlerThread.run(HandlerThread.java:67)
01-30 16:12:28.053  9123  9156 E SystemServiceRegistry: 	at com.android.server.ServiceThread.run(ServiceThread.java:44)
01-30 16:12:28.053  9123  9156 E SystemServiceRegistry: Manager wrapper not available: payjoy_access_service
01-30 16:12:28.065 24125 24125 I bpnz    : onStart
01-30 16:12:28.067 24125 24125 I bnlk    : (REDACTED) [%s] onStart()
01-30 16:12:28.067 24125 24125 I bnnp    : Reloading theme data
01-30 16:12:28.071 23749 23749 V GlobalScreenshot: clearing screenshot: close system dialogs
01-30 16:12:28.072  9460  9460 V ShadeControllerImpl: NotificationShadeWindow: com.android.systemui.statusbar.phone.NotificationShadeWindowView{8348327 I.E...... ......ID 0,0-1080,2340} canPanelBeCollapsed(): false
01-30 16:12:28.073 23749 23749 V DisplayScreenshotSession: clearing screenshot: close system dialogs; is showing: false
01-30 16:12:28.075 12575 12708 I BtGatt.ScanManager: msg.what = 6
01-30 16:12:28.076  9123 10547 V WindowManager: Changing focus from null to Window{f10780b u0 com.motorola.launcher3/com.android.launcher3.CustomizationPanelLauncher} displayId=0
01-30 16:12:28.076 24125 24125 I bpnz    : onResume
01-30 16:12:28.093  9123  9157 I WindowManager: SURFACE show Surface(name=com.android.systemui.ImageWallpaper)/@0x43df3eb on display:0
01-30 16:12:28.096  9123  9157 I LaunchCheckinHandler: Displayed com.motorola.launcher3/com.android.launcher3.CustomizationPanelLauncher,wp,wa,87
01-30 16:12:28.110  9123  9157 I WindowManager: SURFACE show Surface(name=com.motorola.launcher3/com.android.launcher3.CustomizationPanelLauncher)/@0xb32f2de on display:0
01-30 16:12:28.110  9123  9157 I WindowManager: SURFACE show Surface(name=com.motorola.launcher3/com.android.launcher3.CustomizationPanelLauncher)/@0x653cbf on display:0
01-30 16:12:28.113  9123  9165 D ArtManagerInternalImpl: /data/misc/iorapd/com.motorola.launcher3/30/com.android.launcher3.CustomizationPanelLauncher/compiled_traces/compiled_trace.pb doesn't exist
01-30 16:12:28.128  1040  1040 I QTI PowerHAL: Power setMode: 5 to: 0
01-30 16:12:28.142 11288 11288 I GoogleInputMethodService: GoogleInputMethodService.onFinishInputView():1577 onFinishInputView(false)
01-30 16:12:28.143 11288 11288 I GlobeKeyExtension: GlobeKeyExtension.onDeactivate():144 
01-30 16:12:28.143 11288 11288 W TooltipLifecycleManager: TooltipLifecycleManager.dismissTooltips():153 Tooltip with id SUGGESTION_VIEW_EDU_MINI_DIALOG not found in tooltipManager.
01-30 16:12:28.145 11288 11288 I VoiceInputManagerWrapper: VoiceInputManagerWrapper.shutdown():131 shutdown()
01-30 16:12:28.145 11288 15683 W InputConnectionWrapper: requestUpdateCursorAnchorInfo() was canceled before complete. Returning default: 0
01-30 16:12:28.147 11288 11288 I AndroidIME: AbstractIme.onDeactivate():213 PasswordIme.onDeactivate()
01-30 16:12:28.149  1143  1143 E Layer   : [Surface(name=Task=1)/@0x937b2a9 - animation-leash#0] No local sync point found
01-30 16:12:28.149  1143  1143 E Layer   : [Surface(name=Task=1)/@0x937b2a9 - animation-leash#0] No local sync point found
01-30 16:12:28.149  1143  1143 E Layer   : [Surface(name=Task=5523)/@0x6940385 - animation-leash#0] No local sync point found
01-30 16:12:28.149  1143  1143 E Layer   : [Surface(name=Task=5523)/@0x6940385 - animation-leash#0] No local sync point found
01-30 16:12:28.152 11288 11288 W TooltipLifecycleManager: TooltipLifecycleManager.dismissTooltips():153 Tooltip with id undo_access_point_promotion_banner not found in tooltipManager.
01-30 16:12:28.160 22060 22060 W IInputConnectionWrapper: requestCursorAnchorInfo on inactive InputConnection
01-30 16:12:28.175 11288 11288 I GoogleInputMethodService: GoogleInputMethodService.onFinishInput():2092 
01-30 16:12:28.176 11288 11288 I Module  : DeviceLockedStatusModuleProvider$Module.updateDeviceLockedStatus():103 repeatCheckTimes = 0, locked = false
01-30 16:12:28.178 11288 11288 I GoogleInputMethodService: GoogleInputMethodService.onStartInput():1349 onStartInput(EditorInfo{EditorInfo{packageName=com.motorola.launcher3, inputType=0, inputTypeString=NULL, enableLearning=false, autoCorrection=false, autoComplete=false, imeOptions=0, privateImeOptions=null, actionName=UNSPECIFIED, actionLabel=null, initialSelStart=-1, initialSelEnd=-1, initialCapsMode=0, label=null, fieldId=-1, fieldName=null, extras=null, hintText=null, hintLocales=[]}}, false)
01-30 16:12:28.181 11288 11288 I Module  : DeviceLockedStatusModuleProvider$Module.updateDeviceLockedStatus():103 repeatCheckTimes = 1, locked = false
01-30 16:12:28.192  9893  9913 W System  : A resource failed to call release. 
01-30 16:12:28.192  9893  9913 I chatty  : uid=10222(com.motorola.launcher3) FinalizerDaemon identical 1 line
01-30 16:12:28.192  9893  9913 W System  : A resource failed to call release. 
01-30 16:12:28.196 11288 11288 I KeyboardModeUtils: KeyboardModeUtils.getKeyboardBottomOffset():435 inch: 0.000000 ydpi: 393.614990 adjustKeyboardBottomByDisplaySize: false currentDensityDpi: 384 defaultDensityDpi: 384 keyboardBottomToScreenPx: 0 keyboardBottomToNavBarPx: -115 navBarHeight: 115
01-30 16:12:28.196 11288 11288 I BaseKeyboardSizeHelper: BaseKeyboardSizeHelper.calculateMaxKeyboardBodyHeight():73 leave 257 height for app when ime window height:2145, header height:106 and isFullscreenMode:false, so the max keyboard body height is:1782
01-30 16:12:28.196 11288 11288 I BaseKeyboardSizeHelper: BaseKeyboardSizeHelper.calculateMaxKeyboardBodyHeight():73 leave 257 height for app when ime window height:2145, header height:106 and isFullscreenMode:false, so the max keyboard body height is:1782
01-30 16:12:28.197 11288 11288 I WindowMetricsNotification: WindowMetricsNotification.notifyWithWindow():166 
01-30 16:12:28.200 11288 11288 I WindowMetricsNotification: WindowMetricsNotification.notify():159 pze[bounds=Rect(0, 80 - 1080, 2340), insets=Rect(0, 0 - 0, 115), densityDpi=384, smallestScreenWidthDp=449, displayWidth=1080, displayHeight=2340, xdpi=397.565, ydpi=393.615, isTrustable=true, displayId=0]; DisplayMetrics{density=2.4, width=1080, height=2340, scaledDensity=2.4, xdpi=397.565, ydpi=393.615}
01-30 16:12:28.232 11288 11288 W TooltipLifecycleManager: TooltipLifecycleManager.dismissTooltips():153 Tooltip with id undo_access_point_promotion_banner not found in tooltipManager.
01-30 16:12:28.296 10473 10694 W CursorWindow: Window is full: requested allocation 77 bytes, free space 68 bytes, window size 2097152 bytes
01-30 16:12:28.367  1040  1040 I QTI PowerHAL: Power setBoost: 0, duration: 0
01-30 16:12:28.449  1040  1040 I chatty  : uid=1000(system) android.hardwar identical 10 lines
01-30 16:12:28.458  1040  1040 I QTI PowerHAL: Power setBoost: 0, duration: 0
01-30 16:12:28.459  1040  1040 I QTI PowerHAL: Power setBoost: 0, duration: 2519
01-30 16:12:28.619  1040  1040 I QTI PowerHAL: Power setBoost: 0, duration: 0
01-30 16:12:28.704  1040  1040 I chatty  : uid=1000(system) android.hardwar identical 10 lines
01-30 16:12:28.709  1040  1040 I QTI PowerHAL: Power setBoost: 0, duration: 0
01-30 16:12:28.709  1040  1040 I QTI PowerHAL: Power setBoost: 0, duration: 2457
01-30 16:12:28.746 10473 10694 W CursorWindow: Window is full: requested allocation 60 bytes, free space 42 bytes, window size 2097152 bytes
01-30 16:12:29.120 10473 10694 W CursorWindow: Window is full: requested allocation 60 bytes, free space 41 bytes, window size 2097152 bytes
01-30 16:12:29.384  1040  1040 I QTI PowerHAL: Power setBoost: 0, duration: 0
01-30 16:12:29.489  9123 10974 I ActivityTaskManager: START u0 {act=android.intent.action.MAIN cat=[android.intent.category.LAUNCHER] flg=0x10200000 cmp=ru.zdevs.zarchiver/.ZArchiver bnds=[641,1975][844,2225]} from uid 10222
01-30 16:12:29.502  9123 10974 D ActivityTaskManager: getPreferredLaunchDisplay userset_displayid false current displayId -1
01-30 16:12:29.458  1040  1040 I chatty  : uid=1000(system) android.hardwar identical 6 lines
01-30 16:12:29.466  1040  1040 I QTI PowerHAL: Power setBoost: 0, duration: 0
01-30 16:12:29.502 10473 10694 W CursorWindow: Window is full: requested allocation 63 bytes, free space 32 bytes, window size 2097152 bytes
01-30 16:12:29.507  1040  1040 I QTI PowerHAL: Power setMode: 5 to: 1
01-30 16:12:29.503  9123 10974 I chatty  : uid=1000(system) Binder:9123_15 identical 1 line
01-30 16:12:29.505  9123 10974 D ActivityTaskManager: getPreferredLaunchDisplay userset_displayid false current displayId -1
01-30 16:12:29.524  9123  9156 D CompatibilityChangeReporter: Compat change id reported: 135634846; UID 10292; state: DISABLED
01-30 16:12:29.524  9123  9156 D CompatibilityChangeReporter: Compat change id reported: 135754954; UID 10292; state: ENABLED
01-30 16:12:29.524  9123  9167 D CompatibilityChangeReporter: Compat change id reported: 143937733; UID 10292; state: ENABLED
01-30 16:12:29.538  8958  8958 D Zygote  : Forked child process 25810
01-30 16:12:29.540  9123  9167 I ActivityManager: Start proc 25810:ru.zdevs.zarchiver/u0a292 for pre-top-activity {ru.zdevs.zarchiver/ru.zdevs.zarchiver.ZArchiver}
01-30 16:12:29.555  9123  9157 V WindowManager: Changing focus from Window{f10780b u0 com.motorola.launcher3/com.android.launcher3.CustomizationPanelLauncher} to null displayId=0
01-30 16:12:29.565 25810 25810 E zdevs.zarchive: Not starting debugger since process cannot load the jdwp agent.
01-30 16:12:29.592  9123  9157 I WindowManager: SURFACE show Surface(name=Splash Screen ru.zdevs.zarchiver)/@0xeaeb425 on display:0
01-30 16:12:29.602   685   685 E SELinux : avc:  denied  { find } for pid=9123 uid=1000 name=payjoy_access_service scontext=u:r:system_server:s0 tcontext=u:object_r:default_android_service:s0 tclass=service_manager permissive=0
01-30 16:12:29.602  9123  9156 E SystemServiceRegistry: No service published for: payjoy_access_service
01-30 16:12:29.602  9123  9156 E SystemServiceRegistry: android.os.ServiceManager$ServiceNotFoundException: No service published for: payjoy_access_service
01-30 16:12:29.602  9123  9156 E SystemServiceRegistry: 	at android.os.ServiceManager.getServiceOrThrow(ServiceManager.java:153)
01-30 16:12:29.602  9123  9156 E SystemServiceRegistry: 	at android.app.SystemServiceRegistry$126.createService(SystemServiceRegistry.java:1694)
01-30 16:12:29.602  9123  9156 E SystemServiceRegistry: 	at android.app.SystemServiceRegistry$StaticServiceFetcher.getService(SystemServiceRegistry.java:1919)
01-30 16:12:29.602  9123  9156 E SystemServiceRegistry: 	at android.app.SystemServiceRegistry.getSystemService(SystemServiceRegistry.java:1517)
01-30 16:12:29.602  9123  9156 E SystemServiceRegistry: 	at android.app.ContextImpl.getSystemService(ContextImpl.java:1938)
01-30 16:12:29.602  9123  9156 E SystemServiceRegistry: 	at com.android.server.wm.ActivityStack.shouldSendPayJoyBroadcast(ActivityStack.java:3645)
01-30 16:12:29.602  9123  9156 E SystemServiceRegistry: 	at com.android.server.wm.ActivityStack.access$000(ActivityStack.java:188)
01-30 16:12:29.602  9123  9156 E SystemServiceRegistry: 	at com.android.server.wm.ActivityStack$ActivityStackHandler.handleMessage(ActivityStack.java:316)
01-30 16:12:29.602  9123  9156 E SystemServiceRegistry: 	at android.os.Handler.dispatchMessage(Handler.java:106)
01-30 16:12:29.602  9123  9156 E SystemServiceRegistry: 	at android.os.Looper.loop(Looper.java:250)
01-30 16:12:29.602  9123  9156 E SystemServiceRegistry: 	at android.os.HandlerThread.run(HandlerThread.java:67)
01-30 16:12:29.602  9123  9156 E SystemServiceRegistry: 	at com.android.server.ServiceThread.run(ServiceThread.java:44)
01-30 16:12:29.603  9123  9156 E SystemServiceRegistry: Manager wrapper not available: payjoy_access_service
01-30 16:12:29.632  1143  1143 E Layer   : [Surface(name=Task=5527)/@0x1f434f0 - animation-leash#0] No local sync point found
01-30 16:12:29.632  1143  1143 E Layer   : [Surface(name=Task=5527)/@0x1f434f0 - animation-leash#0] No local sync point found
01-30 16:12:29.632  1143  1143 E Layer   : [Surface(name=Task=1)/@0x937b2a9 - animation-leash#0] No local sync point found
01-30 16:12:29.632  1143  1143 E Layer   : [Surface(name=Task=1)/@0x937b2a9 - animation-leash#0] No local sync point found
01-30 16:12:29.632 25810 25810 D NetworkSecurityConfig: No Network Security Config specified, using platform default
01-30 16:12:29.633 25810 25810 D NetworkSecurityConfig: No Network Security Config specified, using platform default
01-30 16:12:29.633 24125 24125 I bpnz    : onPause
01-30 16:12:29.638 25810 25810 D ShizukuProvider: Enable built-in multi-process support (from provider process)
01-30 16:12:29.638 25810 25810 D ShizukuProvider: Initialize Sui: false
01-30 16:12:29.653  1143  2562 W DisplayIdentification: Invalid EDID: falling back to serial number due to missing display name.
01-30 16:12:29.653  1143  2562 W DisplayIdentification: Invalid EDID: falling back to ASCII text due to missing serial number.
01-30 16:12:29.745 25810 25810 I StorageList: Found 1 storage
01-30 16:12:29.755  9123 11487 D CompatibilityChangeReporter: Compat change id reported: 135634846; UID 10292; state: DISABLED
01-30 16:12:29.755  9123 11487 D CompatibilityChangeReporter: Compat change id reported: 135754954; UID 10292; state: ENABLED
01-30 16:12:29.756  9123  9167 D CompatibilityChangeReporter: Compat change id reported: 143937733; UID 10292; state: ENABLED
01-30 16:12:29.776  8958  8958 D Zygote  : Forked child process 25838
01-30 16:12:29.777  9123  9165 W NotificationHistory: Attempted to remove conversation for locked/gone/disabled user 0
01-30 16:12:29.777  9123  9165 I chatty  : uid=1000(system) android.bg identical 2 lines
01-30 16:12:29.777  9123  9165 W NotificationHistory: Attempted to remove conversation for locked/gone/disabled user 0
01-30 16:12:29.778  9123  9167 I ActivityManager: Start proc 25838:ru.zdevs.zarchiver:service/u0a292 for service {ru.zdevs.zarchiver/ru.zdevs.zarchiver.service.ZArchiverService}
01-30 16:12:29.782  9123 11265 D CompatibilityChangeReporter: Compat change id reported: 149924527; UID 10292; state: ENABLED
01-30 16:12:29.787  9123 11487 D CompatibilityChangeReporter: Compat change id reported: 132649864; UID 10292; state: DISABLED
01-30 16:12:29.794  9123 11487 V WindowManager: Changing focus from null to Window{fc2c149 u0 ru.zdevs.zarchiver/ru.zdevs.zarchiver.ZArchiver} displayId=0
01-30 16:12:29.801 25810 25831 I AdrenoGLES-0: QUALCOMM build                   : e1ac91e, I2b3b5fbd00
01-30 16:12:29.801 25810 25831 I AdrenoGLES-0: Build Date                       : 11/17/20
01-30 16:12:29.801 25810 25831 I AdrenoGLES-0: OpenGL ES Shader Compiler Version: EV031.32.02.06
01-30 16:12:29.801 25810 25831 I AdrenoGLES-0: Local Branch                     : 
01-30 16:12:29.801 25810 25831 I AdrenoGLES-0: Remote Branch                    : 
01-30 16:12:29.801 25810 25831 I AdrenoGLES-0: Remote Branch                    : 
01-30 16:12:29.801 25810 25831 I AdrenoGLES-0: Reconstruct Branch               : 
01-30 16:12:29.801 25810 25831 I AdrenoGLES-0: Build Config                     : S P 10.0.7 AArch64
01-30 16:12:29.801 25810 25831 I AdrenoGLES-0: Driver Path                      : /vendor/lib64/egl/libGLESv2_adreno.so
01-30 16:12:29.803 25838 25838 E rchiver:servic: Not starting debugger since process cannot load the jdwp agent.
01-30 16:12:29.807 25810 25831 I AdrenoGLES-0: PFP: 0x016ee190, ME: 0x00000000
01-30 16:12:29.836  9123 11265 D CompatibilityChangeReporter: Compat change id reported: 136274596; UID 10292; state: ENABLED
01-30 16:12:29.846  9123  9157 I LaunchCheckinHandler: Displayed ru.zdevs.zarchiver/.ZArchiver,cp,ca,330
01-30 16:12:29.847  9123  9157 I WindowManager: SURFACE show Surface(name=ru.zdevs.zarchiver/ru.zdevs.zarchiver.ZArchiver)/@0x5a4cf14 on display:0
01-30 16:12:29.854  9123  9165 D ArtManagerInternalImpl: /data/misc/iorapd/ru.zdevs.zarchiver/101035/ru.zdevs.zarchiver.ZArchiver/compiled_traces/compiled_trace.pb doesn't exist
01-30 16:12:29.859  9123  9165 I ActivityTaskManager: Displayed ru.zdevs.zarchiver/.ZArchiver: +357ms
01-30 16:12:29.866  1040  1040 I QTI PowerHAL: Power setBoost: 0, duration: 0
01-30 16:12:29.876 11288 11288 I GoogleInputMethodService: GoogleInputMethodService.onFinishInput():2092 
01-30 16:12:29.879 11288 11288 I Module  : DeviceLockedStatusModuleProvider$Module.updateDeviceLockedStatus():103 repeatCheckTimes = 0, locked = false
01-30 16:12:29.880 25838 25838 D NetworkSecurityConfig: No Network Security Config specified, using platform default
01-30 16:12:29.880 25838 25838 D NetworkSecurityConfig: No Network Security Config specified, using platform default
01-30 16:12:29.881 11288 11288 I GoogleInputMethodService: GoogleInputMethodService.onStartInput():1349 onStartInput(EditorInfo{EditorInfo{packageName=ru.zdevs.zarchiver, inputType=0, inputTypeString=NULL, enableLearning=false, autoCorrection=false, autoComplete=false, imeOptions=0, privateImeOptions=null, actionName=UNSPECIFIED, actionLabel=null, initialSelStart=-1, initialSelEnd=-1, initialCapsMode=0, label=null, fieldId=-1, fieldName=null, extras=null, hintText=null, hintLocales=[]}}, false)
01-30 16:12:29.884 25838 25838 D ShizukuProvider: Enable built-in multi-process support (from non-provider process)
01-30 16:12:29.885 11288 11288 I Module  : DeviceLockedStatusModuleProvider$Module.updateDeviceLockedStatus():103 repeatCheckTimes = 1, locked = false
01-30 16:12:29.887  1040  1040 I QTI PowerHAL: Power setMode: 5 to: 0
01-30 16:12:29.884 25838 25838 D ShizukuProvider: request binder in non-provider process
01-30 16:12:29.893 12575 12708 I BtGatt.ScanManager: msg.what = 6
01-30 16:12:29.900 10473 10490 I ogle.android.a: Background young concurrent copying GC freed 192402(5215KB) AllocSpace objects, 0(0B) LOS objects, 8% free, 48MB/53MB, paused 6.743ms total 30.345ms
01-30 16:12:29.903 24125 24125 I bpnz    : onStop
01-30 16:12:29.919 25838 25838 I StorageList: Found 1 storage
01-30 16:12:29.923 25838 25838 D ZArchiverService: Service started
01-30 16:12:29.942 10473 10694 W CursorWindow: Window is full: requested allocation 80 bytes, free space 32 bytes, window size 2097152 bytes
01-30 16:12:29.966 25838 25856 I StorageList: Found 1 storage
01-30 16:12:30.078 10473 10490 I ogle.android.a: Background concurrent copying GC freed 273586(17MB) AllocSpace objects, 0(0B) LOS objects, 35% free, 43MB/67MB, paused 61us total 123.958ms
01-30 16:12:30.113  9123  9367 D WifiStaIfaceHidlImpl: getCachedScanData is not implemented by HIDL
01-30 16:12:30.626  1040  1040 I QTI PowerHAL: Power setBoost: 0, duration: 0
01-30 16:12:30.628 10473 10694 W CursorWindow: Window is full: requested allocation 77 bytes, free space 68 bytes, window size 2097152 bytes
01-30 16:12:30.632  1040  1040 I QTI PowerHAL: Power setBoost: 0, duration: 0
01-30 16:12:30.691  1040  1040 I chatty  : uid=1000(system) android.hardwar identical 4 lines
01-30 16:12:30.699  1040  1040 I QTI PowerHAL: Power setBoost: 0, duration: 0
01-30 16:12:31.079 10473 10694 W CursorWindow: Window is full: requested allocation 60 bytes, free space 42 bytes, window size 2097152 bytes
01-30 16:12:31.446 10473 10694 W CursorWindow: Window is full: requested allocation 60 bytes, free space 41 bytes, window size 2097152 bytes
01-30 16:12:31.594 22060 22160 D BufferPoolAccessor2.0: bufferpool2 0xb4000077ec4be528 : 0(0 size) total buffers - 0(0 size) used buffers - 3/9 (recycle/alloc) - 6/24 (fetch/transfer)
01-30 16:12:31.594  1464  2240 D BufferPoolAccessor2.0: bufferpool2 0xb4000074e006d758 : 0(0 size) total buffers - 0(0 size) used buffers - 6/10 (recycle/alloc) - 4/9 (fetch/transfer)
01-30 16:12:31.594  1464  2240 D BufferPoolAccessor2.0: evictor expired: 3, evicted: 1
01-30 16:12:31.594 22060 22160 D BufferPoolAccessor2.0: evictor expired: 1, evicted: 1
01-30 16:12:31.784  1040  1040 I QTI PowerHAL: Power setBoost: 0, duration: 0
01-30 16:12:31.787  1040  1040 I QTI PowerHAL: Power setBoost: 0, duration: 0
01-30 16:12:31.829 10473 10694 W CursorWindow: Window is full: requested allocation 63 bytes, free space 32 bytes, window size 2097152 bytes
01-30 16:12:31.850  1040  1040 I QTI PowerHAL: Power setBoost: 0, duration: 0
01-30 16:12:31.968  9123 11265 V WindowManager: Changing focus from Window{fc2c149 u0 ru.zdevs.zarchiver/ru.zdevs.zarchiver.ZArchiver} to Window{a869829 u0 ru.zdevs.zarchiver/ru.zdevs.zarchiver.ZArchiver} displayId=0
01-30 16:12:32.003  9123  9157 I WindowManager: SURFACE show Surface(name=ru.zdevs.zarchiver/ru.zdevs.zarchiver.ZArchiver)/@0xa24ce86 on display:0
01-30 16:12:32.016  1040  1040 I chatty  : uid=1000(system) android.hardwar identical 4 lines
01-30 16:12:32.018  1040  1040 I QTI PowerHAL: Power setBoost: 0, duration: 0
01-30 16:12:32.039 11288 11288 I GoogleInputMethodService: GoogleInputMethodService.onFinishInput():2092 
01-30 16:12:32.040 11288 11288 I Module  : DeviceLockedStatusModuleProvider$Module.updateDeviceLockedStatus():103 repeatCheckTimes = 0, locked = false
01-30 16:12:32.041 11288 11288 I GoogleInputMethodService: GoogleInputMethodService.onStartInput():1349 onStartInput(EditorInfo{EditorInfo{packageName=ru.zdevs.zarchiver, inputType=0, inputTypeString=NULL, enableLearning=false, autoCorrection=false, autoComplete=false, imeOptions=0, privateImeOptions=null, actionName=UNSPECIFIED, actionLabel=null, initialSelStart=-1, initialSelEnd=-1, initialCapsMode=0, label=null, fieldId=-1, fieldName=null, extras=null, hintText=null, hintLocales=[]}}, false)
01-30 16:12:32.042 11288 11288 I Module  : DeviceLockedStatusModuleProvider$Module.updateDeviceLockedStatus():103 repeatCheckTimes = 1, locked = false
01-30 16:12:32.176  1040  1040 I QTI PowerHAL: Power setBoost: 0, duration: 0
01-30 16:12:32.179  1040  1040 I chatty  : uid=1000(system) android.hardwar identical 1 line
01-30 16:12:32.183  1040  1040 I QTI PowerHAL: Power setBoost: 0, duration: 0
01-30 16:12:32.184  9123  9276 W InputDispatcher: Window Window{a869829 u0 ru.zdevs.zarchiver/ru.zdevs.zarchiver.ZArchiver} already unregistered input channel
01-30 16:12:32.186  9123 11265 V WindowManager: Changing focus from Window{a869829 u0 ru.zdevs.zarchiver/ru.zdevs.zarchiver.ZArchiver EXITING} to Window{fc2c149 u0 ru.zdevs.zarchiver/ru.zdevs.zarchiver.ZArchiver} displayId=0
01-30 16:12:32.195 25810 25810 W InputEventReceiver: Attempted to finish an input event but the input event receiver has already been disposed.
01-30 16:12:32.199  1040  1040 I QTI PowerHAL: Power setBoost: 0, duration: 0
01-30 16:12:32.208  1040  1040 I chatty  : uid=1000(system) android.hardwar identical 2 lines
01-30 16:12:32.215  1040  1040 I QTI PowerHAL: Power setBoost: 0, duration: 0
01-30 16:12:32.223 11288 11288 I GoogleInputMethodService: GoogleInputMethodService.onFinishInput():2092 
01-30 16:12:32.224 11288 11288 I Module  : DeviceLockedStatusModuleProvider$Module.updateDeviceLockedStatus():103 repeatCheckTimes = 0, locked = false
01-30 16:12:32.225 11288 11288 I GoogleInputMethodService: GoogleInputMethodService.onStartInput():1349 onStartInput(EditorInfo{EditorInfo{packageName=ru.zdevs.zarchiver, inputType=0, inputTypeString=NULL, enableLearning=false, autoCorrection=false, autoComplete=false, imeOptions=0, privateImeOptions=null, actionName=UNSPECIFIED, actionLabel=null, initialSelStart=-1, initialSelEnd=-1, initialCapsMode=0, label=null, fieldId=-1, fieldName=null, extras=null, hintText=null, hintLocales=[]}}, false)
01-30 16:12:32.226 11288 11288 I Module  : DeviceLockedStatusModuleProvider$Module.updateDeviceLockedStatus():103 repeatCheckTimes = 1, locked = false
01-30 16:12:32.233 10473 10694 W CursorWindow: Window is full: requested allocation 80 bytes, free space 32 bytes, window size 2097152 bytes
01-30 16:12:32.459  1040  1040 I QTI PowerHAL: Power setBoost: 0, duration: 0
01-30 16:12:32.625  9123 10547 V WindowManager: Changing focus from Window{fc2c149 u0 ru.zdevs.zarchiver/ru.zdevs.zarchiver.ZArchiver} to Window{fca9b4b u0 ru.zdevs.zarchiver/ru.zdevs.zarchiver.ZArchiver} displayId=0
01-30 16:12:32.680  9123  9157 I WindowManager: SURFACE show Surface(name=ru.zdevs.zarchiver/ru.zdevs.zarchiver.ZArchiver)/@0x84128c3 on display:0
01-30 16:12:32.683  1040  1040 I chatty  : uid=1000(system) android.hardwar identical 11 lines
01-30 16:12:32.685  1040  1040 I QTI PowerHAL: Power setBoost: 0, duration: 0
01-30 16:12:32.693 11288 11288 I GoogleInputMethodService: GoogleInputMethodService.onFinishInput():2092 
01-30 16:12:32.695 11288 11288 I Module  : DeviceLockedStatusModuleProvider$Module.updateDeviceLockedStatus():103 repeatCheckTimes = 0, locked = false
01-30 16:12:32.696 11288 11288 I GoogleInputMethodService: GoogleInputMethodService.onStartInput():1349 onStartInput(EditorInfo{EditorInfo{packageName=ru.zdevs.zarchiver, inputType=0, inputTypeString=NULL, enableLearning=false, autoCorrection=false, autoComplete=false, imeOptions=0, privateImeOptions=null, actionName=UNSPECIFIED, actionLabel=null, initialSelStart=-1, initialSelEnd=-1, initialCapsMode=0, label=null, fieldId=-1, fieldName=null, extras=null, hintText=null, hintLocales=[]}}, false)
01-30 16:12:32.698 11288 11288 I Module  : DeviceLockedStatusModuleProvider$Module.updateDeviceLockedStatus():103 repeatCheckTimes = 1, locked = false
01-30 16:12:32.859  1040  1040 I QTI PowerHAL: Power setBoost: 0, duration: 0
01-30 16:12:32.862  1040  1040 I QTI PowerHAL: Power setBoost: 0, duration: 0
01-30 16:12:32.865  1089  1089 D vendor.qti.vibrator: QTI Vibrator reporting capabilities: 3
01-30 16:12:32.866  1089  1089 D vendor.qti.vibrator: QTI Vibrator off
01-30 16:12:32.867  1040  1040 I QTI PowerHAL: Power setBoost: 0, duration: 0
01-30 16:12:32.872  9123 11487 E VibratorService: Failed to issue command to vibrator HAL. Retrying.
01-30 16:12:32.872   685   685 I servicemanager: Found android.hardware.vibrator.IVibrator/default in device VINTF manifest.
01-30 16:12:32.873  9123 11487 E VibratorService: Failed to issue command to vibrator HAL. Retrying.
01-30 16:12:32.873   685   685 I servicemanager: Found android.hardware.vibrator.IVibrator/default in device VINTF manifest.
01-30 16:12:32.875  1040  1040 I QTI PowerHAL: Power setBoost: 0, duration: 0
01-30 16:12:32.876  1089  1089 D vendor.qti.vibrator: Vibrator on for timeoutMs: 28
01-30 16:12:32.883  1040  1040 I QTI PowerHAL: Power setBoost: 0, duration: 0
01-30 16:12:32.891  1040  1040 I QTI PowerHAL: Power setBoost: 0, duration: 0
01-30 16:12:32.919  1089  1089 D vendor.qti.vibrator: QTI Vibrator off
01-30 16:12:32.933  1040  1040 I QTI PowerHAL: Power setBoost: 0, duration: 0
01-30 16:12:32.958 10473 10694 W CursorWindow: Window is full: requested allocation 77 bytes, free space 68 bytes, window size 2097152 bytes
01-30 16:12:32.958  1040  1040 I QTI PowerHAL: Power setBoost: 0, duration: 0
01-30 16:12:32.975  1040  1040 I chatty  : uid=1000(system) android.hardwar identical 3 lines
01-30 16:12:32.978  1040  1040 I QTI PowerHAL: Power setBoost: 0, duration: 0
01-30 16:12:32.984 23749 23749 V GlobalScreenshot: clearing screenshot: close system dialogs
01-30 16:12:32.985 23749 23749 V DisplayScreenshotSession: clearing screenshot: close system dialogs; is showing: false
01-30 16:12:32.986  9460  9460 V ShadeControllerImpl: NotificationShadeWindow: com.android.systemui.statusbar.phone.NotificationShadeWindowView{8348327 I.E...... ......ID 0,0-1080,2340} canPanelBeCollapsed(): false
01-30 16:12:32.991  9123 11487 I ActivityTaskManager: START u0 {act=android.intent.action.MAIN cat=[android.intent.category.HOME] flg=0x10000000 pkg=com.motorola.launcher3 cmp=com.motorola.launcher3/com.android.launcher3.CustomizationPanelLauncher (has extras)} from uid 10222
01-30 16:12:32.993  9123 11487 D ActivityTaskManager: getPreferredLaunchDisplay userset_displayid false current displayId -1
01-30 16:12:32.995  1040  1040 I QTI PowerHAL: Power setMode: 5 to: 1
01-30 16:12:32.993  9123 11487 D ActivityTaskManager: getPreferredLaunchDisplay userset_displayid false current displayId -1
01-30 16:12:32.997  9123 11487 V WindowManager: Changing focus from Window{fca9b4b u0 ru.zdevs.zarchiver/ru.zdevs.zarchiver.ZArchiver} to null displayId=0
01-30 16:12:33.015  1040  1040 I QTI PowerHAL: Power setBoost: 0, duration: 0
01-30 16:12:33.017  1040  1040 I QTI PowerHAL: Power setBoost: 0, duration: 0
01-30 16:12:33.043 24125 24125 I bpnz    : onStart
01-30 16:12:33.045 24125 24125 I bnlk    : (REDACTED) [%s] onStart()
01-30 16:12:33.045 24125 24125 I bnnp    : Reloading theme data
01-30 16:12:33.046  9893  9893 D RecentsOrientedState: current RecentsOrientedState: [this=RecentsOrientedState@fb061b2 mOrientationHandler=PortraitPagedViewHandler@d8a0503 mDisplayRotation=0 mTouchRotation=0 mRecentsActivityRotation=0 isRecentsActivityRotationAllowed=false mSystemRotation=false mFlags=291]
01-30 16:12:33.046  9893  9893 D RecentsOrientedState: current RecentsOrientedState: [this=RecentsOrientedState@fb061b2 mOrientationHandler=PortraitPagedViewHandler@d8a0503 mDisplayRotation=0 mTouchRotation=0 mRecentsActivityRotation=0 isRecentsActivityRotationAllowed=false mSystemRotation=false mFlags=291]
01-30 16:12:33.048 12575 12708 I BtGatt.ScanManager: msg.what = 6
01-30 16:12:33.057   685   685 E SELinux : avc:  denied  { find } for pid=9123 uid=1000 name=payjoy_access_service scontext=u:r:system_server:s0 tcontext=u:object_r:default_android_service:s0 tclass=service_manager permissive=0
